GAMS 25.1.3  r4e34d435fbd Released Oct 30, 2018 WEX-WEI x86 64bit/MS Windows - 11/21/20 18:38:59 Page 1
G e n e r a l   A l g e b r a i c   M o d e l i n g   S y s t e m
C o m p i l a t i o n


   1  **********************************
   2  *** MODEL SETTINGS
   3  **********************************
      $TITLE    REDUCED OUTPUT 
      $inlinecom /* */
       
      /* Turn off the listing of the input file */
      $offlisting
       
      /* Turn off the listing and cross-reference of the symbols used */
      $offsymxref offsymlist
       
      option
          limrow = 0,     
          limcol = 0, 
          solprint = off,    
          sysout = off; 
  20   
  21   
  22  **********************************
  23  *** LOAD FILES and MODEL
  24  **********************************
INCLUDE    C:\Users\Johannes\Documents\PhD\06Research\Paper2\Tools\SupplyChain_Optimization\GAMS\H2forEU_SupplyChain_setup.gms
GDXIN   C:\Users\Johannes\Documents\PhD\06Research\Paper2\Tools\SupplyChain_Optimization\GAMS\gdx/ITERATION.gdx
  27  SET ITERATION;
--- LOAD  ITERATION = 1:ITERATION
  29  *display ITERATION
  30   
  31  *SET ITERATION /1/
  32   
GDXIN   C:\Users\Johannes\Documents\PhD\06Research\Paper2\Tools\SupplyChain_Optimization\GAMS\gdx/YEAR.gdx
  34  SET YEAR;
--- LOAD  YEAR = 1:YEAR
  36  *display YEAR
  37   
GDXIN   C:\Users\Johannes\Documents\PhD\06Research\Paper2\Tools\SupplyChain_Optimization\GAMS\gdx/COUNTRY.gdx
  39  SET COUNTRY;
--- LOAD  COUNTRY = 1:COUNTRY
  41  *display COUNTRY
  42   
GDXIN   C:\Users\Johannes\Documents\PhD\06Research\Paper2\Tools\SupplyChain_Optimization\GAMS\gdx/COUNTRY_EXPORT.gdx
  44  SET COUNTRY_EXPORT(COUNTRY);
--- LOAD  COUNTRY_EXPORT = 1:COUNTRY_EXPORT
  46  *display COUNTRY_EXPORT
  47   
GDXIN   C:\Users\Johannes\Documents\PhD\06Research\Paper2\Tools\SupplyChain_Optimization\GAMS\gdx/COUNTRY_IMPORT.gdx
  49  SET COUNTRY_IMPORT(COUNTRY);
--- LOAD  COUNTRY_IMPORT = 1:COUNTRY_IMPORT
  51  *display COUNTRY_IMPORT
  52   
GDXIN   C:\Users\Johannes\Documents\PhD\06Research\Paper2\Tools\SupplyChain_Optimization\GAMS\gdx/NODE_PRODUCTION.gdx
  54  SET NODE_PRODUCTION;
--- LOAD  NODE_PRODUCTION = 1:NODE_PRODUCTION
  56  *display NODE_PRODUCTION
  57   
GDXIN   C:\Users\Johannes\Documents\PhD\06Research\Paper2\Tools\SupplyChain_Optimization\GAMS\gdx/NODE_EXPORT.gdx
  59  SET NODE_EXPORT;
--- LOAD  NODE_EXPORT = 1:NODE_EXPORT
  61  *display NODE_EXPORT
  62   
GDXIN   C:\Users\Johannes\Documents\PhD\06Research\Paper2\Tools\SupplyChain_Optimization\GAMS\gdx/NODE_IMPORT.gdx
  64  SET NODE_IMPORT;
--- LOAD  NODE_IMPORT = 1:NODE_IMPORT
  66  *display NODE_IMPORT
  67   
GDXIN   C:\Users\Johannes\Documents\PhD\06Research\Paper2\Tools\SupplyChain_Optimization\GAMS\gdx/PATH.gdx
  69  SET PATH;
--- LOAD  PATH = 1:PATH
  71  *display PATH
  72   
GDXIN   C:\Users\Johannes\Documents\PhD\06Research\Paper2\Tools\SupplyChain_Optimization\GAMS\gdx/TRANSPORT_NATIONAL.gdx
  74  SET TRANSPORT_NATIONAL;
--- LOAD  TRANSPORT_NATIONAL = 1:TRANSPORT_NATIONAL
  76  *display TRANSPORT_NATIONAL
  77   
GDXIN   C:\Users\Johannes\Documents\PhD\06Research\Paper2\Tools\SupplyChain_Optimization\GAMS\gdx/TRANSPORT_INTERNATIONAL.gdx
  79  SET TRANSPORT_INTERNATIONAL;
--- LOAD  TRANSPORT_INTERNATIONAL = 1:TRANSPORT_INTERNATIONAL
  81  *display TRANSPORT_INTERNATIONAL
  82   
GDXIN   C:\Users\Johannes\Documents\PhD\06Research\Paper2\Tools\SupplyChain_Optimization\GAMS\gdx/TRANSPORT_CONVERSION.gdx
  84  SET TRANSPORT_CONVERSION;
--- LOAD  TRANSPORT_CONVERSION = 1:TRANSPORT_CONVERSION
  86  *display TRANSPORT_CONVERSION
  87   
GDXIN   C:\Users\Johannes\Documents\PhD\06Research\Paper2\Tools\SupplyChain_Optimization\GAMS\gdx/SOURCE.gdx
  89  SET SOURCE;
--- LOAD  SOURCE = 1:SOURCE
  91  *display SOURCE
  92   
GDXIN   C:\Users\Johannes\Documents\PhD\06Research\Paper2\Tools\SupplyChain_Optimization\GAMS\gdx/SOURCE_VRES.gdx
  94  SET SOURCE_VRES(SOURCE);
--- LOAD  SOURCE_VRES = 1:SOURCE_VRES
  96  *display SOURCE_VRES
  97   
GDXIN   C:\Users\Johannes\Documents\PhD\06Research\Paper2\Tools\SupplyChain_Optimization\GAMS\gdx/SOURCE_NON_VRES.gdx
  99  SET SOURCE_NON_VRES(SOURCE);
--- LOAD  SOURCE_NON_VRES = 1:SOURCE_NON_VRES
 101  *display SOURCE_NON_VRES
 102   
GDXIN   C:\Users\Johannes\Documents\PhD\06Research\Paper2\Tools\SupplyChain_Optimization\GAMS\gdx/TECHNOLOGY.gdx
 104  SET TECHNOLOGY;
--- LOAD  TECHNOLOGY = 1:TECHNOLOGY
 106  *display TECHNOLOGY
 107   
GDXIN   C:\Users\Johannes\Documents\PhD\06Research\Paper2\Tools\SupplyChain_Optimization\GAMS\gdx/ENERGY_TYPE.gdx
 109  SET ENERGY_TYPE;
--- LOAD  ENERGY_TYPE = 1:ENERGY_TYPE
 111  *display ENERGY_TYPE
 112   
GDXIN   C:\Users\Johannes\Documents\PhD\06Research\Paper2\Tools\SupplyChain_Optimization\GAMS\gdx/H2_SYSTEM.gdx
 114  SET H2_SYSTEM;
--- LOAD  H2_SYSTEM = 1:H2_SYSTEM
 116  *display H2_SYSTEM
 117   
 118   
 119  ***** LINKS
GDXIN   C:\Users\Johannes\Documents\PhD\06Research\Paper2\Tools\SupplyChain_Optimization\GAMS\gdx/LINK_ITERATION_YEAR.gdx
 121  SET LINK_ITERATION_YEAR(ITERATION,YEAR);
--- LOAD  LINK_ITERATION_YEAR = 1:LINK_ITERATION_YEAR
 123  *display LINK_ITERATION_YEAR
 124   
GDXIN   C:\Users\Johannes\Documents\PhD\06Research\Paper2\Tools\SupplyChain_Optimization\GAMS\gdx/LINK_SOURCE_ENERGY_TYPE.gdx
 126  SET LINK_SOURCE_ENERGY_TYPE(SOURCE,ENERGY_TYPE);
--- LOAD  LINK_SOURCE_ENERGY_TYPE = 1:LINK_SOURCE_ENERGY_TYPE
 128  *display LINK_SOURCE_ENERGY_TYPE
 129   
GDXIN   C:\Users\Johannes\Documents\PhD\06Research\Paper2\Tools\SupplyChain_Optimization\GAMS\gdx/LINK_SOURCE_TECHNOLOGY.gdx
 131  SET LINK_SOURCE_TECHNOLOGY(SOURCE,TECHNOLOGY);
--- LOAD  LINK_SOURCE_TECHNOLOGY = 1:LINK_SOURCE_TECHNOLOGY
 133  *display LINK_SOURCE_TECHNOLOGY
 134   
GDXIN   C:\Users\Johannes\Documents\PhD\06Research\Paper2\Tools\SupplyChain_Optimization\GAMS\gdx/LINK_COUNTRY_NODE_PRODUCTION.gdx
 136  SET LINK_COUNTRY_NODE_PRODUCTION(COUNTRY,NODE_PRODUCTION);
--- LOAD  LINK_COUNTRY_NODE_PRODUCTION = 1:LINK_COUNTRY_NODE_PRODUCTION
 138  *display LINK_COUNTRY_NODE_PRODUCTION
 139   
GDXIN   C:\Users\Johannes\Documents\PhD\06Research\Paper2\Tools\SupplyChain_Optimization\GAMS\gdx/LINK_PATH_NODE_PRODUCTION.gdx
 141  SET LINK_PATH_NODE_PRODUCTION(PATH,NODE_PRODUCTION);
--- LOAD  LINK_PATH_NODE_PRODUCTION = 1:LINK_PATH_NODE_PRODUCTION
 143  *display LINK_PATH_NODE_PRODUCTION
 144   
GDXIN   C:\Users\Johannes\Documents\PhD\06Research\Paper2\Tools\SupplyChain_Optimization\GAMS\gdx/LINK_PATH_NODE_EXPORT.gdx
 146  SET LINK_PATH_NODE_EXPORT(PATH,NODE_EXPORT);
--- LOAD  LINK_PATH_NODE_EXPORT = 1:LINK_PATH_NODE_EXPORT
 148  *display LINK_PATH_NODE_EXPORT
 149   
GDXIN   C:\Users\Johannes\Documents\PhD\06Research\Paper2\Tools\SupplyChain_Optimization\GAMS\gdx/LINK_PATH_NODE_IMPORT.gdx
 151  SET LINK_PATH_NODE_IMPORT(PATH,NODE_IMPORT);
--- LOAD  LINK_PATH_NODE_IMPORT = 1:LINK_PATH_NODE_IMPORT
 153  *display LINK_PATH_NODE_IMPORT
 154   
GDXIN   C:\Users\Johannes\Documents\PhD\06Research\Paper2\Tools\SupplyChain_Optimization\GAMS\gdx/LINK_PATH_TRANSPORT_NATIONAL.gdx
 156  SET LINK_PATH_TRANSPORT_NATIONAL(PATH,TRANSPORT_NATIONAL);
--- LOAD  LINK_PATH_TRANSPORT_NATIONAL = 1:LINK_PATH_TRANSPORT_NATIONAL
 158  *display LINK_PATH_TRANSPORT_NATIONAL
 159   
GDXIN   C:\Users\Johannes\Documents\PhD\06Research\Paper2\Tools\SupplyChain_Optimization\GAMS\gdx/LINK_PATH_TRANSPORT_INTERNATIONAL.gdx
 161  SET LINK_PATH_TRANSPORT_INTERNATIONAL(PATH,TRANSPORT_INTERNATIONAL);
--- LOAD  LINK_PATH_TRANSPORT_INTERNATIONAL = 1:LINK_PATH_TRANSPORT_INTERNATIONAL
 163  *display LINK_PATH_TRANSPORT_INTERNATIONAL
 164   
GDXIN   C:\Users\Johannes\Documents\PhD\06Research\Paper2\Tools\SupplyChain_Optimization\GAMS\gdx/LINK_PATH_CONVERSION.gdx
 166  SET LINK_PATH_CONVERSION(PATH,TRANSPORT_CONVERSION);
--- LOAD  LINK_PATH_CONVERSION = 1:LINK_PATH_CONVERSION
 168  display LINK_PATH_CONVERSION
 169   
GDXIN   C:\Users\Johannes\Documents\PhD\06Research\Paper2\Tools\SupplyChain_Optimization\GAMS\gdx/LINK_PATH_CONVERSION_NATIONAL.gdx
 171  SET LINK_PATH_CONVERSION_NATIONAL(PATH,TRANSPORT_CONVERSION);
--- LOAD  LINK_PATH_CONVERSION_NATIONAL = 1:LINK_PATH_CONVERSION_NATIONAL
 173  *display LINK_PATH_CONVERSION_NATIONAL
 174   
GDXIN   C:\Users\Johannes\Documents\PhD\06Research\Paper2\Tools\SupplyChain_Optimization\GAMS\gdx/LINK_PATH_CONVERSION_INTERNATIONAL.gdx
 176  SET LINK_PATH_CONVERSION_INTERNATIONAL(PATH,TRANSPORT_CONVERSION);
--- LOAD  LINK_PATH_CONVERSION_INTERNATIONAL = 1:LINK_PATH_CONVERSION_INTERNATIONAL
 178  *display LINK_PATH_CONVERSION_INTERNATIONAL
 179   
 180   
GDXIN   C:\Users\Johannes\Documents\PhD\06Research\Paper2\Tools\SupplyChain_Optimization\GAMS\gdx/LINK_H2_SYSTEM_ENERGY_TYPE.gdx
 182  SET LINK_H2_SYSTEM_ENERGY_TYPE(H2_SYSTEM,ENERGY_TYPE);
--- LOAD  LINK_H2_SYSTEM_ENERGY_TYPE = 1:LINK_H2_SYSTEM_ENERGY_TYPE
 184  *display LINK_H2_SYSTEM_ENERGY_TYPE
 185   
GDXIN   C:\Users\Johannes\Documents\PhD\06Research\Paper2\Tools\SupplyChain_Optimization\GAMS\gdx/LINK_H2_SYSTEM_SOURCE.gdx
 187  SET LINK_H2_SYSTEM_SOURCE(H2_SYSTEM,SOURCE);
--- LOAD  LINK_H2_SYSTEM_SOURCE = 1:LINK_H2_SYSTEM_SOURCE
 189  *display LINK_H2_SYSTEM_SOURCE
 190   
GDXIN   C:\Users\Johannes\Documents\PhD\06Research\Paper2\Tools\SupplyChain_Optimization\GAMS\gdx/LINK_H2_SYSTEM_TECHNOLOGY.gdx
 192  SET LINK_H2_SYSTEM_TECHNOLOGY(H2_SYSTEM,TECHNOLOGY);
--- LOAD  LINK_H2_SYSTEM_TECHNOLOGY = 1:LINK_H2_SYSTEM_TECHNOLOGY
 194  *display LINK_H2_SYSTEM_TECHNOLOGY
 195   
GDXIN   C:\Users\Johannes\Documents\PhD\06Research\Paper2\Tools\SupplyChain_Optimization\GAMS\gdx/LINK_H2_SYSTEM_COUNTRY.gdx
 197  SET LINK_H2_SYSTEM_COUNTRY(H2_SYSTEM,COUNTRY);
--- LOAD  LINK_H2_SYSTEM_COUNTRY = 1:LINK_H2_SYSTEM_COUNTRY
 199  *display LINK_H2_SYSTEM_COUNTRY
 200   
GDXIN   C:\Users\Johannes\Documents\PhD\06Research\Paper2\Tools\SupplyChain_Optimization\GAMS\gdx/LINK_H2_SYSTEM_NODE_PRODUCTION.gdx
 202  SET LINK_H2_SYSTEM_NODE_PRODUCTION(H2_SYSTEM,NODE_PRODUCTION);
--- LOAD  LINK_H2_SYSTEM_NODE_PRODUCTION = 1:LINK_H2_SYSTEM_NODE_PRODUCTION
 204  *display LINK_H2_SYSTEM_NODE_PRODUCTION
 205   
 206   
 207  *** Temporal
 208  SET i_YEAR(YEAR);
 209   
 210   
 211  Parameter
 212  r_CostTotal(YEAR)
 213  r_CostTransport(YEAR)
 214  r_CostTransportNational(YEAR)
 215  r_CostTransportInternational(YEAR)
 216  r_CostTransportConversion(YEAR)
 217   
 218  r_CostProduction(YEAR)
 219  r_CostTotalDummy(YEAR)
 220  r_ProductionNode(YEAR, NODE_PRODUCTION)
 221  r_ProductionH2System(YEAR, H2_SYSTEM)
 222  r_ProductionDummy(YEAR, NODE_IMPORT)
 223  r_ProductionDummyEU(YEAR)
 224   
 225   
 226  r_H2_system(YEAR, H2_SYSTEM, COUNTRY, NODE_PRODUCTION, SOURCE, ENERGY_TYPE, TECHNOLOGY)
 227  r_Path(YEAR, PATH, Node_PRODUCTION, TRANSPORT_NATIONAL, NODE_EXPORT, TRANSPORT_INTERNATIONAL, NODE_IMPORT)
 228  r_Supply(YEAR, H2_SYSTEM, PATH, COUNTRY, SOURCE, TECHNOLOGY, Node_PRODUCTION, TRANSPORT_NATIONAL, NODE_EXPORT, TRANSPORT_INTERNATIONAL, NODE_IMPORT)
 229   
 230  ;
 231   
INCLUDE    C:\Users\Johannes\Documents\PhD\06Research\Paper2\Tools\SupplyChain_Optimization\GAMS\H2forEU_SupplyChain_data.gms
 233  *$INCLUDE H2forEU_SupplyChain_setup.gms
 234   
 235   
 236   
 237  Parameter p_production_limit_country(YEAR, COUNTRY, ENERGY_TYPE);
GDXIN   C:\Users\Johannes\Documents\PhD\06Research\Paper2\Tools\SupplyChain_Optimization\GAMS\gdx/p_production_limit_country.gdx
--- LOAD  p_production_limit_country = 1:p_production_limit_country
 240  *$gdxin
 241   
 242   
 243  Parameter p_production_limit_volume_node(YEAR, NODE_PRODUCTION, ENERGY_TYPE);
GDXIN   C:\Users\Johannes\Documents\PhD\06Research\Paper2\Tools\SupplyChain_Optimization\GAMS\gdx/p_production_limit_volume_node.gdx
--- LOAD  p_production_limit_volume_node = 1:p_production_limit_volume_node
 247  *display p_production_limit_volume_node
 248   
 249   
 250  Parameter p_production_limit_capacity_node(YEAR, NODE_PRODUCTION);
GDXIN   C:\Users\Johannes\Documents\PhD\06Research\Paper2\Tools\SupplyChain_Optimization\GAMS\gdx/p_production_limit_capacity_node.gdx
--- LOAD  p_production_limit_capacity_node = 1:p_production_limit_capacity_node
 254  *display p_production_limit_capacity_node
 255   
 256   
 257  Parameter p_production_area_available_node(NODE_PRODUCTION);
GDXIN   C:\Users\Johannes\Documents\PhD\06Research\Paper2\Tools\SupplyChain_Optimization\GAMS\gdx/p_production_area_available_node.gdx
--- LOAD  p_production_area_available_node = 1:p_production_area_available_node
 261  *display p_production_area_available_node
 262   
 263   
 264  Parameter p_production_energy_density(ENERGY_TYPE);
GDXIN   C:\Users\Johannes\Documents\PhD\06Research\Paper2\Tools\SupplyChain_Optimization\GAMS\gdx/p_production_energy_density.gdx
--- LOAD  p_production_energy_density = 1:p_production_energy_density
 268  *display p_production_energy_density
 269   
 270   
 271  Parameter p_production_land_dedication(ENERGY_TYPE);
GDXIN   C:\Users\Johannes\Documents\PhD\06Research\Paper2\Tools\SupplyChain_Optimization\GAMS\gdx/p_production_land_dedication.gdx
--- LOAD  p_production_land_dedication = 1:p_production_land_dedication
 275  *display p_production_land_dedication
 276   
 277   
 278   
 279  Parameter p_demand_eu(YEAR);
GDXIN   C:\Users\Johannes\Documents\PhD\06Research\Paper2\Tools\SupplyChain_Optimization\GAMS\gdx/p_demand_eu.gdx
--- LOAD  p_demand_eu = 1:p_demand_eu
 283   
 284   
 285  Parameter p_production_volume(YEAR, H2_SYSTEM);
GDXIN   C:\Users\Johannes\Documents\PhD\06Research\Paper2\Tools\SupplyChain_Optimization\GAMS\gdx/p_production_volume.gdx
--- LOAD  p_production_volume = 1:p_production_volume
 289   
 290   
 291  Parameter p_production_capacity(YEAR, H2_SYSTEM, ENERGY_TYPE);
GDXIN   C:\Users\Johannes\Documents\PhD\06Research\Paper2\Tools\SupplyChain_Optimization\GAMS\gdx/p_production_capacity.gdx
--- LOAD  p_production_capacity = 1:p_production_capacity
 295  display p_production_capacity
 296   
 297   
 298  Parameter p_production_cost(YEAR, H2_SYSTEM);
GDXIN   C:\Users\Johannes\Documents\PhD\06Research\Paper2\Tools\SupplyChain_Optimization\GAMS\gdx/p_production_cost.gdx
--- LOAD  p_production_cost = 1:p_production_cost
 302   
 303   
 304  Parameter p_transport_national_cost_fixed(YEAR, TRANSPORT_NATIONAL);
GDXIN   C:\Users\Johannes\Documents\PhD\06Research\Paper2\Tools\SupplyChain_Optimization\GAMS\gdx/p_transport_national_cost_fixed.gdx
--- LOAD  p_transport_national_cost_fixed = 1:p_transport_national_cost_fixed
 308   
 309   
 310  Parameter p_transport_national_cost_variable(YEAR, TRANSPORT_NATIONAL);
GDXIN   C:\Users\Johannes\Documents\PhD\06Research\Paper2\Tools\SupplyChain_Optimization\GAMS\gdx/p_transport_national_cost_variable.gdx
--- LOAD  p_transport_national_cost_variable = 1:p_transport_national_cost_variable
 314   
 315   
 316  Parameter p_transport_national_distance(NODE_PRODUCTION, NODE_EXPORT,TRANSPORT_NATIONAL);
GDXIN   C:\Users\Johannes\Documents\PhD\06Research\Paper2\Tools\SupplyChain_Optimization\GAMS\gdx/p_transport_national_distance.gdx
--- LOAD  p_transport_national_distance = 1:p_transport_national_distance
 320   
 321   
 322  Parameter p_transport_international_cost_fixed(YEAR, TRANSPORT_INTERNATIONAL);
GDXIN   C:\Users\Johannes\Documents\PhD\06Research\Paper2\Tools\SupplyChain_Optimization\GAMS\gdx/p_transport_international_cost_fixed.gdx
--- LOAD  p_transport_international_cost_fixed = 1:p_transport_international_cost_fixed
 326   
 327   
 328  Parameter p_transport_international_cost_variable(YEAR, TRANSPORT_INTERNATIONAL);
GDXIN   C:\Users\Johannes\Documents\PhD\06Research\Paper2\Tools\SupplyChain_Optimization\GAMS\gdx/p_transport_international_cost_variable.gdx
--- LOAD  p_transport_international_cost_variable = 1:p_transport_international_cost_variable
 332   
 333   
 334  Parameter p_transport_international_capacity(YEAR, NODE_EXPORT, NODE_IMPORT, TRANSPORT_INTERNATIONAL);
GDXIN   C:\Users\Johannes\Documents\PhD\06Research\Paper2\Tools\SupplyChain_Optimization\GAMS\gdx/p_transport_international_capacity.gdx
--- LOAD  p_transport_international_capacity = 1:p_transport_international_capacity
 338   
 339   
 340  Parameter p_transport_international_import_capacity(YEAR, NODE_IMPORT, TRANSPORT_INTERNATIONAL);
GDXIN   C:\Users\Johannes\Documents\PhD\06Research\Paper2\Tools\SupplyChain_Optimization\GAMS\gdx/p_transport_international_import_capacity.gdx
--- LOAD  p_transport_international_import_capacity = 1:p_transport_international_import_capacity
 344   
 345   
 346  Parameter p_transport_international_distance(NODE_EXPORT, NODE_IMPORT, TRANSPORT_INTERNATIONAL);
GDXIN   C:\Users\Johannes\Documents\PhD\06Research\Paper2\Tools\SupplyChain_Optimization\GAMS\gdx/p_transport_international_distance.gdx
--- LOAD  p_transport_international_distance = 1:p_transport_international_distance
 350   
 351   
 352  Parameter p_transport_conversion_cost(YEAR, TRANSPORT_CONVERSION);
GDXIN   C:\Users\Johannes\Documents\PhD\06Research\Paper2\Tools\SupplyChain_Optimization\GAMS\gdx/p_transport_conversion_cost.gdx
--- LOAD  p_transport_conversion_cost = 1:p_transport_conversion_cost
 356   
INCLUDE    C:\Users\Johannes\Documents\PhD\06Research\Paper2\Tools\SupplyChain_Optimization\GAMS\H2forEU_SupplyChain_model.gms
 358  **********************************
 359  *** Variables
 360  **********************************
 361  Variables
 362  v_CostSupply
 363  ;
 364   
 365  Positive Variables
 366  v_CostTotal(YEAR)
 367  v_CostTransport(YEAR)
 368  v_CostProduction(YEAR)
 369  v_CostTotalDummy(YEAR)
 370  v_Path(YEAR, PATH)
 371  v_ProductionNode(YEAR, NODE_PRODUCTION)
 372  v_ProductionH2System(YEAR, H2_SYSTEM)
 373  v_ProductionDummy(YEAR, NODE_IMPORT)
 374  v_ProductionDummyEU(YEAR)
 375   
 376  v_CostTransportNational(YEAR)
 377  v_CostTransportInternational(YEAR)
 378  v_CostTransportConversion(YEAR)
 379  ;
 380   
 381   
 382  **********************************
 383  *** Equation
 384  **********************************
 385  Equations
 386  e_Objective
 387  e_CostTotal(YEAR)
 388  e_CostProduction(YEAR)
 389  e_CostDummy(YEAR)
 390  e_CostTransport(YEAR)
 391   
 392  e_CostTransportNational(YEAR)
 393  e_CostTransportInternational(YEAR)
 394  e_CostTransportConversion(YEAR)
 395   
 396  e_Demand(YEAR, NODE_IMPORT)
 397  e_Demand_EU(YEAR)
 398   
 399  e_LinkNodeProductionPath(YEAR, NODE_PRODUCTION)
 400  e_LinkH2SystemNodeProduction(YEAR, NODE_PRODUCTION)
 401   
 402  *e_Production(YEAR, NODE_PRODUCTION)
 403  e_ProductionLimitVolumesNode(YEAR, NODE_PRODUCTION, ENERGY_TYPE)
 404  e_ProductionLimitCapacityNode(YEAR, NODE_PRODUCTION)
 405  e_ProductionLimitAreaNode(YEAR, NODE_PRODUCTION)
 406  e_ProductionLimitCountry(YEAR, COUNTRY, ENERGY_TYPE)
 407   
 408  *e_Transport(YEAR)
 409  e_TransportLimitImport(YEAR, NODE_IMPORT, TRANSPORT_INTERNATIONAL)
 410  e_TransportLimitInternational(YEAR, NODE_EXPORT, NODE_IMPORT, TRANSPORT_INTERNATIONAL)
 411   
 412  ;
 413   
 414   
 415  **********************************
 416  *** OBJECTIVE & COSTS
 417  **********************************
 418  e_Objective..
 419      v_CostSupply
 420      =e=
 421      sum((i_YEAR(YEAR)), v_CostTotal(YEAR))
 422  ;
 423   
 424  *** Cost functions
 425  e_CostTotal(i_YEAR(YEAR))..
 426      v_CostTotal(YEAR)
 427      =e=
 428      + v_CostTransport(YEAR)
 429      + v_CostProduction(YEAR)
 430      + v_CostTotalDummy(YEAR)
 431  ;
 432   
 433  e_CostDummy(i_YEAR(YEAR))..
 434      v_CostTotalDummy(YEAR)
 435      =e=
 436      v_ProductionDummyEU(YEAR) * 1000000
 437      + sum((NODE_IMPORT), v_ProductionDummy(YEAR, NODE_IMPORT)*1000000)
 438  ;
 439   
 440  e_CostProduction(i_YEAR(YEAR))..
 441      v_CostProduction(YEAR)
 442      =e=
 443      sum((H2_SYSTEM), v_ProductionH2System(YEAR, H2_SYSTEM) * p_production_volume(YEAR, H2_SYSTEM) * p_production_cost(YEAR, H2_SYSTEM))
 444  ;
 445   
 446  e_CostTransport(i_YEAR(YEAR))..
 447      v_CostTransport(YEAR)
 448      =e=
 449      + v_CostTransportNational(YEAR)
 450      + v_CostTransportInternational(YEAR)
 451      + v_CostTransportConversion(YEAR)
 452  ;
 453   
 454  e_CostTransportNational(i_YEAR(YEAR))..
 455      v_CostTransportNational(YEAR)
 456      =e=
 457      + sum((PATH, NODE_PRODUCTION, TRANSPORT_NATIONAL, NODE_EXPORT)
 458      $(LINK_PATH_NODE_PRODUCTION(PATH,NODE_PRODUCTION) and LINK_PATH_TRANSPORT_NATIONAL(PATH,TRANSPORT_NATIONAL) and LINK_PATH_NODE_EXPORT(PATH,NODE_EXPORT)),
 459      v_Path(YEAR, PATH)*(p_transport_national_cost_variable(YEAR, TRANSPORT_NATIONAL)+p_transport_national_distance(NODE_PRODUCTION, NODE_EXPORT,TRANSPORT_NATIONAL)*p_transport_national_cost_fixed(YEAR, TRANSPORT_NATIONAL)))
 460  ;
 461   
 462  e_CostTransportInternational(i_YEAR(YEAR))..
 463      v_CostTransportInternational(YEAR)
 464      =e=
 465      + sum((PATH, NODE_EXPORT, TRANSPORT_INTERNATIONAL, NODE_IMPORT)
 466      $(LINK_PATH_NODE_EXPORT(PATH,NODE_EXPORT)and LINK_PATH_TRANSPORT_INTERNATIONAL(PATH,TRANSPORT_INTERNATIONAL)and LINK_PATH_NODE_IMPORT(PATH,NODE_IMPORT)),
 467      v_Path(YEAR, PATH)*(p_transport_international_cost_variable(YEAR, TRANSPORT_INTERNATIONAL)+p_transport_international_distance(NODE_EXPORT, NODE_IMPORT,TRANSPORT_INTERNATIONAL)*p_transport_international_cost_fixed(YEAR, TRANSPORT_INTERNATIONAL)))
 468  ;
 469   
 470  e_CostTransportConversion(i_YEAR(YEAR))..
 471      v_CostTransportConversion(YEAR)
 472      =e=
 473      + sum((PATH, TRANSPORT_CONVERSION)
 474      $(LINK_PATH_CONVERSION_NATIONAL(PATH,TRANSPORT_CONVERSION)),
 475      v_Path(YEAR, PATH)*p_transport_conversion_cost(YEAR, TRANSPORT_CONVERSION))
 476      + sum((PATH, TRANSPORT_CONVERSION)
 477      $(LINK_PATH_CONVERSION_INTERNATIONAL(PATH,TRANSPORT_CONVERSION)),
 478      v_Path(YEAR, PATH)*p_transport_conversion_cost(YEAR, TRANSPORT_CONVERSION))
 479  *    + sum((PATH, TRANSPORT_CONVERSION)
 480  *    $(LINK_PATH_CONVERSION(PATH,TRANSPORT_CONVERSION)),
 481  *    v_Path(YEAR, PATH)*p_transport_conversion_cost(YEAR, TRANSPORT_CONVERSION))
 482  ;
 483   
 484  *** General
 485  e_Demand(i_YEAR(YEAR), NODE_IMPORT)..
 486      sum((TRANSPORT_INTERNATIONAL),p_transport_international_import_capacity(YEAR, NODE_IMPORT, TRANSPORT_INTERNATIONAL))
 487      =e=
 488      v_ProductionDummy(YEAR, NODE_IMPORT)
 489      + sum((PATH)$LINK_PATH_NODE_IMPORT(PATH,NODE_IMPORT),v_Path(YEAR, PATH))
 490  ;
 491   
 492  e_Demand_EU(i_YEAR(YEAR))..
 493      p_demand_eu(YEAR)
 494      =e=
 495      v_ProductionDummyEU(YEAR)
 496      + sum((PATH),v_Path(YEAR, PATH))
 497  ;
 498   
 499  e_LinkNodeProductionPath(i_YEAR(YEAR), NODE_PRODUCTION)..
 500      v_ProductionNode(YEAR, NODE_PRODUCTION)
 501      =e=
 502      sum((PATH)$(LINK_PATH_NODE_PRODUCTION(PATH,NODE_PRODUCTION)),v_Path(YEAR, PATH))
 503   
 504  ;
 505   
 506  e_LinkH2SystemNodeProduction(i_YEAR(YEAR), NODE_PRODUCTION)..
 507      v_ProductionNode(YEAR, NODE_PRODUCTION)
 508      =e=
 509      sum((H2_SYSTEM)$(LINK_H2_SYSTEM_NODE_PRODUCTION(H2_SYSTEM,NODE_PRODUCTION) and p_production_cost(YEAR, H2_SYSTEM)>0),v_ProductionH2System(YEAR, H2_SYSTEM)*p_production_volume(YEAR, H2_SYSTEM))
 510  ;
 511   
 512  *** Transport constraints
 513  e_TransportLimitImport(i_YEAR(YEAR), NODE_IMPORT, TRANSPORT_INTERNATIONAL)..
 514      p_transport_international_import_capacity(YEAR, NODE_IMPORT, TRANSPORT_INTERNATIONAL)
 515      =g=
 516      sum((PATH)$(LINK_PATH_NODE_IMPORT(PATH,NODE_IMPORT) and LINK_PATH_TRANSPORT_INTERNATIONAL(PATH,TRANSPORT_INTERNATIONAL)),v_Path(YEAR, PATH))
 517  ;
 518   
 519  e_TransportLimitInternational(i_YEAR(YEAR), NODE_EXPORT, NODE_IMPORT, TRANSPORT_INTERNATIONAL)..
 520      p_transport_international_capacity(YEAR, NODE_EXPORT, NODE_IMPORT, TRANSPORT_INTERNATIONAL)
 521      =g=
 522      sum((PATH)$(LINK_PATH_NODE_EXPORT(PATH,NODE_EXPORT) and LINK_PATH_TRANSPORT_INTERNATIONAL(PATH,TRANSPORT_INTERNATIONAL) and LINK_PATH_NODE_IMPORT(PATH,NODE_IMPORT)),v_Path(YEAR, PATH))
 523  ;
 524   
 525  *** Production constraints
 526  e_ProductionLimitVolumesNode(i_YEAR(YEAR), NODE_PRODUCTION, ENERGY_TYPE)..
 527      p_production_limit_volume_node(YEAR, NODE_PRODUCTION, ENERGY_TYPE)
 528      =g=
 529      sum((H2_SYSTEM, SOURCE_NON_VRES)$(LINK_H2_SYSTEM_SOURCE(H2_SYSTEM, SOURCE_NON_VRES) and LINK_H2_SYSTEM_NODE_PRODUCTION(H2_SYSTEM,NODE_PRODUCTION) and LINK_H2_SYSTEM_ENERGY_TYPE(H2_SYSTEM,ENERGY_TYPE)), v_ProductionH2System(YEAR, H2_SYSTEM)*p_pro
      duction_capacity(YEAR, H2_SYSTEM, ENERGY_TYPE))
 530  ;
 531   
 532  e_ProductionLimitCapacityNode(i_YEAR(YEAR), NODE_PRODUCTION)..
 533      p_production_limit_capacity_node(YEAR, NODE_PRODUCTION)
 534      =g=
 535      sum((H2_SYSTEM, ENERGY_TYPE, SOURCE_VRES)$(LINK_H2_SYSTEM_SOURCE(H2_SYSTEM, SOURCE_VRES)and LINK_H2_SYSTEM_NODE_PRODUCTION(H2_SYSTEM,NODE_PRODUCTION) and LINK_H2_SYSTEM_ENERGY_TYPE(H2_SYSTEM,ENERGY_TYPE)), v_ProductionH2System(YEAR, H2_SYSTEM)*p
      _production_capacity(YEAR, H2_SYSTEM, ENERGY_TYPE))
 536  ;
 537   
 538  e_ProductionLimitAreaNode(i_YEAR(YEAR), NODE_PRODUCTION)..
 539      p_production_area_available_node(NODE_PRODUCTION)
 540      =g=
 541      sum((H2_SYSTEM, ENERGY_TYPE, SOURCE_VRES)$(LINK_H2_SYSTEM_SOURCE(H2_SYSTEM, SOURCE_VRES)and LINK_H2_SYSTEM_NODE_PRODUCTION(H2_SYSTEM,NODE_PRODUCTION) and LINK_H2_SYSTEM_ENERGY_TYPE(H2_SYSTEM,ENERGY_TYPE)), v_ProductionH2System(YEAR, H2_SYSTEM)*p
      _production_capacity(YEAR, H2_SYSTEM, ENERGY_TYPE)*p_production_energy_density(ENERGY_TYPE)*p_production_land_dedication(ENERGY_TYPE))
 542  ;
 543   
 544  e_ProductionLimitCountry(i_YEAR(YEAR), COUNTRY_EXPORT, ENERGY_TYPE)..
 545      p_production_limit_country(YEAR, COUNTRY_EXPORT, ENERGY_TYPE)
 546      =g=
 547      sum((H2_SYSTEM, SOURCE_VRES)$(LINK_H2_SYSTEM_SOURCE(H2_SYSTEM,SOURCE_VRES) and LINK_H2_SYSTEM_COUNTRY(H2_SYSTEM,COUNTRY_EXPORT) and LINK_H2_SYSTEM_ENERGY_TYPE(H2_SYSTEM,ENERGY_TYPE)), v_ProductionH2System(YEAR, H2_SYSTEM)*p_production_capacity(Y
      EAR, H2_SYSTEM, ENERGY_TYPE))
 548  ;
 549   
 550   
 551   
 552  **********************************
 553  *** Model Definition
 554  **********************************
 555  model H2forEU_SupplyChain /
 556  *** Objective
 557                  e_Objective,
 558  *** Cost
 559                  e_CostTotal,
 560                  e_CostProduction,
 561                  e_CostDummy,
 562                  e_CostTransport,
 563                      e_CostTransportNational,
 564                      e_CostTransportInternational,
 565                      e_CostTransportConversion,
 566   
 567  *** Demand balance
 568  *                e_Demand,
 569                  e_Demand_EU,
 570   
 571  *** Constraints production
 572                  e_LinkNodeProductionPath,
 573                  e_LinkH2SystemNodeProduction,
 574                  e_ProductionLimitCountry,
 575                  e_ProductionLimitVolumesNode,
 576                  e_ProductionLimitCapacityNode
 577  *                e_ProductionLimitAreaNode,
 578   
 579  *** Constraints transportation
 580                  e_TransportLimitImport,
 581                  e_TransportLimitInternational
 582              /;
 583   
 584   
 585  loop(ITERATION,
 586   
 587      i_YEAR(YEAR)$LINK_ITERATION_YEAR(ITERATION,YEAR) = yes;
 588      i_YEAR(YEAR)$(NOT LINK_ITERATION_YEAR(ITERATION,YEAR)) = no;
 589   
 590   
 591      display i_YEAR
 592   
 593      solve H2forEU_SupplyChain using lp minimizing v_CostSupply;
 594   
 595      r_CostTotal(i_YEAR) = v_CostTotal.l(i_YEAR);
 596      r_CostTransport(i_YEAR) = v_CostTransport.l(i_YEAR);
 597      r_CostTransportNational(i_YEAR) = v_CostTransportNational.l(i_YEAR);
 598      r_CostTransportInternational(i_YEAR) = v_CostTransportInternational.l(i_YEAR);
 599      r_CostTransportConversion(i_YEAR)= v_CostTransportConversion.l(i_YEAR);
 600      r_CostProduction(i_YEAR) = v_CostProduction.l(i_YEAR);
 601      r_CostTotalDummy(i_YEAR) = v_CostTotalDummy.l(i_YEAR);
 602      r_ProductionNode(i_YEAR, NODE_PRODUCTION) = v_ProductionNode.l(i_YEAR, NODE_PRODUCTION);
 603      r_ProductionH2System(i_YEAR, H2_SYSTEM) = v_ProductionH2System.l(i_YEAR, H2_SYSTEM);
 604      r_ProductionDummy(i_YEAR, NODE_IMPORT) = v_ProductionDummy.l(i_YEAR, NODE_IMPORT);
 605      r_ProductionDummyEU(i_YEAR) = v_ProductionDummyEU.l(i_YEAR);
 606   
 607      r_Path(i_YEAR, PATH, Node_PRODUCTION, TRANSPORT_NATIONAL, NODE_EXPORT, TRANSPORT_INTERNATIONAL, NODE_IMPORT)
 608                                            $(LINK_PATH_NODE_PRODUCTION(PATH,NODE_PRODUCTION)
 609                                          and LINK_PATH_TRANSPORT_NATIONAL(PATH,TRANSPORT_NATIONAL)
 610                                          and LINK_PATH_NODE_EXPORT(PATH,NODE_EXPORT)
 611                                          and LINK_PATH_TRANSPORT_INTERNATIONAL(PATH,TRANSPORT_INTERNATIONAL)
 612                                          and LINK_PATH_NODE_IMPORT(PATH,NODE_IMPORT))
 613                                          = v_Path.l(i_YEAR, PATH);
 614   
          r_H2_system(i_YEAR, H2_SYSTEM, COUNTRY, NODE_PRODUCTION, SOURCE, ENERGY_TYPE, TECHNOLOGY)
                                                $(LINK_H2_SYSTEM_COUNTRY(H2_SYSTEM,COUNTRY)
                                              and LINK_H2_SYSTEM_NODE_PRODUCTION(H2_SYSTEM,NODE_PRODUCTION)
                                              and LINK_H2_SYSTEM_COUNTRY(H2_SYSTEM,COUNTRY)
                                              and LINK_H2_SYSTEM_TECHNOLOGY(H2_SYSTEM,TECHNOLOGY)
                                              and LINK_H2_SYSTEM_SOURCE(H2_SYSTEM,SOURCE)
                                              and LINK_H2_SYSTEM_ENERGY_TYPE(H2_SYSTEM,ENERGY_TYPE))
                                              = v_ProductionH2System.l(i_YEAR, H2_SYSTEM);
        
       
          
          r_Supply(i_YEAR, H2_SYSTEM, PATH, COUNTRY, SOURCE, TECHNOLOGY, Node_PRODUCTION, TRANSPORT_NATIONAL, NODE_EXPORT, TRANSPORT_INTERNATIONAL, NODE_IMPORT)
                                                $(LINK_H2_SYSTEM_COUNTRY(H2_SYSTEM,COUNTRY)
                                              and LINK_H2_SYSTEM_NODE_PRODUCTION(H2_SYSTEM,NODE_PRODUCTION)
                                              and LINK_H2_SYSTEM_COUNTRY(H2_SYSTEM,COUNTRY)
                                              and LINK_H2_SYSTEM_TECHNOLOGY(H2_SYSTEM,TECHNOLOGY)
                                              and LINK_H2_SYSTEM_SOURCE(H2_SYSTEM,SOURCE)
                                              and LINK_PATH_NODE_PRODUCTION(PATH,NODE_PRODUCTION)
                                              and LINK_PATH_TRANSPORT_NATIONAL(PATH,TRANSPORT_NATIONAL)
                                              and LINK_PATH_NODE_EXPORT(PATH,NODE_EXPORT)
                                              and LINK_PATH_TRANSPORT_INTERNATIONAL(PATH,TRANSPORT_INTERNATIONAL)
                                              and LINK_PATH_NODE_IMPORT(PATH,NODE_IMPORT)
                                              and v_ProductionNode.l(i_YEAR, NODE_PRODUCTION)>0)
                                              = v_Path.l(i_YEAR, PATH)/v_ProductionNode.l(i_YEAR, NODE_PRODUCTION)*v_ProductionH2System.l(i_YEAR, H2_SYSTEM)*p_production_volume(i_YEAR, H2_SYSTEM);    
 641  )
 642   
 643   
INCLUDE    C:\Users\Johannes\Documents\PhD\06Research\Paper2\Tools\SupplyChain_Optimization\GAMS\H2forEU_SupplyChain_output.gms
 645   
 646  execute_unload 'gdx/00_results.gdx'
 647  r_CostTotal,
 648  r_CostTransport,
 649  r_CostTransportNational,
 650  r_CostTransportInternational,
 651  r_CostTransportConversion,
 652  r_CostProduction,
 653  r_CostTotalDummy,
 654   
 655  r_ProductionNode,
 656  r_ProductionH2System,
 657  *r_ProductionDummy,
 658  r_ProductionDummyEU,
 659  *r_H2_system,
 660  *r_Supply
 661  r_Path
 662  ;
 663   
GAMS 25.1.3  r4e34d435fbd Released Oct 30, 2018 WEX-WEI x86 64bit/MS Windows - 11/21/20 18:38:59 Page 2
G e n e r a l   A l g e b r a i c   M o d e l i n g   S y s t e m
Include File Summary


   SEQ   GLOBAL TYPE      PARENT   LOCAL  FILENAME

     1        1 INPUT          0       0  C:\Users\Johannes\Documents\PhD\06Research\Paper2\Tools\SupplyChain_Optimization\GAMS\H2forEU_SupplyChain_main.gms
     2       25 INCLUDE        1      25  .C:\Users\Johannes\Documents\PhD\06Research\Paper2\Tools\SupplyChain_Optimization\GAMS\H2forEU_SupplyChain_setup.gms
     3       26 GDXIN          2       1  .C:\Users\Johannes\Documents\PhD\06Research\Paper2\Tools\SupplyChain_Optimization\GAMS\gdx/ITERATION.gdx
     4       33 GDXIN          2       8  .C:\Users\Johannes\Documents\PhD\06Research\Paper2\Tools\SupplyChain_Optimization\GAMS\gdx/YEAR.gdx
     5       38 GDXIN          2      13  .C:\Users\Johannes\Documents\PhD\06Research\Paper2\Tools\SupplyChain_Optimization\GAMS\gdx/COUNTRY.gdx
     6       43 GDXIN          2      18  .C:\Users\Johannes\Documents\PhD\06Research\Paper2\Tools\SupplyChain_Optimization\GAMS\gdx/COUNTRY_EXPORT.gdx
     7       48 GDXIN          2      23  .C:\Users\Johannes\Documents\PhD\06Research\Paper2\Tools\SupplyChain_Optimization\GAMS\gdx/COUNTRY_IMPORT.gdx
     8       53 GDXIN          2      28  .C:\Users\Johannes\Documents\PhD\06Research\Paper2\Tools\SupplyChain_Optimization\GAMS\gdx/NODE_PRODUCTION.gdx
     9       58 GDXIN          2      33  .C:\Users\Johannes\Documents\PhD\06Research\Paper2\Tools\SupplyChain_Optimization\GAMS\gdx/NODE_EXPORT.gdx
    10       63 GDXIN          2      38  .C:\Users\Johannes\Documents\PhD\06Research\Paper2\Tools\SupplyChain_Optimization\GAMS\gdx/NODE_IMPORT.gdx
    11       68 GDXIN          2      43  .C:\Users\Johannes\Documents\PhD\06Research\Paper2\Tools\SupplyChain_Optimization\GAMS\gdx/PATH.gdx
    12       73 GDXIN          2      48  .C:\Users\Johannes\Documents\PhD\06Research\Paper2\Tools\SupplyChain_Optimization\GAMS\gdx/TRANSPORT_NATIONAL.gdx
    13       78 GDXIN          2      53  .C:\Users\Johannes\Documents\PhD\06Research\Paper2\Tools\SupplyChain_Optimization\GAMS\gdx/TRANSPORT_INTERNATIONAL.gdx
    14       83 GDXIN          2      58  .C:\Users\Johannes\Documents\PhD\06Research\Paper2\Tools\SupplyChain_Optimization\GAMS\gdx/TRANSPORT_CONVERSION.gdx
    15       88 GDXIN          2      63  .C:\Users\Johannes\Documents\PhD\06Research\Paper2\Tools\SupplyChain_Optimization\GAMS\gdx/SOURCE.gdx
    16       93 GDXIN          2      68  .C:\Users\Johannes\Documents\PhD\06Research\Paper2\Tools\SupplyChain_Optimization\GAMS\gdx/SOURCE_VRES.gdx
    17       98 GDXIN          2      73  .C:\Users\Johannes\Documents\PhD\06Research\Paper2\Tools\SupplyChain_Optimization\GAMS\gdx/SOURCE_NON_VRES.gdx
    18      103 GDXIN          2      78  .C:\Users\Johannes\Documents\PhD\06Research\Paper2\Tools\SupplyChain_Optimization\GAMS\gdx/TECHNOLOGY.gdx
    19      108 GDXIN          2      83  .C:\Users\Johannes\Documents\PhD\06Research\Paper2\Tools\SupplyChain_Optimization\GAMS\gdx/ENERGY_TYPE.gdx
    20      113 GDXIN          2      88  .C:\Users\Johannes\Documents\PhD\06Research\Paper2\Tools\SupplyChain_Optimization\GAMS\gdx/H2_SYSTEM.gdx
    21      120 GDXIN          2      95  .C:\Users\Johannes\Documents\PhD\06Research\Paper2\Tools\SupplyChain_Optimization\GAMS\gdx/LINK_ITERATION_YEAR.gdx
    22      125 GDXIN          2     100  .C:\Users\Johannes\Documents\PhD\06Research\Paper2\Tools\SupplyChain_Optimization\GAMS\gdx/LINK_SOURCE_ENERGY_TYPE.gdx
    23      130 GDXIN          2     105  .C:\Users\Johannes\Documents\PhD\06Research\Paper2\Tools\SupplyChain_Optimization\GAMS\gdx/LINK_SOURCE_TECHNOLOGY.gdx
    24      135 GDXIN          2     110  .C:\Users\Johannes\Documents\PhD\06Research\Paper2\Tools\SupplyChain_Optimization\GAMS\gdx/LINK_COUNTRY_NODE_PRODUCTION.gdx
    25      140 GDXIN          2     115  .C:\Users\Johannes\Documents\PhD\06Research\Paper2\Tools\SupplyChain_Optimization\GAMS\gdx/LINK_PATH_NODE_PRODUCTION.gdx
    26      145 GDXIN          2     120  .C:\Users\Johannes\Documents\PhD\06Research\Paper2\Tools\SupplyChain_Optimization\GAMS\gdx/LINK_PATH_NODE_EXPORT.gdx
    27      150 GDXIN          2     125  .C:\Users\Johannes\Documents\PhD\06Research\Paper2\Tools\SupplyChain_Optimization\GAMS\gdx/LINK_PATH_NODE_IMPORT.gdx
    28      155 GDXIN          2     130  .C:\Users\Johannes\Documents\PhD\06Research\Paper2\Tools\SupplyChain_Optimization\GAMS\gdx/LINK_PATH_TRANSPORT_NATIONAL.gdx
    29      160 GDXIN          2     135  .C:\Users\Johannes\Documents\PhD\06Research\Paper2\Tools\SupplyChain_Optimization\GAMS\gdx/LINK_PATH_TRANSPORT_INTERNATIONAL.gdx
    30      165 GDXIN          2     140  .C:\Users\Johannes\Documents\PhD\06Research\Paper2\Tools\SupplyChain_Optimization\GAMS\gdx/LINK_PATH_CONVERSION.gdx
    31      170 GDXIN          2     145  .C:\Users\Johannes\Documents\PhD\06Research\Paper2\Tools\SupplyChain_Optimization\GAMS\gdx/LINK_PATH_CONVERSION_NATIONAL.gdx
    32      175 GDXIN          2     150  .C:\Users\Johannes\Documents\PhD\06Research\Paper2\Tools\SupplyChain_Optimization\GAMS\gdx/LINK_PATH_CONVERSION_INTERNATIONAL.gdx
    33      181 GDXIN          2     156  .C:\Users\Johannes\Documents\PhD\06Research\Paper2\Tools\SupplyChain_Optimization\GAMS\gdx/LINK_H2_SYSTEM_ENERGY_TYPE.gdx
    34      186 GDXIN          2     161  .C:\Users\Johannes\Documents\PhD\06Research\Paper2\Tools\SupplyChain_Optimization\GAMS\gdx/LINK_H2_SYSTEM_SOURCE.gdx
    35      191 GDXIN          2     166  .C:\Users\Johannes\Documents\PhD\06Research\Paper2\Tools\SupplyChain_Optimization\GAMS\gdx/LINK_H2_SYSTEM_TECHNOLOGY.gdx
    36      196 GDXIN          2     171  .C:\Users\Johannes\Documents\PhD\06Research\Paper2\Tools\SupplyChain_Optimization\GAMS\gdx/LINK_H2_SYSTEM_COUNTRY.gdx
    37      201 GDXIN          2     176  .C:\Users\Johannes\Documents\PhD\06Research\Paper2\Tools\SupplyChain_Optimization\GAMS\gdx/LINK_H2_SYSTEM_NODE_PRODUCTION.gdx
    38      232 INCLUDE        1      26  .C:\Users\Johannes\Documents\PhD\06Research\Paper2\Tools\SupplyChain_Optimization\GAMS\H2forEU_SupplyChain_data.gms
    39      238 GDXIN         38       6  .C:\Users\Johannes\Documents\PhD\06Research\Paper2\Tools\SupplyChain_Optimization\GAMS\gdx/p_production_limit_country.gdx
    40      244 GDXIN         38      12  .C:\Users\Johannes\Documents\PhD\06Research\Paper2\Tools\SupplyChain_Optimization\GAMS\gdx/p_production_limit_volume_node.gdx
    41      251 GDXIN         38      19  .C:\Users\Johannes\Documents\PhD\06Research\Paper2\Tools\SupplyChain_Optimization\GAMS\gdx/p_production_limit_capacity_node.gdx
    42      258 GDXIN         38      26  .C:\Users\Johannes\Documents\PhD\06Research\Paper2\Tools\SupplyChain_Optimization\GAMS\gdx/p_production_area_available_node.gdx
    43      265 GDXIN         38      33  .C:\Users\Johannes\Documents\PhD\06Research\Paper2\Tools\SupplyChain_Optimization\GAMS\gdx/p_production_energy_density.gdx
    44      272 GDXIN         38      40  .C:\Users\Johannes\Documents\PhD\06Research\Paper2\Tools\SupplyChain_Optimization\GAMS\gdx/p_production_land_dedication.gdx
    45      280 GDXIN         38      48  .C:\Users\Johannes\Documents\PhD\06Research\Paper2\Tools\SupplyChain_Optimization\GAMS\gdx/p_demand_eu.gdx
    46      286 GDXIN         38      54  .C:\Users\Johannes\Documents\PhD\06Research\Paper2\Tools\SupplyChain_Optimization\GAMS\gdx/p_production_volume.gdx
    47      292 GDXIN         38      60  .C:\Users\Johannes\Documents\PhD\06Research\Paper2\Tools\SupplyChain_Optimization\GAMS\gdx/p_production_capacity.gdx
    48      299 GDXIN         38      67  .C:\Users\Johannes\Documents\PhD\06Research\Paper2\Tools\SupplyChain_Optimization\GAMS\gdx/p_production_cost.gdx
    49      305 GDXIN         38      73  .C:\Users\Johannes\Documents\PhD\06Research\Paper2\Tools\SupplyChain_Optimization\GAMS\gdx/p_transport_national_cost_fixed.gdx
    50      311 GDXIN         38      79  .C:\Users\Johannes\Documents\PhD\06Research\Paper2\Tools\SupplyChain_Optimization\GAMS\gdx/p_transport_national_cost_variable.gdx
    51      317 GDXIN         38      85  .C:\Users\Johannes\Documents\PhD\06Research\Paper2\Tools\SupplyChain_Optimization\GAMS\gdx/p_transport_national_distance.gdx
    52      323 GDXIN         38      91  .C:\Users\Johannes\Documents\PhD\06Research\Paper2\Tools\SupplyChain_Optimization\GAMS\gdx/p_transport_international_cost_fixed.gdx
    53      329 GDXIN         38      97  .C:\Users\Johannes\Documents\PhD\06Research\Paper2\Tools\SupplyChain_Optimization\GAMS\gdx/p_transport_international_cost_variable.gdx
    54      335 GDXIN         38     103  .C:\Users\Johannes\Documents\PhD\06Research\Paper2\Tools\SupplyChain_Optimization\GAMS\gdx/p_transport_international_capacity.gdx
    55      341 GDXIN         38     109  .C:\Users\Johannes\Documents\PhD\06Research\Paper2\Tools\SupplyChain_Optimization\GAMS\gdx/p_transport_international_import_capacity.gdx
    56      347 GDXIN         38     115  .C:\Users\Johannes\Documents\PhD\06Research\Paper2\Tools\SupplyChain_Optimization\GAMS\gdx/p_transport_international_distance.gdx
    57      353 GDXIN         38     121  .C:\Users\Johannes\Documents\PhD\06Research\Paper2\Tools\SupplyChain_Optimization\GAMS\gdx/p_transport_conversion_cost.gdx
    58      357 INCLUDE        1      27  .C:\Users\Johannes\Documents\PhD\06Research\Paper2\Tools\SupplyChain_Optimization\GAMS\H2forEU_SupplyChain_model.gms
    59      644 INCLUDE        1      89  .C:\Users\Johannes\Documents\PhD\06Research\Paper2\Tools\SupplyChain_Optimization\GAMS\H2forEU_SupplyChain_output.gms


COMPILATION TIME     =        0.032 SECONDS      3 MB  25.1.3 r4e34d435fbd WEX-WEI
GAMS 25.1.3  r4e34d435fbd Released Oct 30, 2018 WEX-WEI x86 64bit/MS Windows - 11/21/20 18:38:59 Page 3
G e n e r a l   A l g e b r a i c   M o d e l i n g   S y s t e m
E x e c u t i o n


----    168 SET LINK_PATH_CONVERSION  

                                                      ( EMPTY )


----    295 PARAMETER p_production_capacity  

                                                       PV     Onshore

2020.MAR_C00018-Hybrid-Alkaline_electrolyser        0.600       1.500
2020.MAR_C00018-PV-Alkaline_electrolyser            1.500
2020.MAR_C00018-Onshore-Alkaline_electrolyser                   1.500
2020.MAR_C00017-Hybrid-Alkaline_electrolyser        0.600       1.500
2020.MAR_C00017-PV-Alkaline_electrolyser            1.500
2020.MAR_C00017-Onshore-Alkaline_electrolyser                   1.500


----    591 SET i_YEAR  

2020

GAMS 25.1.3  r4e34d435fbd Released Oct 30, 2018 WEX-WEI x86 64bit/MS Windows - 11/21/20 18:38:59 Page 4
G e n e r a l   A l g e b r a i c   M o d e l i n g   S y s t e m
Equation Listing    SOLVE H2forEU_SupplyChain Using LP From line 593


---- e_Objective  =E=  

e_Objective..  v_CostSupply - v_CostTotal(2020) =E= 0 ; (LHS = 0)
     

---- e_CostTotal  =E=  

e_CostTotal(2020)..  v_CostTotal(2020) - v_CostTransport(2020) - v_CostProduction(2020) - v_CostTotalDummy(2020) =E= 0 ; (LHS = 0)
     

---- e_CostProduction  =E=  

e_CostProduction(2020)..  v_CostProduction(2020) - 9*v_ProductionH2System(2020,MAR_C00018-Hybrid-Alkaline_electrolyser) - 10*v_ProductionH2System(2020,MAR_C00018-PV-Alkaline_electrolyser)
     
      - 11*v_ProductionH2System(2020,MAR_C00018-Onshore-Alkaline_electrolyser) - 9*v_ProductionH2System(2020,MAR_C00017-Hybrid-Alkaline_electrolyser) - 10*v_ProductionH2System(2020,MAR_C00017-PV-Alkaline_electrolyser)
     
      - 11*v_ProductionH2System(2020,MAR_C00017-Onshore-Alkaline_electrolyser) =E= 0 ; (LHS = 0)
     

---- e_CostDummy  =E=  

e_CostDummy(2020)..  v_CostTotalDummy(2020) - 1000000*v_ProductionDummy(2020,ESP01) - 1000000*v_ProductionDummyEU(2020) =E= 0 ; (LHS = 0)
     

---- e_CostTransport  =E=  

e_CostTransport(2020)..  v_CostTransport(2020) - v_CostTransportNational(2020) - v_CostTransportInternational(2020) - v_CostTransportConversion(2020) =E= 0 ; (LHS = 0)
     

---- e_CostTransportNational  =E=  

e_CostTransportNational(2020)..  - 0.3758585*v_Path(2020,MAR_C00017-Road_NH3-MAR01-Pipeline-ESP01) - 0.3758585*v_Path(2020,MAR_C00017-Road_NH3-MAR01-LH2-ESP01) - 0.3758585*v_Path(2020,MAR_C00017-Road_NH3-MAR01-Maritime_ammonia-ESP01)
     
      - 0.2431151*v_Path(2020,MAR_C00018-Road_NH3-MAR01-Pipeline-ESP01) - 0.2431151*v_Path(2020,MAR_C00018-Road_NH3-MAR01-LH2-ESP01) - 0.2431151*v_Path(2020,MAR_C00018-Road_NH3-MAR01-Maritime_ammonia-ESP01) + v_CostTransportNational(2020) =E= 0 ;
     
      (LHS = 0)
     

---- e_CostTransportInternational  =E=  

e_CostTransportInternational(2020)..  - 0.62997*v_Path(2020,MAR_C00017-Road_NH3-MAR01-Pipeline-ESP01) - 0.94049*v_Path(2020,MAR_C00017-Road_NH3-MAR01-LH2-ESP01) - 0.2624996*v_Path(2020,MAR_C00017-Road_NH3-MAR01-Maritime_ammonia-ESP01)
     
      - 0.62997*v_Path(2020,MAR_C00018-Road_NH3-MAR01-Pipeline-ESP01) - 0.94049*v_Path(2020,MAR_C00018-Road_NH3-MAR01-LH2-ESP01) - 0.2624996*v_Path(2020,MAR_C00018-Road_NH3-MAR01-Maritime_ammonia-ESP01) + v_CostTransportInternational(2020) =E= 0 ;
     
      (LHS = 0)
     

---- e_CostTransportConversion  =E=  

e_CostTransportConversion(2020)..  - 3.329692*v_Path(2020,MAR_C00017-Road_NH3-MAR01-Pipeline-ESP01) - 6.659692*v_Path(2020,MAR_C00017-Road_NH3-MAR01-LH2-ESP01) - 3.329692*v_Path(2020,MAR_C00017-Road_NH3-MAR01-Maritime_ammonia-ESP01)
     
      - 3.329692*v_Path(2020,MAR_C00018-Road_NH3-MAR01-Pipeline-ESP01) - 6.659692*v_Path(2020,MAR_C00018-Road_NH3-MAR01-LH2-ESP01) - 3.329692*v_Path(2020,MAR_C00018-Road_NH3-MAR01-Maritime_ammonia-ESP01) + v_CostTransportConversion(2020) =E= 0 ; (LHS = 0)
     

---- e_Demand_EU  =E=  

e_Demand_EU(2020)..  - v_Path(2020,MAR_C00017-Road_NH3-MAR01-Pipeline-ESP01) - v_Path(2020,MAR_C00017-Road_NH3-MAR01-LH2-ESP01) - v_Path(2020,MAR_C00017-Road_NH3-MAR01-Maritime_ammonia-ESP01) - v_Path(2020,MAR_C00018-Road_NH3-MAR01-Pipeline-ESP01)
     
      - v_Path(2020,MAR_C00018-Road_NH3-MAR01-LH2-ESP01) - v_Path(2020,MAR_C00018-Road_NH3-MAR01-Maritime_ammonia-ESP01) - v_ProductionDummyEU(2020) =E= -75007500750.075 ; (LHS = 0, INFES = 75007500750.075 ****)
     

---- e_LinkNodeProductionPath  =E=  

e_LinkNodeProductionPath(2020,MAR_C00018)..  - v_Path(2020,MAR_C00018-Road_NH3-MAR01-Pipeline-ESP01) - v_Path(2020,MAR_C00018-Road_NH3-MAR01-LH2-ESP01) - v_Path(2020,MAR_C00018-Road_NH3-MAR01-Maritime_ammonia-ESP01) + v_ProductionNode(2020,MAR_C00018)
      =E= 0 ; (LHS = 0)
     
e_LinkNodeProductionPath(2020,MAR_C00017)..  - v_Path(2020,MAR_C00017-Road_NH3-MAR01-Pipeline-ESP01) - v_Path(2020,MAR_C00017-Road_NH3-MAR01-LH2-ESP01) - v_Path(2020,MAR_C00017-Road_NH3-MAR01-Maritime_ammonia-ESP01) + v_ProductionNode(2020,MAR_C00017)
      =E= 0 ; (LHS = 0)
     

---- e_LinkH2SystemNodeProduction  =E=  

e_LinkH2SystemNodeProduction(2020,MAR_C00018)..  v_ProductionNode(2020,MAR_C00018) - v_ProductionH2System(2020,MAR_C00018-Hybrid-Alkaline_electrolyser) - v_ProductionH2System(2020,MAR_C00018-PV-Alkaline_electrolyser)
     
      - v_ProductionH2System(2020,MAR_C00018-Onshore-Alkaline_electrolyser) =E= 0 ; (LHS = 0)
     
e_LinkH2SystemNodeProduction(2020,MAR_C00017)..  v_ProductionNode(2020,MAR_C00017) - v_ProductionH2System(2020,MAR_C00017-Hybrid-Alkaline_electrolyser) - v_ProductionH2System(2020,MAR_C00017-PV-Alkaline_electrolyser)
     
      - v_ProductionH2System(2020,MAR_C00017-Onshore-Alkaline_electrolyser) =E= 0 ; (LHS = 0)
     

---- e_ProductionLimitCountry  =G=  

e_ProductionLimitCountry(2020,MAR,PV)..  - 0.6*v_ProductionH2System(2020,MAR_C00018-Hybrid-Alkaline_electrolyser) - 1.5*v_ProductionH2System(2020,MAR_C00018-PV-Alkaline_electrolyser) - 0.6*v_ProductionH2System(2020,MAR_C00017-Hybrid-Alkaline_electrolyser)
     
      - 1.5*v_ProductionH2System(2020,MAR_C00017-PV-Alkaline_electrolyser) =G= -6000 ; (LHS = 0)
     
e_ProductionLimitCountry(2020,MAR,Onshore)..  - 1.5*v_ProductionH2System(2020,MAR_C00018-Hybrid-Alkaline_electrolyser) - 1.5*v_ProductionH2System(2020,MAR_C00018-Onshore-Alkaline_electrolyser)
     
      - 1.5*v_ProductionH2System(2020,MAR_C00017-Hybrid-Alkaline_electrolyser) - 1.5*v_ProductionH2System(2020,MAR_C00017-Onshore-Alkaline_electrolyser) =G= -4000 ; (LHS = 0)
     

---- e_ProductionLimitVolumesNode  =G=  

                NONE


---- e_ProductionLimitCapacityNode  =G=  

e_ProductionLimitCapacityNode(2020,MAR_C00018)..  - 2.1*v_ProductionH2System(2020,MAR_C00018-Hybrid-Alkaline_electrolyser) - 1.5*v_ProductionH2System(2020,MAR_C00018-PV-Alkaline_electrolyser)
     
      - 1.5*v_ProductionH2System(2020,MAR_C00018-Onshore-Alkaline_electrolyser) =G= -5000 ; (LHS = 0)
     
e_ProductionLimitCapacityNode(2020,MAR_C00017)..  - 2.1*v_ProductionH2System(2020,MAR_C00017-Hybrid-Alkaline_electrolyser) - 1.5*v_ProductionH2System(2020,MAR_C00017-PV-Alkaline_electrolyser)
     
      - 1.5*v_ProductionH2System(2020,MAR_C00017-Onshore-Alkaline_electrolyser) =G= -5000 ; (LHS = 0)
     

---- e_TransportLimitImport  =G=  

e_TransportLimitImport(2020,ESP01,Pipeline)..  - v_Path(2020,MAR_C00017-Road_NH3-MAR01-Pipeline-ESP01) - v_Path(2020,MAR_C00018-Road_NH3-MAR01-Pipeline-ESP01) =G= -5000 ; (LHS = 0)
     
e_TransportLimitImport(2020,ESP01,LH2)..  - v_Path(2020,MAR_C00017-Road_NH3-MAR01-LH2-ESP01) - v_Path(2020,MAR_C00018-Road_NH3-MAR01-LH2-ESP01) =G= -2000 ; (LHS = 0)
     
e_TransportLimitImport(2020,ESP01,Maritime_ammonia)..  - v_Path(2020,MAR_C00017-Road_NH3-MAR01-Maritime_ammonia-ESP01) - v_Path(2020,MAR_C00018-Road_NH3-MAR01-Maritime_ammonia-ESP01) =G= 0 ; (LHS = 0)
     

---- e_TransportLimitInternational  =G=  

e_TransportLimitInternational(2020,MAR01,ESP01,Pipeline)..  - v_Path(2020,MAR_C00017-Road_NH3-MAR01-Pipeline-ESP01) - v_Path(2020,MAR_C00018-Road_NH3-MAR01-Pipeline-ESP01) =G= -5000 ; (LHS = 0)
     
e_TransportLimitInternational(2020,MAR01,ESP01,LH2)..  - v_Path(2020,MAR_C00017-Road_NH3-MAR01-LH2-ESP01) - v_Path(2020,MAR_C00018-Road_NH3-MAR01-LH2-ESP01) =G= -2000 ; (LHS = 0)
     
e_TransportLimitInternational(2020,MAR01,ESP01,Maritime_ammonia)..  - v_Path(2020,MAR_C00017-Road_NH3-MAR01-Maritime_ammonia-ESP01) - v_Path(2020,MAR_C00018-Road_NH3-MAR01-Maritime_ammonia-ESP01) =G= 0 ; (LHS = 0)
     
GAMS 25.1.3  r4e34d435fbd Released Oct 30, 2018 WEX-WEI x86 64bit/MS Windows - 11/21/20 18:38:59 Page 5
G e n e r a l   A l g e b r a i c   M o d e l i n g   S y s t e m
Column Listing      SOLVE H2forEU_SupplyChain Using LP From line 593


---- v_CostSupply  

v_CostSupply
                (.LO, .L, .UP, .M = -INF, 0, +INF, 0)
        1       e_Objective


---- v_CostTotal  

v_CostTotal(2020)
                (.LO, .L, .UP, .M = 0, 0, +INF, 0)
       -1       e_Objective
        1       e_CostTotal(2020)


---- v_CostTransport  

v_CostTransport(2020)
                (.LO, .L, .UP, .M = 0, 0, +INF, 0)
       -1       e_CostTotal(2020)
        1       e_CostTransport(2020)


---- v_CostProduction  

v_CostProduction(2020)
                (.LO, .L, .UP, .M = 0, 0, +INF, 0)
       -1       e_CostTotal(2020)
        1       e_CostProduction(2020)


---- v_CostTotalDummy  

v_CostTotalDummy(2020)
                (.LO, .L, .UP, .M = 0, 0, +INF, 0)
       -1       e_CostTotal(2020)
        1       e_CostDummy(2020)


---- v_Path  

v_Path(2020,MAR_C00017-Road_NH3-MAR01-Pipeline-ESP01)
                (.LO, .L, .UP, .M = 0, 0, +INF, 0)
       -0.3759  e_CostTransportNational(2020)
       -0.63    e_CostTransportInternational(2020)
       -3.3297  e_CostTransportConversion(2020)
       -1       e_Demand_EU(2020)
       -1       e_LinkNodeProductionPath(2020,MAR_C00017)
       -1       e_TransportLimitImport(2020,ESP01,Pipeline)
       -1       e_TransportLimitInternational(2020,MAR01,ESP01,Pipeline)

v_Path(2020,MAR_C00017-Road_NH3-MAR01-LH2-ESP01)
                (.LO, .L, .UP, .M = 0, 0, +INF, 0)
       -0.3759  e_CostTransportNational(2020)
       -0.9405  e_CostTransportInternational(2020)
       -6.6597  e_CostTransportConversion(2020)
       -1       e_Demand_EU(2020)
       -1       e_LinkNodeProductionPath(2020,MAR_C00017)
       -1       e_TransportLimitImport(2020,ESP01,LH2)
       -1       e_TransportLimitInternational(2020,MAR01,ESP01,LH2)

v_Path(2020,MAR_C00017-Road_NH3-MAR01-Maritime_ammonia-ESP01)
                (.LO, .L, .UP, .M = 0, 0, +INF, 0)
       -0.3759  e_CostTransportNational(2020)
       -0.2625  e_CostTransportInternational(2020)
       -3.3297  e_CostTransportConversion(2020)
       -1       e_Demand_EU(2020)
       -1       e_LinkNodeProductionPath(2020,MAR_C00017)
       -1       e_TransportLimitImport(2020,ESP01,Maritime_ammonia)
       -1       e_TransportLimitInternational(2020,MAR01,ESP01,Maritime_ammonia)

REMAINING 3 ENTRIES SKIPPED

---- v_ProductionNode  

v_ProductionNode(2020,MAR_C00018)
                (.LO, .L, .UP, .M = 0, 0, +INF, 0)
        1       e_LinkNodeProductionPath(2020,MAR_C00018)
        1       e_LinkH2SystemNodeProduction(2020,MAR_C00018)

v_ProductionNode(2020,MAR_C00017)
                (.LO, .L, .UP, .M = 0, 0, +INF, 0)
        1       e_LinkNodeProductionPath(2020,MAR_C00017)
        1       e_LinkH2SystemNodeProduction(2020,MAR_C00017)


---- v_ProductionH2System  

v_ProductionH2System(2020,MAR_C00018-Hybrid-Alkaline_electrolyser)
                (.LO, .L, .UP, .M = 0, 0, +INF, 0)
       -9       e_CostProduction(2020)
       -1       e_LinkH2SystemNodeProduction(2020,MAR_C00018)
       -0.6     e_ProductionLimitCountry(2020,MAR,PV)
       -1.5     e_ProductionLimitCountry(2020,MAR,Onshore)
       -2.1     e_ProductionLimitCapacityNode(2020,MAR_C00018)

v_ProductionH2System(2020,MAR_C00018-PV-Alkaline_electrolyser)
                (.LO, .L, .UP, .M = 0, 0, +INF, 0)
      -10       e_CostProduction(2020)
       -1       e_LinkH2SystemNodeProduction(2020,MAR_C00018)
       -1.5     e_ProductionLimitCountry(2020,MAR,PV)
       -1.5     e_ProductionLimitCapacityNode(2020,MAR_C00018)

v_ProductionH2System(2020,MAR_C00018-Onshore-Alkaline_electrolyser)
                (.LO, .L, .UP, .M = 0, 0, +INF, 0)
      -11       e_CostProduction(2020)
       -1       e_LinkH2SystemNodeProduction(2020,MAR_C00018)
       -1.5     e_ProductionLimitCountry(2020,MAR,Onshore)
       -1.5     e_ProductionLimitCapacityNode(2020,MAR_C00018)

REMAINING 3 ENTRIES SKIPPED

---- v_ProductionDummy  

v_ProductionDummy(2020,ESP01)
                (.LO, .L, .UP, .M = 0, 0, +INF, 0)
  -1.000000E+6  e_CostDummy(2020)


---- v_ProductionDummyEU  

v_ProductionDummyEU(2020)
                (.LO, .L, .UP, .M = 0, 0, +INF, 0)
  -1.000000E+6  e_CostDummy(2020)
       -1       e_Demand_EU(2020)


---- v_CostTransportNational  

v_CostTransportNational(2020)
                (.LO, .L, .UP, .M = 0, 0, +INF, 0)
       -1       e_CostTransport(2020)
        1       e_CostTransportNational(2020)


---- v_CostTransportInternational  

v_CostTransportInternational(2020)
                (.LO, .L, .UP, .M = 0, 0, +INF, 0)
       -1       e_CostTransport(2020)
        1       e_CostTransportInternational(2020)


---- v_CostTransportConversion  

v_CostTransportConversion(2020)
                (.LO, .L, .UP, .M = 0, 0, +INF, 0)
       -1       e_CostTransport(2020)
        1       e_CostTransportConversion(2020)

GAMS 25.1.3  r4e34d435fbd Released Oct 30, 2018 WEX-WEI x86 64bit/MS Windows - 11/21/20 18:38:59 Page 6
G e n e r a l   A l g e b r a i c   M o d e l i n g   S y s t e m
Model Statistics    SOLVE H2forEU_SupplyChain Using LP From line 593


LOOPS                            ITERATION   1


MODEL STATISTICS

BLOCKS OF EQUATIONS          16     SINGLE EQUATIONS           23
BLOCKS OF VARIABLES          13     SINGLE VARIABLES           24
NON ZERO ELEMENTS            90


GENERATION TIME      =        0.062 SECONDS      4 MB  25.1.3 r4e34d435fbd WEX-WEI


EXECUTION TIME       =        0.062 SECONDS      4 MB  25.1.3 r4e34d435fbd WEX-WEI
               L O O P S          ITERATION 1

GAMS 25.1.3  r4e34d435fbd Released Oct 30, 2018 WEX-WEI x86 64bit/MS Windows - 11/21/20 18:38:59 Page 7
G e n e r a l   A l g e b r a i c   M o d e l i n g   S y s t e m
Solution Report     SOLVE H2forEU_SupplyChain Using LP From line 593


               S O L V E      S U M M A R Y

     MODEL   H2forEU_SupplyChain   OBJECTIVE  v_CostSupply
     TYPE    LP                    DIRECTION  MINIMIZE
     SOLVER  CPLEX                 FROM LINE  593

**** SOLVER STATUS     1 Normal Completion         
**** MODEL STATUS      1 Optimal                   
**** OBJECTIVE VALUE   75007494083512192.0000

 RESOURCE USAGE, LIMIT          0.016      1000.000
 ITERATION COUNT, LIMIT        12    2000000000

IBM ILOG CPLEX   28.2.0 r750fa45 Released Aug 19, 2019 WEI x86 64bit/MS Window
Cplex 12.9.0.0

Space for names approximately 0.00 Mb
Use option 'names no' to turn use of names off
LP status(1): optimal
Cplex Time: 0.00sec (det. 0.05 ticks)
Optimal solution found.
Objective : 75007494083512192.000000


                           LOWER          LEVEL          UPPER         MARGINAL

---- EQU e_Objecti~          .              .              .             1.0000      

---- EQU e_CostTotal  

            LOWER          LEVEL          UPPER         MARGINAL

2020          .              .              .             1.0000      

---- EQU e_CostProduction  

            LOWER          LEVEL          UPPER         MARGINAL

2020          .              .              .             1.0000      

---- EQU e_CostDummy  

            LOWER          LEVEL          UPPER         MARGINAL

2020          .              .              .             1.0000      

---- EQU e_CostTransport  

            LOWER          LEVEL          UPPER         MARGINAL

2020          .              .              .             1.0000      

---- EQU e_CostTransportNational  

            LOWER          LEVEL          UPPER         MARGINAL

2020          .              .              .             1.0000      

---- EQU e_CostTransportInternational  

            LOWER          LEVEL          UPPER         MARGINAL

2020          .              .              .             1.0000      

---- EQU e_CostTransportConversion  

            LOWER          LEVEL          UPPER         MARGINAL

2020          .              .              .             1.0000      

---- EQU e_Demand_EU  

            LOWER          LEVEL          UPPER         MARGINAL

2020   -7.50075E+10   -7.50075E+10   -7.50075E+10   -1.000000E+6      

---- EQU e_LinkNodeProductionPath  

                       LOWER          LEVEL          UPPER         MARGINAL

2020.MAR_C00018          .              .              .        999992.1567      
2020.MAR_C00017          .              .              .        999992.0240      

---- EQU e_LinkH2SystemNodeProduction  

                       LOWER          LEVEL          UPPER         MARGINAL

2020.MAR_C00018          .              .              .       -999992.1567      
2020.MAR_C00017          .              .              .       -999992.0240      

---- EQU e_ProductionLimitCountry  

                        LOWER          LEVEL          UPPER         MARGINAL

2020.MAR.PV          -6000.0000     -6000.0000        +INF       666654.6826      
2020.MAR.Onshore     -4000.0000     -4000.0000        +INF       666654.0160      

---- EQU e_ProductionLimitVolumesNode  

                NONE


---- EQU e_ProductionLimitCapacityNode  

                       LOWER          LEVEL          UPPER         MARGINAL

2020.MAR_C00018     -5000.0000     -5000.0000        +INF            0.0885      
2020.MAR_C00017     -5000.0000     -5000.0000        +INF             .          

---- EQU e_TransportLimitImport  

                                   LOWER          LEVEL          UPPER         MARGINAL

2020.ESP01.Pipeline             -5000.0000     -5000.0000        +INF             .          
2020.ESP01.LH2                  -2000.0000     -1666.6667        +INF             .          
2020.ESP01.Maritime_ammonia          .              .            +INF            4.0080      

---- EQU e_TransportLimitInternational  

                                         LOWER          LEVEL          UPPER         MARGINAL

2020.MAR01.ESP01.Pipeline             -5000.0000     -5000.0000        +INF            3.6405      
2020.MAR01.ESP01.LH2                  -2000.0000     -1666.6667        +INF             .          
2020.MAR01.ESP01.Maritime_ammonia          .              .            +INF             .          

                           LOWER          LEVEL          UPPER         MARGINAL

---- VAR v_CostSup~        -INF      7.500749E+16        +INF             .          

---- VAR v_CostTotal  

            LOWER          LEVEL          UPPER         MARGINAL

2020          .       7.500749E+16        +INF             .          

---- VAR v_CostTransport  

            LOWER          LEVEL          UPPER         MARGINAL

2020          .         34528.5253        +INF             .          

---- VAR v_CostProduction  

            LOWER          LEVEL          UPPER         MARGINAL

2020          .         69333.3333        +INF             .          

---- VAR v_CostTotalDummy  

            LOWER          LEVEL          UPPER         MARGINAL

2020          .       7.500749E+16        +INF             .          

---- VAR v_Path  

                                                             LOWER          LEVEL          UPPER         MARGINAL

2020.MAR_C00017-Road_NH3-MAR01-Pipeline-ESP01                  .          1666.6667        +INF             .          
2020.MAR_C00017-Road_NH3-MAR01-LH2-ESP01                       .          1666.6667        +INF             .          
2020.MAR_C00017-Road_NH3-MAR01-Maritime_ammonia-ESP01          .              .            +INF            EPS         
2020.MAR_C00018-Road_NH3-MAR01-Pipeline-ESP01                  .          3333.3333        +INF             .          
2020.MAR_C00018-Road_NH3-MAR01-LH2-ESP01                       .              .            +INF      1.164153E-10      
2020.MAR_C00018-Road_NH3-MAR01-Maritime_ammonia-ESP01          .              .            +INF             .          

---- VAR v_ProductionNode  

                       LOWER          LEVEL          UPPER         MARGINAL

2020.MAR_C00018          .          3333.3333        +INF             .          
2020.MAR_C00017          .          3333.3333        +INF             .          

---- VAR v_ProductionH2System  

                                                     LOWER          LEVEL          UPPER         MARGINAL

2020.MAR_C00018-Hybrid-Alkaline_electrolyser           .              .            +INF       399990.8627      
2020.MAR_C00018-PV-Alkaline_electrolyser               .           666.6667        +INF             .          
2020.MAR_C00018-Onshore-Alkaline_electrolyser          .          2666.6667        +INF             .          
2020.MAR_C00017-Hybrid-Alkaline_electrolyser           .              .            +INF       399990.8096      
2020.MAR_C00017-PV-Alkaline_electrolyser               .          3333.3333        +INF             .          
2020.MAR_C00017-Onshore-Alkaline_electrolyser          .              .            +INF            EPS         

---- VAR v_ProductionDummy  

                  LOWER          LEVEL          UPPER         MARGINAL

2020.ESP01          .              .            +INF      1000000.0000      

---- VAR v_ProductionDummyEU  

            LOWER          LEVEL          UPPER         MARGINAL

2020          .       7.500749E+10        +INF             .          

---- VAR v_CostTransportNational  

            LOWER          LEVEL          UPPER         MARGINAL

2020          .          2063.2453        +INF             .          

---- VAR v_CostTransportInternational  

            LOWER          LEVEL          UPPER         MARGINAL

2020          .          4717.3333        +INF             .          

---- VAR v_CostTransportConversion  

            LOWER          LEVEL          UPPER         MARGINAL

2020          .         27747.9467        +INF             .          


**** REPORT SUMMARY :        0     NONOPT
                             0 INFEASIBLE
                             0  UNBOUNDED
GAMS 25.1.3  r4e34d435fbd Released Oct 30, 2018 WEX-WEI x86 64bit/MS Windows - 11/21/20 18:38:59 Page 8
G e n e r a l   A l g e b r a i c   M o d e l i n g   S y s t e m
E x e c u t i o n


EXECUTION TIME       =        0.016 SECONDS      3 MB  25.1.3 r4e34d435fbd WEX-WEI


USER: CS 635 Spring 2014                             G140121/0001AO-GEN
      Prof. Michael Ferris, University of Wisconsin-Madison      DC2937
      License for teaching and research at degree granting institutions


**** FILE SUMMARY

Input      C:\Users\Johannes\Documents\PhD\06Research\Paper2\Tools\SupplyChain_Optimization\GAMS\H2forEU_SupplyChain_main.gms
Output     C:\Users\Johannes\Documents\PhD\06Research\Paper2\Tools\SupplyChain_Optimization\GAMS\H2forEU_SupplyChain_main.lst
