GAMS 25.1.3  r4e34d435fbd Released Oct 30, 2018 WEX-WEI x86 64bit/MS Windows - 11/11/20 12:31:40 Page 1
G e n e r a l   A l g e b r a i c   M o d e l i n g   S y s t e m
C o m p i l a t i o n


   1  **********************************
   2  *** MODEL SETTINGS
   3  **********************************
      $TITLE    REDUCED OUTPUT 
      $inlinecom /* */
       
      /* Turn off the listing of the input file */
      $offlisting
       
      /* Turn off the listing and cross-reference of the symbols used */
      $offsymxref offsymlist
       
      option
          limrow = 0,     
          limcol = 0, 
          solprint = off,    
          sysout = off; 
  20   
  21   
  22  **********************************
  23  *** LOAD FILES and MODEL
  24  **********************************
INCLUDE    C:\Users\Johannes\Documents\PhD\06Research\Paper2\Tools\SupplyChain_Optimization\GAMS\H2forEU_SupplyChain_setup.gms
GDXIN   C:\Users\Johannes\Documents\PhD\06Research\Paper2\Tools\SupplyChain_Optimization\GAMS\gdx/ITERATION.gdx
  27  SET ITERATION;
--- LOAD  ITERATION = 1:ITERATION
  29  *display ITERATION
  30   
  31  *SET ITERATION /1/
  32   
GDXIN   C:\Users\Johannes\Documents\PhD\06Research\Paper2\Tools\SupplyChain_Optimization\GAMS\gdx/YEAR.gdx
  34  SET YEAR;
--- LOAD  YEAR = 1:YEAR
  36  *display YEAR
  37   
GDXIN   C:\Users\Johannes\Documents\PhD\06Research\Paper2\Tools\SupplyChain_Optimization\GAMS\gdx/COUNTRY.gdx
  39  SET COUNTRY;
--- LOAD  COUNTRY = 1:COUNTRY
  41  *display COUNTRY
  42   
GDXIN   C:\Users\Johannes\Documents\PhD\06Research\Paper2\Tools\SupplyChain_Optimization\GAMS\gdx/NODE_PRODUCTION.gdx
  44  SET NODE_PRODUCTION;
--- LOAD  NODE_PRODUCTION = 1:NODE_PRODUCTION
  46  *display NODE_PRODUCTION
  47   
GDXIN   C:\Users\Johannes\Documents\PhD\06Research\Paper2\Tools\SupplyChain_Optimization\GAMS\gdx/NODE_EXPORT.gdx
  49  SET NODE_EXPORT;
--- LOAD  NODE_EXPORT = 1:NODE_EXPORT
  51  *display NODE_EXPORT
  52   
GDXIN   C:\Users\Johannes\Documents\PhD\06Research\Paper2\Tools\SupplyChain_Optimization\GAMS\gdx/NODE_IMPORT.gdx
  54  SET NODE_IMPORT;
--- LOAD  NODE_IMPORT = 1:NODE_IMPORT
  56  *display NODE_IMPORT
  57   
GDXIN   C:\Users\Johannes\Documents\PhD\06Research\Paper2\Tools\SupplyChain_Optimization\GAMS\gdx/PATH.gdx
  59  SET PATH;
--- LOAD  PATH = 1:PATH
  61  *display PATH
  62   
GDXIN   C:\Users\Johannes\Documents\PhD\06Research\Paper2\Tools\SupplyChain_Optimization\GAMS\gdx/TRANSPORT_NATIONAL.gdx
  64  SET TRANSPORT_NATIONAL;
--- LOAD  TRANSPORT_NATIONAL = 1:TRANSPORT_NATIONAL
  66  *display TRANSPORT_NATIONAL
  67   
GDXIN   C:\Users\Johannes\Documents\PhD\06Research\Paper2\Tools\SupplyChain_Optimization\GAMS\gdx/TRANSPORT_INTERNATIONAL.gdx
  69  SET TRANSPORT_INTERNATIONAL;
--- LOAD  TRANSPORT_INTERNATIONAL = 1:TRANSPORT_INTERNATIONAL
  71  *display TRANSPORT_INTERNATIONAL
  72   
GDXIN   C:\Users\Johannes\Documents\PhD\06Research\Paper2\Tools\SupplyChain_Optimization\GAMS\gdx/TRANSPORT_CONVERSION.gdx
  74  SET TRANSPORT_CONVERSION;
--- LOAD  TRANSPORT_CONVERSION = 1:TRANSPORT_CONVERSION
  76  *display TRANSPORT_CONVERSION
  77   
GDXIN   C:\Users\Johannes\Documents\PhD\06Research\Paper2\Tools\SupplyChain_Optimization\GAMS\gdx/SOURCE.gdx
  79  SET SOURCE;
--- LOAD  SOURCE = 1:SOURCE
  81  *display SOURCE
  82   
GDXIN   C:\Users\Johannes\Documents\PhD\06Research\Paper2\Tools\SupplyChain_Optimization\GAMS\gdx/TECHNOLOGY.gdx
  84  SET TECHNOLOGY;
--- LOAD  TECHNOLOGY = 1:TECHNOLOGY
  86  *display TECHNOLOGY
  87   
GDXIN   C:\Users\Johannes\Documents\PhD\06Research\Paper2\Tools\SupplyChain_Optimization\GAMS\gdx/ENERGY_TYPE.gdx
  89  SET ENERGY_TYPE;
--- LOAD  ENERGY_TYPE = 1:ENERGY_TYPE
  91  *display ENERGY_TYPE
  92   
GDXIN   C:\Users\Johannes\Documents\PhD\06Research\Paper2\Tools\SupplyChain_Optimization\GAMS\gdx/H2_SYSTEM.gdx
  94  SET H2_SYSTEM;
--- LOAD  H2_SYSTEM = 1:H2_SYSTEM
  96  *display H2_SYSTEM
  97   
  98   
  99  ***** LINKS
GDXIN   C:\Users\Johannes\Documents\PhD\06Research\Paper2\Tools\SupplyChain_Optimization\GAMS\gdx/LINK_ITERATION_YEAR.gdx
 101  SET LINK_ITERATION_YEAR(ITERATION,YEAR);
--- LOAD  LINK_ITERATION_YEAR = 1:LINK_ITERATION_YEAR
 103  *display LINK_ITERATION_YEAR
 104   
GDXIN   C:\Users\Johannes\Documents\PhD\06Research\Paper2\Tools\SupplyChain_Optimization\GAMS\gdx/LINK_SOURCE_ENERGY_TYPE.gdx
 106  SET LINK_SOURCE_ENERGY_TYPE(SOURCE,ENERGY_TYPE);
--- LOAD  LINK_SOURCE_ENERGY_TYPE = 1:LINK_SOURCE_ENERGY_TYPE
 108  *display LINK_SOURCE_ENERGY_TYPE
 109   
GDXIN   C:\Users\Johannes\Documents\PhD\06Research\Paper2\Tools\SupplyChain_Optimization\GAMS\gdx/LINK_SOURCE_TECHNOLOGY.gdx
 111  SET LINK_SOURCE_TECHNOLOGY(SOURCE,TECHNOLOGY);
--- LOAD  LINK_SOURCE_TECHNOLOGY = 1:LINK_SOURCE_TECHNOLOGY
 113  *display LINK_SOURCE_TECHNOLOGY
 114   
GDXIN   C:\Users\Johannes\Documents\PhD\06Research\Paper2\Tools\SupplyChain_Optimization\GAMS\gdx/LINK_COUNTRY_NODE_PRODUCTION.gdx
 116  SET LINK_COUNTRY_NODE_PRODUCTION(COUNTRY,NODE_PRODUCTION);
--- LOAD  LINK_COUNTRY_NODE_PRODUCTION = 1:LINK_COUNTRY_NODE_PRODUCTION
 118  *display LINK_COUNTRY_NODE_PRODUCTION
 119   
GDXIN   C:\Users\Johannes\Documents\PhD\06Research\Paper2\Tools\SupplyChain_Optimization\GAMS\gdx/LINK_PATH_NODE_PRODUCTION.gdx
 121  SET LINK_PATH_NODE_PRODUCTION(PATH,NODE_PRODUCTION);
--- LOAD  LINK_PATH_NODE_PRODUCTION = 1:LINK_PATH_NODE_PRODUCTION
 123  *display LINK_PATH_NODE_PRODUCTION
 124   
GDXIN   C:\Users\Johannes\Documents\PhD\06Research\Paper2\Tools\SupplyChain_Optimization\GAMS\gdx/LINK_PATH_NODE_EXPORT.gdx
 126  SET LINK_PATH_NODE_EXPORT(PATH,NODE_EXPORT);
--- LOAD  LINK_PATH_NODE_EXPORT = 1:LINK_PATH_NODE_EXPORT
 128  *display LINK_PATH_NODE_EXPORT
 129   
GDXIN   C:\Users\Johannes\Documents\PhD\06Research\Paper2\Tools\SupplyChain_Optimization\GAMS\gdx/LINK_PATH_NODE_IMPORT.gdx
 131  SET LINK_PATH_NODE_IMPORT(PATH,NODE_IMPORT);
--- LOAD  LINK_PATH_NODE_IMPORT = 1:LINK_PATH_NODE_IMPORT
 133  *display LINK_PATH_NODE_IMPORT
 134   
GDXIN   C:\Users\Johannes\Documents\PhD\06Research\Paper2\Tools\SupplyChain_Optimization\GAMS\gdx/LINK_PATH_TRANSPORT_NATIONAL.gdx
 136  SET LINK_PATH_TRANSPORT_NATIONAL(PATH,TRANSPORT_NATIONAL);
--- LOAD  LINK_PATH_TRANSPORT_NATIONAL = 1:LINK_PATH_TRANSPORT_NATIONAL
 138  *display LINK_PATH_TRANSPORT_NATIONAL
 139   
GDXIN   C:\Users\Johannes\Documents\PhD\06Research\Paper2\Tools\SupplyChain_Optimization\GAMS\gdx/LINK_PATH_TRANSPORT_INTERNATIONAL.gdx
 141  SET LINK_PATH_TRANSPORT_INTERNATIONAL(PATH,TRANSPORT_INTERNATIONAL);
--- LOAD  LINK_PATH_TRANSPORT_INTERNATIONAL = 1:LINK_PATH_TRANSPORT_INTERNATIONAL
 143  *display LINK_PATH_TRANSPORT_INTERNATIONAL
 144   
GDXIN   C:\Users\Johannes\Documents\PhD\06Research\Paper2\Tools\SupplyChain_Optimization\GAMS\gdx/LINK_PATH_CONVERSION.gdx
 146  SET LINK_PATH_CONVERSION(PATH,TRANSPORT_CONVERSION);
--- LOAD  LINK_PATH_CONVERSION = 1:LINK_PATH_CONVERSION
 148  *display LINK_PATH_CONVERSION
 149   
GDXIN   C:\Users\Johannes\Documents\PhD\06Research\Paper2\Tools\SupplyChain_Optimization\GAMS\gdx/LINK_H2_SYSTEM_ENERGY_TYPE.gdx
 151  SET LINK_H2_SYSTEM_ENERGY_TYPE(H2_SYSTEM,ENERGY_TYPE);
--- LOAD  LINK_H2_SYSTEM_ENERGY_TYPE = 1:LINK_H2_SYSTEM_ENERGY_TYPE
 153  *display LINK_H2_SYSTEM_ENERGY_TYPE
 154   
GDXIN   C:\Users\Johannes\Documents\PhD\06Research\Paper2\Tools\SupplyChain_Optimization\GAMS\gdx/LINK_H2_SYSTEM_TECHNOLOGY.gdx
 156  SET LINK_H2_SYSTEM_TECHNOLOGY(H2_SYSTEM,TECHNOLOGY);
--- LOAD  LINK_H2_SYSTEM_TECHNOLOGY = 1:LINK_H2_SYSTEM_TECHNOLOGY
 158  *display LINK_H2_SYSTEM_TECHNOLOGY
 159   
GDXIN   C:\Users\Johannes\Documents\PhD\06Research\Paper2\Tools\SupplyChain_Optimization\GAMS\gdx/LINK_H2_SYSTEM_COUNTRY.gdx
 161  SET LINK_H2_SYSTEM_COUNTRY(H2_SYSTEM,COUNTRY);
--- LOAD  LINK_H2_SYSTEM_COUNTRY = 1:LINK_H2_SYSTEM_COUNTRY
 163  *display LINK_H2_SYSTEM_COUNTRY
 164   
GDXIN   C:\Users\Johannes\Documents\PhD\06Research\Paper2\Tools\SupplyChain_Optimization\GAMS\gdx/LINK_H2_SYSTEM_NODE_PRODUCTION.gdx
 166  SET LINK_H2_SYSTEM_NODE_PRODUCTION(H2_SYSTEM,NODE_PRODUCTION);
--- LOAD  LINK_H2_SYSTEM_NODE_PRODUCTION = 1:LINK_H2_SYSTEM_NODE_PRODUCTION
 168  *display LINK_H2_SYSTEM_NODE_PRODUCTION
 169   
 170   
 171  *** Temporal
 172  SET i_YEAR(YEAR)
INCLUDE    C:\Users\Johannes\Documents\PhD\06Research\Paper2\Tools\SupplyChain_Optimization\GAMS\H2forEU_SupplyChain_data.gms
 174  *$INCLUDE H2forEU_SupplyChain_setup.gms
 175   
 176   
 177  display ENERGY_TYPE
 178  display COUNTRY
 179  display YEAR
 180  Parameter p_production_limit_country(YEAR, COUNTRY, ENERGY_TYPE);
GDXIN   C:\Users\Johannes\Documents\PhD\06Research\Paper2\Tools\SupplyChain_Optimization\GAMS\gdx/p_production_limit_country.gdx
--- LOAD  p_production_limit_country = 1:p_production_limit_country
 184   
 185   
 186  Parameter p_production_limit_node(YEAR, NODE_PRODUCTION, ENERGY_TYPE);
GDXIN   C:\Users\Johannes\Documents\PhD\06Research\Paper2\Tools\SupplyChain_Optimization\GAMS\gdx/p_production_limit_node.gdx
--- LOAD  p_production_limit_node = 1:p_production_limit_node
 190  display p_production_limit_node
 191   
 192   
 193   
 194  Parameter p_production_volume(YEAR, H2_SYSTEM);
GDXIN   C:\Users\Johannes\Documents\PhD\06Research\Paper2\Tools\SupplyChain_Optimization\GAMS\gdx/p_production_volume.gdx
--- LOAD  p_production_volume = 1:p_production_volume
 198   
 199   
 200  display H2_SYSTEM
 201  Parameter p_production_capacities(YEAR, H2_SYSTEM, ENERGY_TYPE);
GDXIN   C:\Users\Johannes\Documents\PhD\06Research\Paper2\Tools\SupplyChain_Optimization\GAMS\gdx/p_production_capacities.gdx
--- LOAD  p_production_capacities = 1:p_production_capacities
 205  display p_production_capacities
 206   
 207   
 208  Parameter p_production_cost(YEAR, H2_SYSTEM);
GDXIN   C:\Users\Johannes\Documents\PhD\06Research\Paper2\Tools\SupplyChain_Optimization\GAMS\gdx/p_production_cost.gdx
--- LOAD  p_production_cost = 1:p_production_cost
 212   
 213   
 214  Parameter p_transport_national_cost_fixed(YEAR, TRANSPORT_NATIONAL);
GDXIN   C:\Users\Johannes\Documents\PhD\06Research\Paper2\Tools\SupplyChain_Optimization\GAMS\gdx/p_transport_national_cost_fixed.gdx
--- LOAD  p_transport_national_cost_fixed = 1:p_transport_national_cost_fixed
 218   
 219   
 220  Parameter p_transport_national_cost_variable(YEAR, TRANSPORT_NATIONAL);
GDXIN   C:\Users\Johannes\Documents\PhD\06Research\Paper2\Tools\SupplyChain_Optimization\GAMS\gdx/p_transport_national_cost_variable.gdx
--- LOAD  p_transport_national_cost_variable = 1:p_transport_national_cost_variable
 224   
 225   
 226  Parameter p_transport_national_distance(NODE_PRODUCTION, NODE_EXPORT,TRANSPORT_NATIONAL);
GDXIN   C:\Users\Johannes\Documents\PhD\06Research\Paper2\Tools\SupplyChain_Optimization\GAMS\gdx/p_transport_national_distance.gdx
--- LOAD  p_transport_national_distance = 1:p_transport_national_distance
 230   
 231   
 232  Parameter p_transport_international_cost_fixed(YEAR, TRANSPORT_INTERNATIONAL);
GDXIN   C:\Users\Johannes\Documents\PhD\06Research\Paper2\Tools\SupplyChain_Optimization\GAMS\gdx/p_transport_international_cost_fixed.gdx
--- LOAD  p_transport_international_cost_fixed = 1:p_transport_international_cost_fixed
 236   
 237   
 238  Parameter p_transport_international_cost_variable(YEAR, TRANSPORT_INTERNATIONAL);
GDXIN   C:\Users\Johannes\Documents\PhD\06Research\Paper2\Tools\SupplyChain_Optimization\GAMS\gdx/p_transport_international_cost_variable.gdx
--- LOAD  p_transport_international_cost_variable = 1:p_transport_international_cost_variable
 242   
 243   
 244  Parameter p_transport_international_capacity(YEAR, NODE_EXPORT, NODE_IMPORT, TRANSPORT_INTERNATIONAL);
GDXIN   C:\Users\Johannes\Documents\PhD\06Research\Paper2\Tools\SupplyChain_Optimization\GAMS\gdx/p_transport_international_capacity.gdx
--- LOAD  p_transport_international_capacity = 1:p_transport_international_capacity
 248   
 249   
 250  Parameter p_transport_international_import_capacity(YEAR, NODE_IMPORT, TRANSPORT_INTERNATIONAL);
GDXIN   C:\Users\Johannes\Documents\PhD\06Research\Paper2\Tools\SupplyChain_Optimization\GAMS\gdx/p_transport_international_import_capacity.gdx
--- LOAD  p_transport_international_import_capacity = 1:p_transport_international_import_capacity
 254   
 255   
 256  Parameter p_transport_international_distance(NODE_EXPORT, NODE_IMPORT, TRANSPORT_INTERNATIONAL);
GDXIN   C:\Users\Johannes\Documents\PhD\06Research\Paper2\Tools\SupplyChain_Optimization\GAMS\gdx/p_transport_international_distance.gdx
--- LOAD  p_transport_international_distance = 1:p_transport_international_distance
 260   
 261   
 262  Parameter p_transport_conversion_cost(YEAR, TRANSPORT_CONVERSION);
GDXIN   C:\Users\Johannes\Documents\PhD\06Research\Paper2\Tools\SupplyChain_Optimization\GAMS\gdx/p_transport_conversion_cost.gdx
--- LOAD  p_transport_conversion_cost = 1:p_transport_conversion_cost
 266   
 267   
 268   
 269   
 270   
 271   
 272   
 273   
 274  *Parameter r_capacity(KEY_SCENARIO, TECHNOLOGY);
 275   
INCLUDE    C:\Users\Johannes\Documents\PhD\06Research\Paper2\Tools\SupplyChain_Optimization\GAMS\H2forEU_SupplyChain_model.gms
 277  **********************************
 278  *** Variables
 279  **********************************
 280  Variables
 281  v_CostSupply
 282  ;
 283   
 284  Positive Variables
 285  v_CostTotal(YEAR)
 286  v_CostTransport(YEAR)
 287  v_CostProduction(YEAR)
 288  v_CostTotalDummy(YEAR)
 289  v_Path(YEAR, PATH)
 290  v_ProductionNode(YEAR, NODE_PRODUCTION)
 291  v_ProductionH2System(YEAR, H2_SYSTEM)
 292  v_ProductionDummy(YEAR, NODE_IMPORT)
 293   
 294  v_CostTransportNational(YEAR)
 295  v_CostTransportInternational(YEAR)
 296  v_CostTransportConversion(YEAR)
 297  ;
 298   
 299   
 300  **********************************
 301  *** Equation
 302  **********************************
 303  Equations
 304  e_Objective
 305  e_CostTotal(YEAR)
 306  e_CostProduction(YEAR)
 307  e_CostDummy(YEAR)
 308  e_CostTransport(YEAR)
 309   
 310  e_CostTransportNational(YEAR)
 311  e_CostTransportInternational(YEAR)
 312  e_CostTransportConversion(YEAR)
 313   
 314   
 315   
 316  e_Demand(YEAR, NODE_IMPORT)
 317   
 318  e_LinkNodeProductionPath(YEAR, NODE_PRODUCTION)
 319  e_LinkH2SystemNodeProduction(YEAR, NODE_PRODUCTION)
 320   
 321  *e_Production(YEAR, NODE_PRODUCTION)
 322  e_ProductionLimitNode(YEAR, NODE_PRODUCTION, ENERGY_TYPE)
 323  e_ProductionLimitCountry(YEAR, COUNTRY, ENERGY_TYPE)
 324   
 325  *e_Transport(YEAR)
 326  e_TransportLimitImport(YEAR, NODE_IMPORT, TRANSPORT_INTERNATIONAL)
 327  e_TransportLimitInternational(YEAR, NODE_EXPORT, NODE_IMPORT, TRANSPORT_INTERNATIONAL)
 328   
 329  ;
 330   
 331   
 332  **********************************
 333  *** OBJECTIVE & COSTS
 334  **********************************
 335  e_Objective..
 336      v_CostSupply
 337      =e=
 338      sum((i_YEAR(YEAR)), v_CostTotal(YEAR))
 339  ;
 340   
 341  *** Cost functions
 342  e_CostTotal(i_YEAR(YEAR))..
 343      v_CostTotal(YEAR)
 344      =e=
 345      + v_CostTransport(YEAR)
 346      + v_CostProduction(YEAR)
 347      + v_CostTotalDummy(YEAR)
 348  ;
 349   
 350  e_CostDummy(i_YEAR(YEAR))..
 351      v_CostTotalDummy(YEAR)
 352      =e=
 353      sum((NODE_IMPORT), v_ProductionDummy(YEAR, NODE_IMPORT)*1000000)
 354  ;
 355   
 356  e_CostProduction(i_YEAR(YEAR))..
 357      v_CostProduction(YEAR)
 358      =e=
 359      sum((H2_SYSTEM), v_ProductionH2System(YEAR, H2_SYSTEM) * p_production_cost(YEAR, H2_SYSTEM))
 360  ;
 361   
 362  e_CostTransport(i_YEAR(YEAR))..
 363      v_CostTransport(YEAR)
 364      =e=
 365      + v_CostTransportNational(YEAR)
 366      + v_CostTransportInternational(YEAR)
 367      + v_CostTransportConversion(YEAR)
 368  *    + sum((PATH, NODE_PRODUCTION, TRANSPORT_NATIONAL, NODE_EXPORT)
 369  *         $(LINK_PATH_NODE_PRODUCTION(PATH,NODE_PRODUCTION) and LINK_PATH_TRANSPORT_NATIONAL(PATH,TRANSPORT_NATIONAL) and LINK_PATH_NODE_EXPORT(PATH,NODE_EXPORT)),
 370  *         v_Path(YEAR, PATH)*p_transport_national_cost_variable(YEAR, TRANSPORT_NATIONAL)+p_transport_national_distance(NODE_PRODUCTION, NODE_EXPORT,TRANSPORT_NATIONAL)*p_transport_national_cost_fixed(YEAR, TRANSPORT_NATIONAL))
 371  *    + sum((PATH, NODE_EXPORT, TRANSPORT_INTERNATIONAL, NODE_IMPORT)
 372  *         $(LINK_PATH_NODE_EXPORT(PATH,NODE_EXPORT)and LINK_PATH_TRANSPORT_INTERNATIONAL(PATH,TRANSPORT_INTERNATIONAL)and LINK_PATH_NODE_IMPORT(PATH,NODE_IMPORT)),
 373  *         v_Path(YEAR, PATH)*p_transport_international_cost_variable(YEAR, TRANSPORT_INTERNATIONAL)+p_transport_international_distance(NODE_EXPORT, NODE_IMPORT,TRANSPORT_INTERNATIONAL)*p_transport_international_cost_fixed(YEAR, TRANSPORT_INTERNATION
      AL))
 374  *    + sum((PATH, TRANSPORT_CONVERSION)
 375  *         $(LINK_PATH_CONVERSION(PATH,TRANSPORT_CONVERSION)),
 376  *         v_Path(YEAR, PATH)*p_transport_conversion_cost(YEAR, TRANSPORT_CONVERSION))
 377  ;
 378   
 379  e_CostTransportNational(i_YEAR(YEAR))..
 380      v_CostTransportNational(YEAR)
 381      =e=
 382      + sum((PATH, NODE_PRODUCTION, TRANSPORT_NATIONAL, NODE_EXPORT)
 383      $(LINK_PATH_NODE_PRODUCTION(PATH,NODE_PRODUCTION) and LINK_PATH_TRANSPORT_NATIONAL(PATH,TRANSPORT_NATIONAL) and LINK_PATH_NODE_EXPORT(PATH,NODE_EXPORT)),
 384      v_Path(YEAR, PATH)*(p_transport_national_cost_variable(YEAR, TRANSPORT_NATIONAL)+p_transport_national_distance(NODE_PRODUCTION, NODE_EXPORT,TRANSPORT_NATIONAL)*p_transport_national_cost_fixed(YEAR, TRANSPORT_NATIONAL)))
 385  ;
 386   
 387  e_CostTransportInternational(i_YEAR(YEAR))..
 388      v_CostTransportInternational(YEAR)
 389      =e=
 390      + sum((PATH, NODE_EXPORT, TRANSPORT_INTERNATIONAL, NODE_IMPORT)
 391      $(LINK_PATH_NODE_EXPORT(PATH,NODE_EXPORT)and LINK_PATH_TRANSPORT_INTERNATIONAL(PATH,TRANSPORT_INTERNATIONAL)and LINK_PATH_NODE_IMPORT(PATH,NODE_IMPORT)),
 392      v_Path(YEAR, PATH)*(p_transport_international_cost_variable(YEAR, TRANSPORT_INTERNATIONAL)+p_transport_international_distance(NODE_EXPORT, NODE_IMPORT,TRANSPORT_INTERNATIONAL)*p_transport_international_cost_fixed(YEAR, TRANSPORT_INTERNATIONAL)))
 393  ;
 394   
 395  e_CostTransportConversion(i_YEAR(YEAR))..
 396      v_CostTransportConversion(YEAR)
 397      =e=
 398      + sum((PATH, TRANSPORT_CONVERSION)
 399      $(LINK_PATH_CONVERSION(PATH,TRANSPORT_CONVERSION)),
 400      v_Path(YEAR, PATH)*p_transport_conversion_cost(YEAR, TRANSPORT_CONVERSION))
 401  ;
 402   
 403  *** General
 404  e_Demand(i_YEAR(YEAR), NODE_IMPORT)..
 405      sum((TRANSPORT_INTERNATIONAL),p_transport_international_import_capacity(YEAR, NODE_IMPORT, TRANSPORT_INTERNATIONAL))
 406      =e=
 407      v_ProductionDummy(YEAR, NODE_IMPORT)
 408      + sum((PATH)$LINK_PATH_NODE_IMPORT(PATH,NODE_IMPORT),v_Path(YEAR, PATH))
 409  ;
 410   
 411  e_LinkNodeProductionPath(i_YEAR(YEAR), NODE_PRODUCTION)..
 412      v_ProductionNode(YEAR, NODE_PRODUCTION)
 413      =e=
 414      sum((PATH)$(LINK_PATH_NODE_PRODUCTION(PATH,NODE_PRODUCTION)),v_Path(YEAR, PATH))
 415   
 416  ;
 417   
 418  e_LinkH2SystemNodeProduction(i_YEAR(YEAR), NODE_PRODUCTION)..
 419      v_ProductionNode(YEAR, NODE_PRODUCTION)
 420      =e=
 421      sum((H2_SYSTEM)$(LINK_H2_SYSTEM_NODE_PRODUCTION(H2_SYSTEM,NODE_PRODUCTION) and p_production_cost(YEAR, H2_SYSTEM)>0),v_ProductionH2System(YEAR, H2_SYSTEM))
 422  ;
 423   
 424  *** Transport constraints
 425  e_TransportLimitImport(i_YEAR(YEAR), NODE_IMPORT, TRANSPORT_INTERNATIONAL)..
 426      p_transport_international_import_capacity(YEAR, NODE_IMPORT, TRANSPORT_INTERNATIONAL)
 427      =g=
 428      sum((PATH)$(LINK_PATH_NODE_IMPORT(PATH,NODE_IMPORT) and LINK_PATH_TRANSPORT_INTERNATIONAL(PATH,TRANSPORT_INTERNATIONAL)),v_Path(YEAR, PATH))
 429  ;
 430   
 431  e_TransportLimitInternational(i_YEAR(YEAR), NODE_EXPORT, NODE_IMPORT, TRANSPORT_INTERNATIONAL)..
 432      p_transport_international_capacity(YEAR, NODE_EXPORT, NODE_IMPORT, TRANSPORT_INTERNATIONAL)
 433      =g=
 434      sum((PATH)$(LINK_PATH_NODE_EXPORT(PATH,NODE_EXPORT) and LINK_PATH_TRANSPORT_INTERNATIONAL(PATH,TRANSPORT_INTERNATIONAL) and LINK_PATH_NODE_IMPORT(PATH,NODE_IMPORT)),v_Path(YEAR, PATH))
 435  ;
 436   
 437  *** Production constraints
 438  e_ProductionLimitNode(i_YEAR(YEAR), NODE_PRODUCTION, ENERGY_TYPE)..
 439      p_production_limit_node(YEAR, NODE_PRODUCTION, ENERGY_TYPE)
 440      =g=
 441      sum((H2_SYSTEM)$(LINK_H2_SYSTEM_NODE_PRODUCTION(H2_SYSTEM,NODE_PRODUCTION) and LINK_H2_SYSTEM_ENERGY_TYPE(H2_SYSTEM,ENERGY_TYPE)), v_ProductionH2System(YEAR, H2_SYSTEM)*p_production_capacities(YEAR, H2_SYSTEM, ENERGY_TYPE))
 442  ;
 443   
 444  e_ProductionLimitCountry(i_YEAR(YEAR), COUNTRY, ENERGY_TYPE)..
 445      p_production_limit_country(YEAR, COUNTRY, ENERGY_TYPE)
 446      =g=
 447      sum((H2_SYSTEM)$(LINK_H2_SYSTEM_COUNTRY(H2_SYSTEM,COUNTRY) and LINK_H2_SYSTEM_ENERGY_TYPE(H2_SYSTEM,ENERGY_TYPE)), v_ProductionH2System(YEAR, H2_SYSTEM)*p_production_capacities(YEAR, H2_SYSTEM, ENERGY_TYPE))
 448  ;
 449   
 450   
 451   
 452  **********************************
 453  *** Model Definition
 454  **********************************
 455  model H2forEU_SupplyChain /
 456                  e_Objective,
 457                  e_CostTotal,
 458                  e_CostProduction,
 459                  e_CostDummy,
 460                  e_CostTransport,
 461   
 462                  e_CostTransportNational,
 463                  e_CostTransportInternational,
 464                  e_CostTransportConversion,
 465   
 466                  e_Demand,
 467                  e_LinkNodeProductionPath,
 468                  e_LinkH2SystemNodeProduction,
 469                  e_ProductionLimitNode,
 470                  e_ProductionLimitCountry,
 471                  e_TransportLimitImport,
 472                  e_TransportLimitInternational
 473              /;
 474   
 475   
 476  display p_production_limit_node
 477   
 478  loop(ITERATION,
 479   
 480      i_YEAR(YEAR)$LINK_ITERATION_YEAR(ITERATION,YEAR) = yes;
 481      i_YEAR(YEAR)$(NOT LINK_ITERATION_YEAR(ITERATION,YEAR)) = no;
 482   
 483   
 484      display i_YEAR
 485      display p_production_limit_node
 486   
 487      solve H2forEU_SupplyChain using lp minimizing v_CostSupply;
 488   
 489  *    display v_Path.l;
 490  *    display v_ProductionH2System.l;
 491  *    display v_ProductionDummy.l;
 492   
 493  *    r_capacity(i_KEY_SCENARIO, TECHNOLOGY) = v_Capacity.l(i_KEY_SCENARIO,TECHNOLOGY);
 494   
 495  )
 496   
 497   
INCLUDE    C:\Users\Johannes\Documents\PhD\06Research\Paper2\Tools\SupplyChain_Optimization\GAMS\H2forEU_SupplyChain_output.gms
 499  Parameter
 500  r_CostTotal(YEAR)
 501  r_CostTransport(YEAR)
 502  r_CostTransportNational(YEAR)
 503  r_CostTransportInternational(YEAR)
 504  r_CostTransportConversion(YEAR)
 505   
 506  r_CostProduction(YEAR)
 507  r_CostTotalDummy(YEAR)
 508  r_Path(YEAR, PATH)
 509  r_ProductionNode(YEAR, NODE_PRODUCTION)
 510  r_ProductionH2System(YEAR, H2_SYSTEM)
 511  r_ProductionDummy(YEAR, NODE_IMPORT)
 512  ;
 513   
 514   
 515  r_CostTotal(YEAR) = v_CostTotal.l(YEAR);
 516  r_CostTransport(YEAR) = v_CostTransport.l(YEAR);
 517  r_CostTransportNational(YEAR) = v_CostTransportNational.l(YEAR);
 518  r_CostTransportInternational(YEAR) = v_CostTransportInternational.l(YEAR);
 519  r_CostTransportConversion(YEAR)= v_CostTransportConversion.l(YEAR);
 520  r_CostProduction(YEAR) = v_CostProduction.l(YEAR);
 521  r_CostTotalDummy(YEAR) = v_CostTotalDummy.l(YEAR);
 522  r_Path(YEAR, PATH) = v_Path.l(YEAR, PATH);
 523  r_ProductionNode(YEAR, NODE_PRODUCTION) = v_ProductionNode.l(YEAR, NODE_PRODUCTION);
 524  r_ProductionH2System(YEAR, H2_SYSTEM) = v_ProductionH2System.l(YEAR, H2_SYSTEM);
 525  r_ProductionDummy(YEAR, NODE_IMPORT) = v_ProductionDummy.l(YEAR, NODE_IMPORT);
 526   
 527   
 528   
 529  execute_unload 'gdx/00_results.gdx'
 530  r_CostTotal,
 531  r_CostTransport,
 532  r_CostTransportNational,
 533  r_CostTransportInternational,
 534  r_CostTransportConversion,
 535  r_CostProduction,
 536  r_CostTotalDummy,
 537  r_Path,
 538  r_ProductionNode,
 539  r_ProductionH2System,
 540  r_ProductionDummy
 541  ;
 542   
GAMS 25.1.3  r4e34d435fbd Released Oct 30, 2018 WEX-WEI x86 64bit/MS Windows - 11/11/20 12:31:40 Page 2
G e n e r a l   A l g e b r a i c   M o d e l i n g   S y s t e m
Include File Summary


   SEQ   GLOBAL TYPE      PARENT   LOCAL  FILENAME

     1        1 INPUT          0       0  C:\Users\Johannes\Documents\PhD\06Research\Paper2\Tools\SupplyChain_Optimization\GAMS\H2forEU_SupplyChain_main.gms
     2       25 INCLUDE        1      25  .C:\Users\Johannes\Documents\PhD\06Research\Paper2\Tools\SupplyChain_Optimization\GAMS\H2forEU_SupplyChain_setup.gms
     3       26 GDXIN          2       1  .C:\Users\Johannes\Documents\PhD\06Research\Paper2\Tools\SupplyChain_Optimization\GAMS\gdx/ITERATION.gdx
     4       33 GDXIN          2       8  .C:\Users\Johannes\Documents\PhD\06Research\Paper2\Tools\SupplyChain_Optimization\GAMS\gdx/YEAR.gdx
     5       38 GDXIN          2      13  .C:\Users\Johannes\Documents\PhD\06Research\Paper2\Tools\SupplyChain_Optimization\GAMS\gdx/COUNTRY.gdx
     6       43 GDXIN          2      18  .C:\Users\Johannes\Documents\PhD\06Research\Paper2\Tools\SupplyChain_Optimization\GAMS\gdx/NODE_PRODUCTION.gdx
     7       48 GDXIN          2      23  .C:\Users\Johannes\Documents\PhD\06Research\Paper2\Tools\SupplyChain_Optimization\GAMS\gdx/NODE_EXPORT.gdx
     8       53 GDXIN          2      28  .C:\Users\Johannes\Documents\PhD\06Research\Paper2\Tools\SupplyChain_Optimization\GAMS\gdx/NODE_IMPORT.gdx
     9       58 GDXIN          2      33  .C:\Users\Johannes\Documents\PhD\06Research\Paper2\Tools\SupplyChain_Optimization\GAMS\gdx/PATH.gdx
    10       63 GDXIN          2      38  .C:\Users\Johannes\Documents\PhD\06Research\Paper2\Tools\SupplyChain_Optimization\GAMS\gdx/TRANSPORT_NATIONAL.gdx
    11       68 GDXIN          2      43  .C:\Users\Johannes\Documents\PhD\06Research\Paper2\Tools\SupplyChain_Optimization\GAMS\gdx/TRANSPORT_INTERNATIONAL.gdx
    12       73 GDXIN          2      48  .C:\Users\Johannes\Documents\PhD\06Research\Paper2\Tools\SupplyChain_Optimization\GAMS\gdx/TRANSPORT_CONVERSION.gdx
    13       78 GDXIN          2      53  .C:\Users\Johannes\Documents\PhD\06Research\Paper2\Tools\SupplyChain_Optimization\GAMS\gdx/SOURCE.gdx
    14       83 GDXIN          2      58  .C:\Users\Johannes\Documents\PhD\06Research\Paper2\Tools\SupplyChain_Optimization\GAMS\gdx/TECHNOLOGY.gdx
    15       88 GDXIN          2      63  .C:\Users\Johannes\Documents\PhD\06Research\Paper2\Tools\SupplyChain_Optimization\GAMS\gdx/ENERGY_TYPE.gdx
    16       93 GDXIN          2      68  .C:\Users\Johannes\Documents\PhD\06Research\Paper2\Tools\SupplyChain_Optimization\GAMS\gdx/H2_SYSTEM.gdx
    17      100 GDXIN          2      75  .C:\Users\Johannes\Documents\PhD\06Research\Paper2\Tools\SupplyChain_Optimization\GAMS\gdx/LINK_ITERATION_YEAR.gdx
    18      105 GDXIN          2      80  .C:\Users\Johannes\Documents\PhD\06Research\Paper2\Tools\SupplyChain_Optimization\GAMS\gdx/LINK_SOURCE_ENERGY_TYPE.gdx
    19      110 GDXIN          2      85  .C:\Users\Johannes\Documents\PhD\06Research\Paper2\Tools\SupplyChain_Optimization\GAMS\gdx/LINK_SOURCE_TECHNOLOGY.gdx
    20      115 GDXIN          2      90  .C:\Users\Johannes\Documents\PhD\06Research\Paper2\Tools\SupplyChain_Optimization\GAMS\gdx/LINK_COUNTRY_NODE_PRODUCTION.gdx
    21      120 GDXIN          2      95  .C:\Users\Johannes\Documents\PhD\06Research\Paper2\Tools\SupplyChain_Optimization\GAMS\gdx/LINK_PATH_NODE_PRODUCTION.gdx
    22      125 GDXIN          2     100  .C:\Users\Johannes\Documents\PhD\06Research\Paper2\Tools\SupplyChain_Optimization\GAMS\gdx/LINK_PATH_NODE_EXPORT.gdx
    23      130 GDXIN          2     105  .C:\Users\Johannes\Documents\PhD\06Research\Paper2\Tools\SupplyChain_Optimization\GAMS\gdx/LINK_PATH_NODE_IMPORT.gdx
    24      135 GDXIN          2     110  .C:\Users\Johannes\Documents\PhD\06Research\Paper2\Tools\SupplyChain_Optimization\GAMS\gdx/LINK_PATH_TRANSPORT_NATIONAL.gdx
    25      140 GDXIN          2     115  .C:\Users\Johannes\Documents\PhD\06Research\Paper2\Tools\SupplyChain_Optimization\GAMS\gdx/LINK_PATH_TRANSPORT_INTERNATIONAL.gdx
    26      145 GDXIN          2     120  .C:\Users\Johannes\Documents\PhD\06Research\Paper2\Tools\SupplyChain_Optimization\GAMS\gdx/LINK_PATH_CONVERSION.gdx
    27      150 GDXIN          2     125  .C:\Users\Johannes\Documents\PhD\06Research\Paper2\Tools\SupplyChain_Optimization\GAMS\gdx/LINK_H2_SYSTEM_ENERGY_TYPE.gdx
    28      155 GDXIN          2     130  .C:\Users\Johannes\Documents\PhD\06Research\Paper2\Tools\SupplyChain_Optimization\GAMS\gdx/LINK_H2_SYSTEM_TECHNOLOGY.gdx
    29      160 GDXIN          2     135  .C:\Users\Johannes\Documents\PhD\06Research\Paper2\Tools\SupplyChain_Optimization\GAMS\gdx/LINK_H2_SYSTEM_COUNTRY.gdx
    30      165 GDXIN          2     140  .C:\Users\Johannes\Documents\PhD\06Research\Paper2\Tools\SupplyChain_Optimization\GAMS\gdx/LINK_H2_SYSTEM_NODE_PRODUCTION.gdx
    31      173 INCLUDE        1      26  .C:\Users\Johannes\Documents\PhD\06Research\Paper2\Tools\SupplyChain_Optimization\GAMS\H2forEU_SupplyChain_data.gms
    32      181 GDXIN         31       8  .C:\Users\Johannes\Documents\PhD\06Research\Paper2\Tools\SupplyChain_Optimization\GAMS\gdx/p_production_limit_country.gdx
    33      187 GDXIN         31      14  .C:\Users\Johannes\Documents\PhD\06Research\Paper2\Tools\SupplyChain_Optimization\GAMS\gdx/p_production_limit_node.gdx
    34      195 GDXIN         31      22  .C:\Users\Johannes\Documents\PhD\06Research\Paper2\Tools\SupplyChain_Optimization\GAMS\gdx/p_production_volume.gdx
    35      202 GDXIN         31      29  .C:\Users\Johannes\Documents\PhD\06Research\Paper2\Tools\SupplyChain_Optimization\GAMS\gdx/p_production_capacities.gdx
    36      209 GDXIN         31      36  .C:\Users\Johannes\Documents\PhD\06Research\Paper2\Tools\SupplyChain_Optimization\GAMS\gdx/p_production_cost.gdx
    37      215 GDXIN         31      42  .C:\Users\Johannes\Documents\PhD\06Research\Paper2\Tools\SupplyChain_Optimization\GAMS\gdx/p_transport_national_cost_fixed.gdx
    38      221 GDXIN         31      48  .C:\Users\Johannes\Documents\PhD\06Research\Paper2\Tools\SupplyChain_Optimization\GAMS\gdx/p_transport_national_cost_variable.gdx
    39      227 GDXIN         31      54  .C:\Users\Johannes\Documents\PhD\06Research\Paper2\Tools\SupplyChain_Optimization\GAMS\gdx/p_transport_national_distance.gdx
    40      233 GDXIN         31      60  .C:\Users\Johannes\Documents\PhD\06Research\Paper2\Tools\SupplyChain_Optimization\GAMS\gdx/p_transport_international_cost_fixed.gdx
    41      239 GDXIN         31      66  .C:\Users\Johannes\Documents\PhD\06Research\Paper2\Tools\SupplyChain_Optimization\GAMS\gdx/p_transport_international_cost_variable.gdx
    42      245 GDXIN         31      72  .C:\Users\Johannes\Documents\PhD\06Research\Paper2\Tools\SupplyChain_Optimization\GAMS\gdx/p_transport_international_capacity.gdx
    43      251 GDXIN         31      78  .C:\Users\Johannes\Documents\PhD\06Research\Paper2\Tools\SupplyChain_Optimization\GAMS\gdx/p_transport_international_import_capacity.gdx
    44      257 GDXIN         31      84  .C:\Users\Johannes\Documents\PhD\06Research\Paper2\Tools\SupplyChain_Optimization\GAMS\gdx/p_transport_international_distance.gdx
    45      263 GDXIN         31      90  .C:\Users\Johannes\Documents\PhD\06Research\Paper2\Tools\SupplyChain_Optimization\GAMS\gdx/p_transport_conversion_cost.gdx
    46      276 INCLUDE        1      28  .C:\Users\Johannes\Documents\PhD\06Research\Paper2\Tools\SupplyChain_Optimization\GAMS\H2forEU_SupplyChain_model.gms
    47      498 INCLUDE        1      53  .C:\Users\Johannes\Documents\PhD\06Research\Paper2\Tools\SupplyChain_Optimization\GAMS\H2forEU_SupplyChain_output.gms


COMPILATION TIME     =        0.016 SECONDS      3 MB  25.1.3 r4e34d435fbd WEX-WEI
GAMS 25.1.3  r4e34d435fbd Released Oct 30, 2018 WEX-WEI x86 64bit/MS Windows - 11/11/20 12:31:40 Page 3
G e n e r a l   A l g e b r a i c   M o d e l i n g   S y s t e m
E x e c u t i o n


----    177 SET ENERGY_TYPE  

Gas    ,    Biomass,    PV     ,    Onshore


----    178 SET COUNTRY  

MAR,    ESP


----    179 SET YEAR  

2020


----    190 PARAMETER p_production_limit_node  

                         PV     Onshore

2020.MAR_C00018    7000.000    5000.000
2020.MAR_C00017    7000.000    5000.000


----    200 SET H2_SYSTEM  

MAR_C00018-Hybrid-Alkaline_electrolyser ,    MAR_C00018-Hybrid-PEM_electrolyser      ,    MAR_C00018-PV-Alkaline_electrolyser     ,    MAR_C00018-PV-PEM_electrolyser          ,    MAR_C00018-Onshore-Alkaline_electrolyser
MAR_C00018-Onshore-PEM_electrolyser     ,    MAR_C00017-Hybrid-Alkaline_electrolyser ,    MAR_C00017-Hybrid-PEM_electrolyser      ,    MAR_C00017-PV-Alkaline_electrolyser     ,    MAR_C00017-PV-PEM_electrolyser          
MAR_C00017-Onshore-Alkaline_electrolyser,    MAR_C00017-Onshore-PEM_electrolyser     


----    205 PARAMETER p_production_capacities  

                                                       PV     Onshore

2020.MAR_C00018-Hybrid-Alkaline_electrolyser        0.600       1.500
2020.MAR_C00018-PV-Alkaline_electrolyser            1.500
2020.MAR_C00018-Onshore-Alkaline_electrolyser                   1.500
2020.MAR_C00017-Hybrid-Alkaline_electrolyser        0.600       1.500
2020.MAR_C00017-PV-Alkaline_electrolyser            1.500
2020.MAR_C00017-Onshore-Alkaline_electrolyser                   1.500


----    476 PARAMETER p_production_limit_node  

                         PV     Onshore

2020.MAR_C00018    7000.000    5000.000
2020.MAR_C00017    7000.000    5000.000


----    484 SET i_YEAR  

2020


----    485 PARAMETER p_production_limit_node  

                         PV     Onshore

2020.MAR_C00018    7000.000    5000.000
2020.MAR_C00017    7000.000    5000.000

GAMS 25.1.3  r4e34d435fbd Released Oct 30, 2018 WEX-WEI x86 64bit/MS Windows - 11/11/20 12:31:40 Page 4
G e n e r a l   A l g e b r a i c   M o d e l i n g   S y s t e m
Equation Listing    SOLVE H2forEU_SupplyChain Using LP From line 487


---- e_Objective  =E=  

e_Objective..  v_CostSupply - v_CostTotal(2020) =E= 0 ; (LHS = 0)
     

---- e_CostTotal  =E=  

e_CostTotal(2020)..  v_CostTotal(2020) - v_CostTransport(2020) - v_CostProduction(2020) - v_CostTotalDummy(2020) =E= 0 ; (LHS = 0)
     

---- e_CostProduction  =E=  

e_CostProduction(2020)..  v_CostProduction(2020) - 9*v_ProductionH2System(2020,MAR_C00018-Hybrid-Alkaline_electrolyser) - 10*v_ProductionH2System(2020,MAR_C00018-PV-Alkaline_electrolyser)
     
      - 11*v_ProductionH2System(2020,MAR_C00018-Onshore-Alkaline_electrolyser) - 9*v_ProductionH2System(2020,MAR_C00017-Hybrid-Alkaline_electrolyser) - 10*v_ProductionH2System(2020,MAR_C00017-PV-Alkaline_electrolyser)
     
      - 11*v_ProductionH2System(2020,MAR_C00017-Onshore-Alkaline_electrolyser) =E= 0 ; (LHS = 0)
     

---- e_CostDummy  =E=  

e_CostDummy(2020)..  v_CostTotalDummy(2020) - 1000000*v_ProductionDummy(2020,ESP01) =E= 0 ; (LHS = 0)
     

---- e_CostTransport  =E=  

e_CostTransport(2020)..  v_CostTransport(2020) - v_CostTransportNational(2020) - v_CostTransportInternational(2020) - v_CostTransportConversion(2020) =E= 0 ; (LHS = 0)
     

---- e_CostTransportNational  =E=  

e_CostTransportNational(2020)..  - 0.3758585*v_Path(2020,MAR_C00017-Road_NH3-MAR01-Pipeline-ESP01) - 0.3758585*v_Path(2020,MAR_C00017-Road_NH3-MAR01-LH2-ESP01) - 0.3758585*v_Path(2020,MAR_C00017-Road_NH3-MAR01-Maritime_ammonia-ESP01)
     
      - 0.2431151*v_Path(2020,MAR_C00018-Road_NH3-MAR01-Pipeline-ESP01) - 0.2431151*v_Path(2020,MAR_C00018-Road_NH3-MAR01-LH2-ESP01) - 0.2431151*v_Path(2020,MAR_C00018-Road_NH3-MAR01-Maritime_ammonia-ESP01) + v_CostTransportNational(2020) =E= 0 ;
     
      (LHS = 0)
     

---- e_CostTransportInternational  =E=  

e_CostTransportInternational(2020)..  - 0.62997*v_Path(2020,MAR_C00017-Road_NH3-MAR01-Pipeline-ESP01) - 0.94049*v_Path(2020,MAR_C00017-Road_NH3-MAR01-LH2-ESP01) - 0.2624996*v_Path(2020,MAR_C00017-Road_NH3-MAR01-Maritime_ammonia-ESP01)
     
      - 0.62997*v_Path(2020,MAR_C00018-Road_NH3-MAR01-Pipeline-ESP01) - 0.94049*v_Path(2020,MAR_C00018-Road_NH3-MAR01-LH2-ESP01) - 0.2624996*v_Path(2020,MAR_C00018-Road_NH3-MAR01-Maritime_ammonia-ESP01) + v_CostTransportInternational(2020) =E= 0 ;
     
      (LHS = 0)
     

---- e_CostTransportConversion  =E=  

e_CostTransportConversion(2020)..  - 3.329692*v_Path(2020,MAR_C00017-Road_NH3-MAR01-Pipeline-ESP01) - 6.659692*v_Path(2020,MAR_C00017-Road_NH3-MAR01-LH2-ESP01) - 3.329692*v_Path(2020,MAR_C00017-Road_NH3-MAR01-Maritime_ammonia-ESP01)
     
      - 3.329692*v_Path(2020,MAR_C00018-Road_NH3-MAR01-Pipeline-ESP01) - 6.659692*v_Path(2020,MAR_C00018-Road_NH3-MAR01-LH2-ESP01) - 3.329692*v_Path(2020,MAR_C00018-Road_NH3-MAR01-Maritime_ammonia-ESP01) + v_CostTransportConversion(2020) =E= 0 ; (LHS = 0)
     

---- e_Demand  =E=  

e_Demand(2020,ESP01)..  - v_Path(2020,MAR_C00017-Road_NH3-MAR01-Pipeline-ESP01) - v_Path(2020,MAR_C00017-Road_NH3-MAR01-LH2-ESP01) - v_Path(2020,MAR_C00017-Road_NH3-MAR01-Maritime_ammonia-ESP01) - v_Path(2020,MAR_C00018-Road_NH3-MAR01-Pipeline-ESP01)
     
      - v_Path(2020,MAR_C00018-Road_NH3-MAR01-LH2-ESP01) - v_Path(2020,MAR_C00018-Road_NH3-MAR01-Maritime_ammonia-ESP01) - v_ProductionDummy(2020,ESP01) =E= -7000 ; (LHS = 0, INFES = 7000 ****)
     

---- e_LinkNodeProductionPath  =E=  

e_LinkNodeProductionPath(2020,MAR_C00018)..  - v_Path(2020,MAR_C00018-Road_NH3-MAR01-Pipeline-ESP01) - v_Path(2020,MAR_C00018-Road_NH3-MAR01-LH2-ESP01) - v_Path(2020,MAR_C00018-Road_NH3-MAR01-Maritime_ammonia-ESP01) + v_ProductionNode(2020,MAR_C00018)
      =E= 0 ; (LHS = 0)
     
e_LinkNodeProductionPath(2020,MAR_C00017)..  - v_Path(2020,MAR_C00017-Road_NH3-MAR01-Pipeline-ESP01) - v_Path(2020,MAR_C00017-Road_NH3-MAR01-LH2-ESP01) - v_Path(2020,MAR_C00017-Road_NH3-MAR01-Maritime_ammonia-ESP01) + v_ProductionNode(2020,MAR_C00017)
      =E= 0 ; (LHS = 0)
     

---- e_LinkH2SystemNodeProduction  =E=  

e_LinkH2SystemNodeProduction(2020,MAR_C00018)..  v_ProductionNode(2020,MAR_C00018) - v_ProductionH2System(2020,MAR_C00018-Hybrid-Alkaline_electrolyser) - v_ProductionH2System(2020,MAR_C00018-PV-Alkaline_electrolyser)
     
      - v_ProductionH2System(2020,MAR_C00018-Onshore-Alkaline_electrolyser) =E= 0 ; (LHS = 0)
     
e_LinkH2SystemNodeProduction(2020,MAR_C00017)..  v_ProductionNode(2020,MAR_C00017) - v_ProductionH2System(2020,MAR_C00017-Hybrid-Alkaline_electrolyser) - v_ProductionH2System(2020,MAR_C00017-PV-Alkaline_electrolyser)
     
      - v_ProductionH2System(2020,MAR_C00017-Onshore-Alkaline_electrolyser) =E= 0 ; (LHS = 0)
     

---- e_ProductionLimitNode  =G=  

e_ProductionLimitNode(2020,MAR_C00018,PV)..  - 0.6*v_ProductionH2System(2020,MAR_C00018-Hybrid-Alkaline_electrolyser) - 1.5*v_ProductionH2System(2020,MAR_C00018-PV-Alkaline_electrolyser) =G= -7000 ; (LHS = 0)
     
e_ProductionLimitNode(2020,MAR_C00018,Onshore)..  - 1.5*v_ProductionH2System(2020,MAR_C00018-Hybrid-Alkaline_electrolyser) - 1.5*v_ProductionH2System(2020,MAR_C00018-Onshore-Alkaline_electrolyser) =G= -5000 ; (LHS = 0)
     
e_ProductionLimitNode(2020,MAR_C00017,PV)..  - 0.6*v_ProductionH2System(2020,MAR_C00017-Hybrid-Alkaline_electrolyser) - 1.5*v_ProductionH2System(2020,MAR_C00017-PV-Alkaline_electrolyser) =G= -7000 ; (LHS = 0)
     
REMAINING ENTRY SKIPPED


---- e_ProductionLimitCountry  =G=  

e_ProductionLimitCountry(2020,MAR,PV)..  - 0.6*v_ProductionH2System(2020,MAR_C00018-Hybrid-Alkaline_electrolyser) - 1.5*v_ProductionH2System(2020,MAR_C00018-PV-Alkaline_electrolyser) - 0.6*v_ProductionH2System(2020,MAR_C00017-Hybrid-Alkaline_electrolyser)
     
      - 1.5*v_ProductionH2System(2020,MAR_C00017-PV-Alkaline_electrolyser) =G= -6000 ; (LHS = 0)
     
e_ProductionLimitCountry(2020,MAR,Onshore)..  - 1.5*v_ProductionH2System(2020,MAR_C00018-Hybrid-Alkaline_electrolyser) - 1.5*v_ProductionH2System(2020,MAR_C00018-Onshore-Alkaline_electrolyser)
     
      - 1.5*v_ProductionH2System(2020,MAR_C00017-Hybrid-Alkaline_electrolyser) - 1.5*v_ProductionH2System(2020,MAR_C00017-Onshore-Alkaline_electrolyser) =G= -4000 ; (LHS = 0)
     

---- e_TransportLimitImport  =G=  

e_TransportLimitImport(2020,ESP01,Pipeline)..  - v_Path(2020,MAR_C00017-Road_NH3-MAR01-Pipeline-ESP01) - v_Path(2020,MAR_C00018-Road_NH3-MAR01-Pipeline-ESP01) =G= -5000 ; (LHS = 0)
     
e_TransportLimitImport(2020,ESP01,LH2)..  - v_Path(2020,MAR_C00017-Road_NH3-MAR01-LH2-ESP01) - v_Path(2020,MAR_C00018-Road_NH3-MAR01-LH2-ESP01) =G= -2000 ; (LHS = 0)
     
e_TransportLimitImport(2020,ESP01,Maritime_ammonia)..  - v_Path(2020,MAR_C00017-Road_NH3-MAR01-Maritime_ammonia-ESP01) - v_Path(2020,MAR_C00018-Road_NH3-MAR01-Maritime_ammonia-ESP01) =G= 0 ; (LHS = 0)
     

---- e_TransportLimitInternational  =G=  

e_TransportLimitInternational(2020,MAR01,ESP01,Pipeline)..  - v_Path(2020,MAR_C00017-Road_NH3-MAR01-Pipeline-ESP01) - v_Path(2020,MAR_C00018-Road_NH3-MAR01-Pipeline-ESP01) =G= -5000 ; (LHS = 0)
     
e_TransportLimitInternational(2020,MAR01,ESP01,LH2)..  - v_Path(2020,MAR_C00017-Road_NH3-MAR01-LH2-ESP01) - v_Path(2020,MAR_C00018-Road_NH3-MAR01-LH2-ESP01) =G= -2000 ; (LHS = 0)
     
e_TransportLimitInternational(2020,MAR01,ESP01,Maritime_ammonia)..  - v_Path(2020,MAR_C00017-Road_NH3-MAR01-Maritime_ammonia-ESP01) - v_Path(2020,MAR_C00018-Road_NH3-MAR01-Maritime_ammonia-ESP01) =G= 0 ; (LHS = 0)
     
GAMS 25.1.3  r4e34d435fbd Released Oct 30, 2018 WEX-WEI x86 64bit/MS Windows - 11/11/20 12:31:40 Page 5
G e n e r a l   A l g e b r a i c   M o d e l i n g   S y s t e m
Column Listing      SOLVE H2forEU_SupplyChain Using LP From line 487


---- v_CostSupply  

v_CostSupply
                (.LO, .L, .UP, .M = -INF, 0, +INF, 0)
        1       e_Objective


---- v_CostTotal  

v_CostTotal(2020)
                (.LO, .L, .UP, .M = 0, 0, +INF, 0)
       -1       e_Objective
        1       e_CostTotal(2020)


---- v_CostTransport  

v_CostTransport(2020)
                (.LO, .L, .UP, .M = 0, 0, +INF, 0)
       -1       e_CostTotal(2020)
        1       e_CostTransport(2020)


---- v_CostProduction  

v_CostProduction(2020)
                (.LO, .L, .UP, .M = 0, 0, +INF, 0)
       -1       e_CostTotal(2020)
        1       e_CostProduction(2020)


---- v_CostTotalDummy  

v_CostTotalDummy(2020)
                (.LO, .L, .UP, .M = 0, 0, +INF, 0)
       -1       e_CostTotal(2020)
        1       e_CostDummy(2020)


---- v_Path  

v_Path(2020,MAR_C00017-Road_NH3-MAR01-Pipeline-ESP01)
                (.LO, .L, .UP, .M = 0, 0, +INF, 0)
       -0.3759  e_CostTransportNational(2020)
       -0.63    e_CostTransportInternational(2020)
       -3.3297  e_CostTransportConversion(2020)
       -1       e_Demand(2020,ESP01)
       -1       e_LinkNodeProductionPath(2020,MAR_C00017)
       -1       e_TransportLimitImport(2020,ESP01,Pipeline)
       -1       e_TransportLimitInternational(2020,MAR01,ESP01,Pipeline)

v_Path(2020,MAR_C00017-Road_NH3-MAR01-LH2-ESP01)
                (.LO, .L, .UP, .M = 0, 0, +INF, 0)
       -0.3759  e_CostTransportNational(2020)
       -0.9405  e_CostTransportInternational(2020)
       -6.6597  e_CostTransportConversion(2020)
       -1       e_Demand(2020,ESP01)
       -1       e_LinkNodeProductionPath(2020,MAR_C00017)
       -1       e_TransportLimitImport(2020,ESP01,LH2)
       -1       e_TransportLimitInternational(2020,MAR01,ESP01,LH2)

v_Path(2020,MAR_C00017-Road_NH3-MAR01-Maritime_ammonia-ESP01)
                (.LO, .L, .UP, .M = 0, 0, +INF, 0)
       -0.3759  e_CostTransportNational(2020)
       -0.2625  e_CostTransportInternational(2020)
       -3.3297  e_CostTransportConversion(2020)
       -1       e_Demand(2020,ESP01)
       -1       e_LinkNodeProductionPath(2020,MAR_C00017)
       -1       e_TransportLimitImport(2020,ESP01,Maritime_ammonia)
       -1       e_TransportLimitInternational(2020,MAR01,ESP01,Maritime_ammonia)

REMAINING 3 ENTRIES SKIPPED

---- v_ProductionNode  

v_ProductionNode(2020,MAR_C00018)
                (.LO, .L, .UP, .M = 0, 0, +INF, 0)
        1       e_LinkNodeProductionPath(2020,MAR_C00018)
        1       e_LinkH2SystemNodeProduction(2020,MAR_C00018)

v_ProductionNode(2020,MAR_C00017)
                (.LO, .L, .UP, .M = 0, 0, +INF, 0)
        1       e_LinkNodeProductionPath(2020,MAR_C00017)
        1       e_LinkH2SystemNodeProduction(2020,MAR_C00017)


---- v_ProductionH2System  

v_ProductionH2System(2020,MAR_C00018-Hybrid-Alkaline_electrolyser)
                (.LO, .L, .UP, .M = 0, 0, +INF, 0)
       -9       e_CostProduction(2020)
       -1       e_LinkH2SystemNodeProduction(2020,MAR_C00018)
       -0.6     e_ProductionLimitNode(2020,MAR_C00018,PV)
       -1.5     e_ProductionLimitNode(2020,MAR_C00018,Onshore)
       -0.6     e_ProductionLimitCountry(2020,MAR,PV)
       -1.5     e_ProductionLimitCountry(2020,MAR,Onshore)

v_ProductionH2System(2020,MAR_C00018-PV-Alkaline_electrolyser)
                (.LO, .L, .UP, .M = 0, 0, +INF, 0)
      -10       e_CostProduction(2020)
       -1       e_LinkH2SystemNodeProduction(2020,MAR_C00018)
       -1.5     e_ProductionLimitNode(2020,MAR_C00018,PV)
       -1.5     e_ProductionLimitCountry(2020,MAR,PV)

v_ProductionH2System(2020,MAR_C00018-Onshore-Alkaline_electrolyser)
                (.LO, .L, .UP, .M = 0, 0, +INF, 0)
      -11       e_CostProduction(2020)
       -1       e_LinkH2SystemNodeProduction(2020,MAR_C00018)
       -1.5     e_ProductionLimitNode(2020,MAR_C00018,Onshore)
       -1.5     e_ProductionLimitCountry(2020,MAR,Onshore)

REMAINING 3 ENTRIES SKIPPED

---- v_ProductionDummy  

v_ProductionDummy(2020,ESP01)
                (.LO, .L, .UP, .M = 0, 0, +INF, 0)
  -1.000000E+6  e_CostDummy(2020)
       -1       e_Demand(2020,ESP01)


---- v_CostTransportNational  

v_CostTransportNational(2020)
                (.LO, .L, .UP, .M = 0, 0, +INF, 0)
       -1       e_CostTransport(2020)
        1       e_CostTransportNational(2020)


---- v_CostTransportInternational  

v_CostTransportInternational(2020)
                (.LO, .L, .UP, .M = 0, 0, +INF, 0)
       -1       e_CostTransport(2020)
        1       e_CostTransportInternational(2020)


---- v_CostTransportConversion  

v_CostTransportConversion(2020)
                (.LO, .L, .UP, .M = 0, 0, +INF, 0)
       -1       e_CostTransport(2020)
        1       e_CostTransportConversion(2020)

GAMS 25.1.3  r4e34d435fbd Released Oct 30, 2018 WEX-WEI x86 64bit/MS Windows - 11/11/20 12:31:40 Page 6
G e n e r a l   A l g e b r a i c   M o d e l i n g   S y s t e m
Model Statistics    SOLVE H2forEU_SupplyChain Using LP From line 487


LOOPS                            ITERATION   1


MODEL STATISTICS

BLOCKS OF EQUATIONS          15     SINGLE EQUATIONS           25
BLOCKS OF VARIABLES          12     SINGLE VARIABLES           23
NON ZERO ELEMENTS            91


GENERATION TIME      =        0.047 SECONDS      4 MB  25.1.3 r4e34d435fbd WEX-WEI


EXECUTION TIME       =        0.047 SECONDS      4 MB  25.1.3 r4e34d435fbd WEX-WEI
               L O O P S          ITERATION 1

GAMS 25.1.3  r4e34d435fbd Released Oct 30, 2018 WEX-WEI x86 64bit/MS Windows - 11/11/20 12:31:40 Page 7
G e n e r a l   A l g e b r a i c   M o d e l i n g   S y s t e m
Solution Report     SOLVE H2forEU_SupplyChain Using LP From line 487


               S O L V E      S U M M A R Y

     MODEL   H2forEU_SupplyChain   OBJECTIVE  v_CostSupply
     TYPE    LP                    DIRECTION  MINIMIZE
     SOLVER  CPLEX                 FROM LINE  487

**** SOLVER STATUS     1 Normal Completion         
**** MODEL STATUS      1 Optimal                   
**** OBJECTIVE VALUE        333436752.7140

 RESOURCE USAGE, LIMIT          0.016      1000.000
 ITERATION COUNT, LIMIT         8    2000000000

IBM ILOG CPLEX   28.2.0 r750fa45 Released Aug 19, 2019 WEI x86 64bit/MS Window
Cplex 12.9.0.0

Space for names approximately 0.00 Mb
Use option 'names no' to turn use of names off
LP status(1): optimal
Cplex Time: 0.00sec (det. 0.05 ticks)
Optimal solution found.
Objective :   333436752.714001


                           LOWER          LEVEL          UPPER         MARGINAL

---- EQU e_Objecti~          .              .              .             1.0000      

---- EQU e_CostTotal  

            LOWER          LEVEL          UPPER         MARGINAL

2020          .              .              .             1.0000      

---- EQU e_CostProduction  

            LOWER          LEVEL          UPPER         MARGINAL

2020          .              .              .             1.0000      

---- EQU e_CostDummy  

            LOWER          LEVEL          UPPER         MARGINAL

2020          .              .              .             1.0000      

---- EQU e_CostTransport  

            LOWER          LEVEL          UPPER         MARGINAL

2020          .              .              .             1.0000      

---- EQU e_CostTransportNational  

            LOWER          LEVEL          UPPER         MARGINAL

2020          .              .              .             1.0000      

---- EQU e_CostTransportInternational  

            LOWER          LEVEL          UPPER         MARGINAL

2020          .              .              .             1.0000      

---- EQU e_CostTransportConversion  

            LOWER          LEVEL          UPPER         MARGINAL

2020          .              .              .             1.0000      

---- EQU e_Demand  

                  LOWER          LEVEL          UPPER         MARGINAL

2020.ESP01     -7000.0000     -7000.0000     -7000.0000   -1.000000E+6      

---- EQU e_LinkNodeProductionPath  

                       LOWER          LEVEL          UPPER         MARGINAL

2020.MAR_C00018          .              .              .        999992.1567      
2020.MAR_C00017          .              .              .        999992.0240      

---- EQU e_LinkH2SystemNodeProduction  

                       LOWER          LEVEL          UPPER         MARGINAL

2020.MAR_C00018          .              .              .       -999992.1567      
2020.MAR_C00017          .              .              .       -999992.0240      

---- EQU e_ProductionLimitNode  

                               LOWER          LEVEL          UPPER         MARGINAL

2020.MAR_C00018.PV          -7000.0000     -6000.0000        +INF             .          
2020.MAR_C00018.Onshore     -5000.0000     -4000.0000        +INF             .          
2020.MAR_C00017.PV          -7000.0000          .            +INF             .          
2020.MAR_C00017.Onshore     -5000.0000          .            +INF             .          

---- EQU e_ProductionLimitCountry  

                        LOWER          LEVEL          UPPER         MARGINAL

2020.MAR.PV          -6000.0000     -6000.0000        +INF       666654.7711      
2020.MAR.Onshore     -4000.0000     -4000.0000        +INF       666654.1045      

---- EQU e_TransportLimitImport  

                                   LOWER          LEVEL          UPPER         MARGINAL

2020.ESP01.Pipeline             -5000.0000     -5000.0000        +INF             .          
2020.ESP01.LH2                  -2000.0000     -1666.6667        +INF             .          
2020.ESP01.Maritime_ammonia          .              .            +INF            4.0080      

---- EQU e_TransportLimitInternational  

                                         LOWER          LEVEL          UPPER         MARGINAL

2020.MAR01.ESP01.Pipeline             -5000.0000     -5000.0000        +INF            3.6405      
2020.MAR01.ESP01.LH2                  -2000.0000     -1666.6667        +INF             .          
2020.MAR01.ESP01.Maritime_ammonia          .              .            +INF             .          

                           LOWER          LEVEL          UPPER         MARGINAL

---- VAR v_CostSup~        -INF      3.3343675E+8        +INF             .          

---- VAR v_CostTotal  

            LOWER          LEVEL          UPPER         MARGINAL

2020          .       3.3343675E+8        +INF             .          

---- VAR v_CostTransport  

            LOWER          LEVEL          UPPER         MARGINAL

2020          .         34086.0473        +INF             .          

---- VAR v_CostProduction  

            LOWER          LEVEL          UPPER         MARGINAL

2020          .         69333.3333        +INF             .          

---- VAR v_CostTotalDummy  

            LOWER          LEVEL          UPPER         MARGINAL

2020          .       3.3333333E+8        +INF             .          

---- VAR v_Path  

                                                             LOWER          LEVEL          UPPER         MARGINAL

2020.MAR_C00017-Road_NH3-MAR01-Pipeline-ESP01                  .              .            +INF      -1.16415E-10      
2020.MAR_C00017-Road_NH3-MAR01-LH2-ESP01                       .              .            +INF             .          
2020.MAR_C00017-Road_NH3-MAR01-Maritime_ammonia-ESP01          .              .            +INF            EPS         
2020.MAR_C00018-Road_NH3-MAR01-Pipeline-ESP01                  .          5000.0000        +INF             .          
2020.MAR_C00018-Road_NH3-MAR01-LH2-ESP01                       .          1666.6667        +INF             .          
2020.MAR_C00018-Road_NH3-MAR01-Maritime_ammonia-ESP01          .              .            +INF             .          

---- VAR v_ProductionNode  

                       LOWER          LEVEL          UPPER         MARGINAL

2020.MAR_C00018          .          6666.6667        +INF             .          
2020.MAR_C00017          .              .            +INF             .          

---- VAR v_ProductionH2System  

                                                     LOWER          LEVEL          UPPER         MARGINAL

2020.MAR_C00018-Hybrid-Alkaline_electrolyser           .              .            +INF       399990.8627      
2020.MAR_C00018-PV-Alkaline_electrolyser               .          4000.0000        +INF             .          
2020.MAR_C00018-Onshore-Alkaline_electrolyser          .          2666.6667        +INF             .          
2020.MAR_C00017-Hybrid-Alkaline_electrolyser           .              .            +INF       399990.9954      
2020.MAR_C00017-PV-Alkaline_electrolyser               .              .            +INF            0.1327      
2020.MAR_C00017-Onshore-Alkaline_electrolyser          .              .            +INF            0.1327      

---- VAR v_ProductionDummy  

                  LOWER          LEVEL          UPPER         MARGINAL

2020.ESP01          .           333.3333        +INF             .          

---- VAR v_CostTransportNational  

            LOWER          LEVEL          UPPER         MARGINAL

2020          .          1620.7673        +INF             .          

---- VAR v_CostTransportInternational  

            LOWER          LEVEL          UPPER         MARGINAL

2020          .          4717.3333        +INF             .          

---- VAR v_CostTransportConversion  

            LOWER          LEVEL          UPPER         MARGINAL

2020          .         27747.9467        +INF             .          


**** REPORT SUMMARY :        0     NONOPT
                             0 INFEASIBLE
                             0  UNBOUNDED
GAMS 25.1.3  r4e34d435fbd Released Oct 30, 2018 WEX-WEI x86 64bit/MS Windows - 11/11/20 12:31:40 Page 8
G e n e r a l   A l g e b r a i c   M o d e l i n g   S y s t e m
E x e c u t i o n


EXECUTION TIME       =        0.016 SECONDS      3 MB  25.1.3 r4e34d435fbd WEX-WEI


USER: CS 635 Spring 2014                             G140121/0001AO-GEN
      Prof. Michael Ferris, University of Wisconsin-Madison      DC2937
      License for teaching and research at degree granting institutions


**** FILE SUMMARY

Input      C:\Users\Johannes\Documents\PhD\06Research\Paper2\Tools\SupplyChain_Optimization\GAMS\H2forEU_SupplyChain_main.gms
Output     C:\Users\Johannes\Documents\PhD\06Research\Paper2\Tools\SupplyChain_Optimization\GAMS\H2forEU_SupplyChain_main.lst
