GAMS 25.1.3  r4e34d435fbd Released Oct 30, 2018 WEX-WEI x86 64bit/MS Windows - 11/01/20 18:29:09 Page 1
G e n e r a l   A l g e b r a i c   M o d e l i n g   S y s t e m
C o m p i l a t i o n


   1  **********************************
   2  *** MODEL SETTINGS
   3  **********************************
      $TITLE    REDUCED OUTPUT 
      $inlinecom /* */
       
      /* Turn off the listing of the input file */
      $offlisting
       
      /* Turn off the listing and cross-reference of the symbols used */
      $offsymxref offsymlist
       
      option
          limrow = 0,     
          limcol = 0, 
          solprint = off,    
          sysout = off; 
  20   
  21  **********************************
  22  *** LOAD FILES and MODEL
  23  **********************************
INCLUDE    C:\Users\Johannes\Documents\PhD\06Research\Paper2\Tools\LCOH\GAMS\H2forEU_LCOH_setup.gms
GDXIN   C:\Users\Johannes\Documents\PhD\06Research\Paper2\Tools\LCOH\GAMS\gdx/ITERATION.gdx
  26  SET ITERATION;
--- LOAD  ITERATION = 1:ITERATION
  28  display ITERATION
  29   
  30  *SET ITERATION /1/
  31   
GDXIN   C:\Users\Johannes\Documents\PhD\06Research\Paper2\Tools\LCOH\GAMS\gdx/KEY_SCENARIO.gdx
  33  SET KEY_SCENARIO;
--- LOAD  KEY_SCENARIO = 1:KEY_SCENARIO
  35  *display KEY_SCENARIO
  36   
GDXIN   C:\Users\Johannes\Documents\PhD\06Research\Paper2\Tools\LCOH\GAMS\gdx/YEAR.gdx
  38  SET YEAR;
--- LOAD  YEAR = 1:YEAR
  40  *display YEAR
  41   
GDXIN   C:\Users\Johannes\Documents\PhD\06Research\Paper2\Tools\LCOH\GAMS\gdx/TIMESTEP.gdx
  43  SET TIMESTEP;
--- LOAD  TIMESTEP = 1:TIMESTEP
  45  *display TIMESTEP
  46   
GDXIN   C:\Users\Johannes\Documents\PhD\06Research\Paper2\Tools\LCOH\GAMS\gdx/COUNTRY.gdx
  48  SET COUNTRY;
--- LOAD  COUNTRY = 1:COUNTRY
  50  *display COUNTRY
  51   
GDXIN   C:\Users\Johannes\Documents\PhD\06Research\Paper2\Tools\LCOH\GAMS\gdx/CELL.gdx
  53  SET CELL;
--- LOAD  CELL = 1:CELL
  55  *display CELL
  56   
GDXIN   C:\Users\Johannes\Documents\PhD\06Research\Paper2\Tools\LCOH\GAMS\gdx/SYSTEMS.gdx
  58  SET SYSTEMS;
--- LOAD  SYSTEMS = 1:SYSTEMS
  60  *display SYSTEMS
  61   
GDXIN   C:\Users\Johannes\Documents\PhD\06Research\Paper2\Tools\LCOH\GAMS\gdx/TECHNOLOGY.gdx
  63  SET TECHNOLOGY;
--- LOAD  TECHNOLOGY = 1:TECHNOLOGY
  65  *display TECHNOLOGY
  66   
GDXIN   C:\Users\Johannes\Documents\PhD\06Research\Paper2\Tools\LCOH\GAMS\gdx/ENERGY_TYPE.gdx
  68  SET ENERGY_TYPE(TECHNOLOGY);
--- LOAD  ENERGY_TYPE = 1:ENERGY_TYPE
  70  *display ENERGY_TYPE
  71   
GDXIN   C:\Users\Johannes\Documents\PhD\06Research\Paper2\Tools\LCOH\GAMS\gdx/ELECTROLYSER.gdx
  73  SET ELECTROLYSER(TECHNOLOGY);
--- LOAD  ELECTROLYSER = 1:ELECTROLYSER
  75  *display ELECTROLYSER
  76   
  77   
  78   
  79  ***** LINKS
  80   
GDXIN   C:\Users\Johannes\Documents\PhD\06Research\Paper2\Tools\LCOH\GAMS\gdx/LINK_ITERATION_KEY.gdx
  82  SET LINK_ITERATION_KEY(ITERATION,KEY_SCENARIO);
--- LOAD  LINK_ITERATION_KEY = 1:LINK_ITERATION_KEY
  84  *display LINK_ITERATION_KEY
  85   
GDXIN   C:\Users\Johannes\Documents\PhD\06Research\Paper2\Tools\LCOH\GAMS\gdx/LINK_KEY_TIMESTEP.gdx
  87  SET LINK_KEY_TIMESTEP(KEY_SCENARIO,TIMESTEP);
--- LOAD  LINK_KEY_TIMESTEP = 1:LINK_KEY_TIMESTEP
  89  *display LINK_KEY_TIMESTEP
  90   
GDXIN   C:\Users\Johannes\Documents\PhD\06Research\Paper2\Tools\LCOH\GAMS\gdx/LINK_KEY_COUNTRY.gdx
  92  SET LINK_KEY_COUNTRY(KEY_SCENARIO,COUNTRY);
--- LOAD  LINK_KEY_COUNTRY = 1:LINK_KEY_COUNTRY
  94  *display LINK_KEY_COUNTRY
  95   
GDXIN   C:\Users\Johannes\Documents\PhD\06Research\Paper2\Tools\LCOH\GAMS\gdx/LINK_KEY_CELL.gdx
  97  SET LINK_KEY_CELL(KEY_SCENARIO,CELL);
--- LOAD  LINK_KEY_CELL = 1:LINK_KEY_CELL
  99  *display LINK_KEY_CELL
 100   
GDXIN   C:\Users\Johannes\Documents\PhD\06Research\Paper2\Tools\LCOH\GAMS\gdx/LINK_KEY_SYSTEM.gdx
 102  SET LINK_KEY_SYSTEM(KEY_SCENARIO,SYSTEMS);
--- LOAD  LINK_KEY_SYSTEM = 1:LINK_KEY_SYSTEM
 104  *display LINK_KEY_SYSTEM
 105   
GDXIN   C:\Users\Johannes\Documents\PhD\06Research\Paper2\Tools\LCOH\GAMS\gdx/LINK_KEY_ENERGY_TYPE.gdx
 107  SET LINK_KEY_ENERGY_TYPE(KEY_SCENARIO,ENERGY_TYPE);
--- LOAD  LINK_KEY_ENERGY_TYPE = 1:LINK_KEY_ENERGY_TYPE
 109  *display LINK_KEY_ENERGY_TYPE
 110   
GDXIN   C:\Users\Johannes\Documents\PhD\06Research\Paper2\Tools\LCOH\GAMS\gdx/LINK_KEY_TECHNOLOGY.gdx
 112  SET LINK_KEY_TECHNOLOGY(KEY_SCENARIO,TECHNOLOGY);
--- LOAD  LINK_KEY_TECHNOLOGY = 1:LINK_KEY_TECHNOLOGY
 114  *display LINK_KEY_TECHNOLOGY
 115   
GDXIN   C:\Users\Johannes\Documents\PhD\06Research\Paper2\Tools\LCOH\GAMS\gdx/LINK_KEY_YEAR.gdx
 117  SET LINK_KEY_YEAR(KEY_SCENARIO,YEAR);
--- LOAD  LINK_KEY_YEAR = 1:LINK_KEY_YEAR
 119  *display LINK_KEY_YEAR
 120   
GDXIN   C:\Users\Johannes\Documents\PhD\06Research\Paper2\Tools\LCOH\GAMS\gdx/LINK_KEY_ELECTROLYSER.gdx
 122  SET LINK_KEY_ELECTROLYSER(KEY_SCENARIO,ELECTROLYSER);
--- LOAD  LINK_KEY_ELECTROLYSER = 1:LINK_KEY_ELECTROLYSER
 124  *display LINK_KEY_ELECTROLYSER
 125   
 126   
 127  *** Temporal
 128  SET i_KEY_SCENARIO(KEY_SCENARIO)
INCLUDE    C:\Users\Johannes\Documents\PhD\06Research\Paper2\Tools\LCOH\GAMS\H2forEU_LCOH_data.gms
 130   
 131  Parameter p_res_profile(TIMESTEP, CELL, SYSTEMS,  ENERGY_TYPE);
GDXIN   C:\Users\Johannes\Documents\PhD\06Research\Paper2\Tools\LCOH\GAMS\gdx/p_res_profile.gdx
--- LOAD  p_res_profile = 1:p_res_profile
 135   
 136  Parameter p_timestep_weighting(TIMESTEP, CELL, SYSTEMS);
GDXIN   C:\Users\Johannes\Documents\PhD\06Research\Paper2\Tools\LCOH\GAMS\gdx/p_timestep_weighting.gdx
--- LOAD  p_timestep_weighting = 1:p_timestep_weighting
 140   
 141  Parameter p_wacc(YEAR, COUNTRY);
GDXIN   C:\Users\Johannes\Documents\PhD\06Research\Paper2\Tools\LCOH\GAMS\gdx/p_wacc.gdx
--- LOAD  p_wacc = 1:p_wacc
 145   
 146  Parameter p_capex(YEAR, TECHNOLOGY);
GDXIN   C:\Users\Johannes\Documents\PhD\06Research\Paper2\Tools\LCOH\GAMS\gdx/p_capex.gdx
--- LOAD  p_capex = 1:p_capex
 150   
 151  Parameter p_opex(YEAR, TECHNOLOGY);
GDXIN   C:\Users\Johannes\Documents\PhD\06Research\Paper2\Tools\LCOH\GAMS\gdx/p_opex.gdx
--- LOAD  p_opex = 1:p_opex
 155   
 156  Parameter p_lifetime(YEAR, TECHNOLOGY);
GDXIN   C:\Users\Johannes\Documents\PhD\06Research\Paper2\Tools\LCOH\GAMS\gdx/p_lifetime.gdx
--- LOAD  p_lifetime = 1:p_lifetime
 160   
 161  Parameter p_efficiency(YEAR, ELECTROLYSER);
GDXIN   C:\Users\Johannes\Documents\PhD\06Research\Paper2\Tools\LCOH\GAMS\gdx/p_efficiency.gdx
--- LOAD  p_efficiency = 1:p_efficiency
 165   
 166  Parameter r_capacity(KEY_SCENARIO, TECHNOLOGY);
 167  Parameter r_TotalProductionH2(KEY_SCENARIO);
 168  *Parameter r_TotalCost(KEY_SCENARIO);
 169  Parameter r_LCOH(KEY_SCENARIO)
 170   
INCLUDE    C:\Users\Johannes\Documents\PhD\06Research\Paper2\Tools\LCOH\GAMS\H2forEU_LCOH_model.gms
 172  **********************************
 173  *** Variables
 174  **********************************
 175  Variables
 176  v_LCOH
 177  ;
 178   
 179  Positive Variables
 180  v_Capacity(KEY_SCENARIO,TECHNOLOGY)
 181  v_TotalCost(KEY_SCENARIO)
 182  v_TotalProductionH2(KEY_SCENARIO)
 183  v_GenerationEleSurplus(KEY_SCENARIO, TIMESTEP)
 184  v_GenerationEleInfeed(KEY_SCENARIO, TIMESTEP)
 185  v_TotalGenerationEleInfeed(KEY_SCENARIO)
 186  ;
 187  v_Capacity.fx(KEY_SCENARIO,ELECTROLYSER) = 1
 188   
 189  **********************************
 190  *** Equation
 191  **********************************
 192  Equations
 193  e_Objective
 194  e_TotalCost(KEY_SCENARIO)
 195  e_TotalProductionH2(KEY_SCENARIO)
 196  e_TotalGenerationEleInfeed(KEY_SCENARIO)
 197  e_GenerationEle(KEY_SCENARIO,TIMESTEP)
 198  e_InfeedLimitEle(KEY_SCENARIO,TIMESTEP)
 199  ;
 200   
 201   
 202  **********************************
 203  *** OBJECTIVE & COSTS
 204  **********************************
 205  e_Objective..
 206      v_LCOH
 207      =e=
 208      sum(i_KEY_SCENARIO(KEY_SCENARIO), v_TotalCost(i_KEY_SCENARIO)/(v_TotalProductionH2(i_KEY_SCENARIO)+1))
 209  ;
 210   
 211   
 212  e_TotalCost(i_KEY_SCENARIO(KEY_SCENARIO))..
 213      v_TotalCost(KEY_SCENARIO)
 214      =e=
 215      +sum((YEAR, COUNTRY, TECHNOLOGY)$(LINK_KEY_COUNTRY(i_KEY_SCENARIO,COUNTRY) and LINK_KEY_YEAR(i_KEY_SCENARIO,YEAR) and LINK_KEY_TECHNOLOGY(i_KEY_SCENARIO, TECHNOLOGY)), v_Capacity(KEY_SCENARIO,TECHNOLOGY)*(p_capex(YEAR,TECHNOLOGY) *(p_wacc(YEAR,C
      OUNTRY) / (1- (1+ p_wacc(YEAR,COUNTRY))**(-1*p_lifetime(YEAR, TECHNOLOGY))))+p_opex(YEAR, TECHNOLOGY)))
 216   
 217  *    +sum((YEAR, COUNTRY, TECHNOLOGY)$(LINK_KEY_COUNTRY(i_KEY_SCENARIO,COUNTRY) and LINK_KEY_YEAR(i_KEY_SCENARIO,YEAR) and LINK_KEY_TECHNOLOGY(i_KEY_SCENARIO, TECHNOLOGY)), v_Capacity(KEY_SCENARIO,TECHNOLOGY)*(p_capex(YEAR,TECHNOLOGY)/(1-(1/(1+p_wac
      c(YEAR,COUNTRY))**p_lifetime(YEAR, TECHNOLOGY)))/p_wacc(YEAR,COUNTRY)+p_opex(YEAR, TECHNOLOGY)))
 218  ;
 219   
 220   
 221  e_TotalProductionH2(i_KEY_SCENARIO(KEY_SCENARIO))..
 222      v_TotalProductionH2(KEY_SCENARIO)
 223      =e=
 224      sum((YEAR, ELECTROLYSER)$(LINK_KEY_TECHNOLOGY(i_KEY_SCENARIO, ELECTROLYSER) and LINK_KEY_YEAR(i_KEY_SCENARIO,YEAR)),v_TotalGenerationEleInfeed(KEY_SCENARIO)*p_efficiency(YEAR, ELECTROLYSER)*1000/33.33)
 225  *    sum((CELL, SYSTEMS, TIMESTEP)$(LINK_KEY_CELL(i_KEY_SCENARIO,CELL) and LINK_KEY_SYSTEM(i_KEY_SCENARIO,SYSTEMS) and LINK_KEY_TIMESTEP(i_KEY_SCENARIO,TIMESTEP)), v_GenerationEle(KEY_SCENARIO, TIMESTEP)*0.67)*30.03
 226  ;
 227   
 228  e_GenerationEle(i_KEY_SCENARIO(KEY_SCENARIO), TIMESTEP)$LINK_KEY_TIMESTEP(i_KEY_SCENARIO,TIMESTEP)..
 229      v_GenerationEleInfeed(KEY_SCENARIO, TIMESTEP)+v_GenerationEleSurplus(KEY_SCENARIO, TIMESTEP)
 230      =e=
 231      sum((ENERGY_TYPE,CELL,SYSTEMS)$(LINK_KEY_ENERGY_TYPE(i_KEY_SCENARIO,ENERGY_TYPE) and LINK_KEY_CELL(i_KEY_SCENARIO,CELL)and LINK_KEY_SYSTEM(i_KEY_SCENARIO,SYSTEMS)), v_Capacity(KEY_SCENARIO,ENERGY_TYPE)*p_res_profile(TIMESTEP, CELL,SYSTEMS, ENERG
      Y_TYPE))
 232  ;
 233   
 234  e_TotalGenerationEleInfeed(i_KEY_SCENARIO(KEY_SCENARIO))..
 235      v_TotalGenerationEleInfeed(KEY_SCENARIO)
 236      =e=
 237      sum((CELL, SYSTEMS, TIMESTEP)$(LINK_KEY_CELL(i_KEY_SCENARIO,CELL) and LINK_KEY_SYSTEM(i_KEY_SCENARIO,SYSTEMS) and LINK_KEY_TIMESTEP(i_KEY_SCENARIO,TIMESTEP)), v_GenerationEleInfeed(KEY_SCENARIO, TIMESTEP)*p_timestep_weighting(TIMESTEP,CELL,SYSTE
      MS))
 238  ;
 239   
 240  e_InfeedLimitEle(i_KEY_SCENARIO(KEY_SCENARIO),TIMESTEP)$LINK_KEY_TIMESTEP(i_KEY_SCENARIO,TIMESTEP)..
 241      v_GenerationEleInfeed(KEY_SCENARIO, TIMESTEP)
 242      =l=
 243      1
 244  ;
 245   
 246   
 247   
 248  **********************************
 249  *** Model Definition
 250  **********************************
 251  model H2forEU_LCOH /
 252              e_Objective,
 253              e_TotalCost,
 254              e_TotalProductionH2,
 255              e_GenerationEle,
 256              e_TotalGenerationEleInfeed,
 257              e_InfeedLimitEle
 258              /;
 259   
 260  loop(ITERATION,
 261   
 262      i_KEY_SCENARIO(KEY_SCENARIO)$LINK_ITERATION_KEY(ITERATION,KEY_SCENARIO) = yes;
 263      i_KEY_SCENARIO(KEY_SCENARIO)$(NOT LINK_ITERATION_KEY(ITERATION,KEY_SCENARIO)) = no;
 264   
 265   
 266      display i_KEY_SCENARIO
 267   
 268      solve H2forEU_LCOH using nlp minimizing v_LCOH;
 269   
 270  *    display v_Capacity.l, v_LCOH.l, v_TotalProductionH2.l, v_TotalGenerationEleInfeed.l, v_TotalCost.l;
 271   
 272      r_capacity(i_KEY_SCENARIO, TECHNOLOGY) = v_Capacity.l(i_KEY_SCENARIO,TECHNOLOGY);
 273      r_TotalProductionH2(i_KEY_SCENARIO) = v_TotalProductionH2.l(i_KEY_SCENARIO);
 274  *    r_TotalCost(i_KEY_SCENARIO) = v_TotalCost.l(i_KEY_SCENARIO);
 275      r_LCOH(i_KEY_SCENARIO) = v_LCOH.l
 276   
 277  )
 278   
 279   
INCLUDE    C:\Users\Johannes\Documents\PhD\06Research\Paper2\Tools\LCOH\GAMS\H2forEU_LCOH_output.gms
 281  execute_unload 'gdx/00_results.gdx'
 282  r_capacity
 283  r_TotalProductionH2
 284  r_LCOH
 285   
GAMS 25.1.3  r4e34d435fbd Released Oct 30, 2018 WEX-WEI x86 64bit/MS Windows - 11/01/20 18:29:09 Page 2
G e n e r a l   A l g e b r a i c   M o d e l i n g   S y s t e m
Include File Summary


   SEQ   GLOBAL TYPE      PARENT   LOCAL  FILENAME

     1        1 INPUT          0       0  C:\Users\Johannes\Documents\PhD\06Research\Paper2\Tools\LCOH\GAMS\H2forEU_LCOH_main.gms
     2       24 INCLUDE        1      24  .C:\Users\Johannes\Documents\PhD\06Research\Paper2\Tools\LCOH\GAMS\H2forEU_LCOH_setup.gms
     3       25 GDXIN          2       1  .C:\Users\Johannes\Documents\PhD\06Research\Paper2\Tools\LCOH\GAMS\gdx/ITERATION.gdx
     4       32 GDXIN          2       8  .C:\Users\Johannes\Documents\PhD\06Research\Paper2\Tools\LCOH\GAMS\gdx/KEY_SCENARIO.gdx
     5       37 GDXIN          2      13  .C:\Users\Johannes\Documents\PhD\06Research\Paper2\Tools\LCOH\GAMS\gdx/YEAR.gdx
     6       42 GDXIN          2      18  .C:\Users\Johannes\Documents\PhD\06Research\Paper2\Tools\LCOH\GAMS\gdx/TIMESTEP.gdx
     7       47 GDXIN          2      23  .C:\Users\Johannes\Documents\PhD\06Research\Paper2\Tools\LCOH\GAMS\gdx/COUNTRY.gdx
     8       52 GDXIN          2      28  .C:\Users\Johannes\Documents\PhD\06Research\Paper2\Tools\LCOH\GAMS\gdx/CELL.gdx
     9       57 GDXIN          2      33  .C:\Users\Johannes\Documents\PhD\06Research\Paper2\Tools\LCOH\GAMS\gdx/SYSTEMS.gdx
    10       62 GDXIN          2      38  .C:\Users\Johannes\Documents\PhD\06Research\Paper2\Tools\LCOH\GAMS\gdx/TECHNOLOGY.gdx
    11       67 GDXIN          2      43  .C:\Users\Johannes\Documents\PhD\06Research\Paper2\Tools\LCOH\GAMS\gdx/ENERGY_TYPE.gdx
    12       72 GDXIN          2      48  .C:\Users\Johannes\Documents\PhD\06Research\Paper2\Tools\LCOH\GAMS\gdx/ELECTROLYSER.gdx
    13       81 GDXIN          2      57  .C:\Users\Johannes\Documents\PhD\06Research\Paper2\Tools\LCOH\GAMS\gdx/LINK_ITERATION_KEY.gdx
    14       86 GDXIN          2      62  .C:\Users\Johannes\Documents\PhD\06Research\Paper2\Tools\LCOH\GAMS\gdx/LINK_KEY_TIMESTEP.gdx
    15       91 GDXIN          2      67  .C:\Users\Johannes\Documents\PhD\06Research\Paper2\Tools\LCOH\GAMS\gdx/LINK_KEY_COUNTRY.gdx
    16       96 GDXIN          2      72  .C:\Users\Johannes\Documents\PhD\06Research\Paper2\Tools\LCOH\GAMS\gdx/LINK_KEY_CELL.gdx
    17      101 GDXIN          2      77  .C:\Users\Johannes\Documents\PhD\06Research\Paper2\Tools\LCOH\GAMS\gdx/LINK_KEY_SYSTEM.gdx
    18      106 GDXIN          2      82  .C:\Users\Johannes\Documents\PhD\06Research\Paper2\Tools\LCOH\GAMS\gdx/LINK_KEY_ENERGY_TYPE.gdx
    19      111 GDXIN          2      87  .C:\Users\Johannes\Documents\PhD\06Research\Paper2\Tools\LCOH\GAMS\gdx/LINK_KEY_TECHNOLOGY.gdx
    20      116 GDXIN          2      92  .C:\Users\Johannes\Documents\PhD\06Research\Paper2\Tools\LCOH\GAMS\gdx/LINK_KEY_YEAR.gdx
    21      121 GDXIN          2      97  .C:\Users\Johannes\Documents\PhD\06Research\Paper2\Tools\LCOH\GAMS\gdx/LINK_KEY_ELECTROLYSER.gdx
    22      129 INCLUDE        1      25  .C:\Users\Johannes\Documents\PhD\06Research\Paper2\Tools\LCOH\GAMS\H2forEU_LCOH_data.gms
    23      132 GDXIN         22       3  .C:\Users\Johannes\Documents\PhD\06Research\Paper2\Tools\LCOH\GAMS\gdx/p_res_profile.gdx
    24      137 GDXIN         22       8  .C:\Users\Johannes\Documents\PhD\06Research\Paper2\Tools\LCOH\GAMS\gdx/p_timestep_weighting.gdx
    25      142 GDXIN         22      13  .C:\Users\Johannes\Documents\PhD\06Research\Paper2\Tools\LCOH\GAMS\gdx/p_wacc.gdx
    26      147 GDXIN         22      18  .C:\Users\Johannes\Documents\PhD\06Research\Paper2\Tools\LCOH\GAMS\gdx/p_capex.gdx
    27      152 GDXIN         22      23  .C:\Users\Johannes\Documents\PhD\06Research\Paper2\Tools\LCOH\GAMS\gdx/p_opex.gdx
    28      157 GDXIN         22      28  .C:\Users\Johannes\Documents\PhD\06Research\Paper2\Tools\LCOH\GAMS\gdx/p_lifetime.gdx
    29      162 GDXIN         22      33  .C:\Users\Johannes\Documents\PhD\06Research\Paper2\Tools\LCOH\GAMS\gdx/p_efficiency.gdx
    30      171 INCLUDE        1      27  .C:\Users\Johannes\Documents\PhD\06Research\Paper2\Tools\LCOH\GAMS\H2forEU_LCOH_model.gms
    31      280 INCLUDE        1      49  .C:\Users\Johannes\Documents\PhD\06Research\Paper2\Tools\LCOH\GAMS\H2forEU_LCOH_output.gms


COMPILATION TIME     =        0.016 SECONDS      3 MB  25.1.3 r4e34d435fbd WEX-WEI
GAMS 25.1.3  r4e34d435fbd Released Oct 30, 2018 WEX-WEI x86 64bit/MS Windows - 11/01/20 18:29:09 Page 3
G e n e r a l   A l g e b r a i c   M o d e l i n g   S y s t e m
E x e c u t i o n


----     28 SET ITERATION  

1


----    266 SET i_KEY_SCENARIO  

MAR_C00013_2020_Onshore_Alkaline

GAMS 25.1.3  r4e34d435fbd Released Oct 30, 2018 WEX-WEI x86 64bit/MS Windows - 11/01/20 18:29:09 Page 4
G e n e r a l   A l g e b r a i c   M o d e l i n g   S y s t e m
Equation Listing    SOLVE H2forEU_LCOH Using NLP From line 268


---- e_Objective  =E=  

e_Objective..  v_LCOH - (1)*v_TotalCost(MAR_C00013_2020_Onshore_Alkaline) + (0)*v_TotalProductionH2(MAR_C00013_2020_Onshore_Alkaline) =E= 0 ; (LHS = 0)
     

---- e_TotalCost  =E=  

e_TotalCost(MAR_C00013_2020_Onshore_Alkaline)..  - 171201.72322004*v_Capacity(MAR_C00013_2020_Onshore_Alkaline,Onshore) - 149640.694945538*v_Capacity(MAR_C00013_2020_Onshore_Alkaline,Alkaline) + v_TotalCost(MAR_C00013_2020_Onshore_Alkaline) =E= 0 ;
     
      (LHS = -149640.694945538, INFES = 149640.694945538 ****)
     

---- e_TotalProductionH2  =E=  

e_TotalProductionH2(MAR_C00013_2020_Onshore_Alkaline)..  v_TotalProductionH2(MAR_C00013_2020_Onshore_Alkaline) - 19.3519351935194*v_TotalGenerationEleInfeed(MAR_C00013_2020_Onshore_Alkaline) =E= 0 ; (LHS = 0)
     

---- e_GenerationEle  =E=  

e_GenerationEle(MAR_C00013_2020_Onshore_Alkaline,1)..  v_GenerationEleSurplus(MAR_C00013_2020_Onshore_Alkaline,1) + v_GenerationEleInfeed(MAR_C00013_2020_Onshore_Alkaline,1) =E= 0 ; (LHS = 0)
     
e_GenerationEle(MAR_C00013_2020_Onshore_Alkaline,2)..  - 0.01*v_Capacity(MAR_C00013_2020_Onshore_Alkaline,Onshore) + v_GenerationEleSurplus(MAR_C00013_2020_Onshore_Alkaline,2) + v_GenerationEleInfeed(MAR_C00013_2020_Onshore_Alkaline,2) =E= 0 ; (LHS = 0)
     
e_GenerationEle(MAR_C00013_2020_Onshore_Alkaline,3)..  - 0.02*v_Capacity(MAR_C00013_2020_Onshore_Alkaline,Onshore) + v_GenerationEleSurplus(MAR_C00013_2020_Onshore_Alkaline,3) + v_GenerationEleInfeed(MAR_C00013_2020_Onshore_Alkaline,3) =E= 0 ; (LHS = 0)
     
REMAINING 75 ENTRIES SKIPPED


---- e_TotalGenerationEleInfeed  =E=  

e_TotalGenerationEleInfeed(MAR_C00013_2020_Onshore_Alkaline)..  - 127*v_GenerationEleInfeed(MAR_C00013_2020_Onshore_Alkaline,1) - 22*v_GenerationEleInfeed(MAR_C00013_2020_Onshore_Alkaline,2) - 18*v_GenerationEleInfeed(MAR_C00013_2020_Onshore_Alkaline,3)
     
      - 26*v_GenerationEleInfeed(MAR_C00013_2020_Onshore_Alkaline,4) - 19*v_GenerationEleInfeed(MAR_C00013_2020_Onshore_Alkaline,5) - 76*v_GenerationEleInfeed(MAR_C00013_2020_Onshore_Alkaline,6)
     
      - 59*v_GenerationEleInfeed(MAR_C00013_2020_Onshore_Alkaline,7) - 90*v_GenerationEleInfeed(MAR_C00013_2020_Onshore_Alkaline,8) - 34*v_GenerationEleInfeed(MAR_C00013_2020_Onshore_Alkaline,9)
     
      - 86*v_GenerationEleInfeed(MAR_C00013_2020_Onshore_Alkaline,10) - 55*v_GenerationEleInfeed(MAR_C00013_2020_Onshore_Alkaline,11) - 108*v_GenerationEleInfeed(MAR_C00013_2020_Onshore_Alkaline,12)
     
      - 53*v_GenerationEleInfeed(MAR_C00013_2020_Onshore_Alkaline,13) - 123*v_GenerationEleInfeed(MAR_C00013_2020_Onshore_Alkaline,14) - 76*v_GenerationEleInfeed(MAR_C00013_2020_Onshore_Alkaline,15)
     
      - 68*v_GenerationEleInfeed(MAR_C00013_2020_Onshore_Alkaline,16) - 77*v_GenerationEleInfeed(MAR_C00013_2020_Onshore_Alkaline,17) - 66*v_GenerationEleInfeed(MAR_C00013_2020_Onshore_Alkaline,18)
     
      - 67*v_GenerationEleInfeed(MAR_C00013_2020_Onshore_Alkaline,19) - 77*v_GenerationEleInfeed(MAR_C00013_2020_Onshore_Alkaline,20) - 77*v_GenerationEleInfeed(MAR_C00013_2020_Onshore_Alkaline,21)
     
      - 173*v_GenerationEleInfeed(MAR_C00013_2020_Onshore_Alkaline,22) - 82*v_GenerationEleInfeed(MAR_C00013_2020_Onshore_Alkaline,23) - 88*v_GenerationEleInfeed(MAR_C00013_2020_Onshore_Alkaline,24)
     
      - 69*v_GenerationEleInfeed(MAR_C00013_2020_Onshore_Alkaline,25) - 91*v_GenerationEleInfeed(MAR_C00013_2020_Onshore_Alkaline,26) - 93*v_GenerationEleInfeed(MAR_C00013_2020_Onshore_Alkaline,27)
     
      - 98*v_GenerationEleInfeed(MAR_C00013_2020_Onshore_Alkaline,28) - 103*v_GenerationEleInfeed(MAR_C00013_2020_Onshore_Alkaline,29) - 104*v_GenerationEleInfeed(MAR_C00013_2020_Onshore_Alkaline,30)
     
      - 101*v_GenerationEleInfeed(MAR_C00013_2020_Onshore_Alkaline,31) - 129*v_GenerationEleInfeed(MAR_C00013_2020_Onshore_Alkaline,32) - 143*v_GenerationEleInfeed(MAR_C00013_2020_Onshore_Alkaline,33)
     
      - 96*v_GenerationEleInfeed(MAR_C00013_2020_Onshore_Alkaline,34) - 109*v_GenerationEleInfeed(MAR_C00013_2020_Onshore_Alkaline,35) - 128*v_GenerationEleInfeed(MAR_C00013_2020_Onshore_Alkaline,36)
     
      - 119*v_GenerationEleInfeed(MAR_C00013_2020_Onshore_Alkaline,37) - 119*v_GenerationEleInfeed(MAR_C00013_2020_Onshore_Alkaline,38) - 128*v_GenerationEleInfeed(MAR_C00013_2020_Onshore_Alkaline,39)
     
      - 164*v_GenerationEleInfeed(MAR_C00013_2020_Onshore_Alkaline,40) - 138*v_GenerationEleInfeed(MAR_C00013_2020_Onshore_Alkaline,41) - 147*v_GenerationEleInfeed(MAR_C00013_2020_Onshore_Alkaline,42)
     
      - 167*v_GenerationEleInfeed(MAR_C00013_2020_Onshore_Alkaline,43) - 162*v_GenerationEleInfeed(MAR_C00013_2020_Onshore_Alkaline,44) - 144*v_GenerationEleInfeed(MAR_C00013_2020_Onshore_Alkaline,45)
     
      - 173*v_GenerationEleInfeed(MAR_C00013_2020_Onshore_Alkaline,46) - 154*v_GenerationEleInfeed(MAR_C00013_2020_Onshore_Alkaline,47) - 182*v_GenerationEleInfeed(MAR_C00013_2020_Onshore_Alkaline,48)
     
      - 175*v_GenerationEleInfeed(MAR_C00013_2020_Onshore_Alkaline,49) - 157*v_GenerationEleInfeed(MAR_C00013_2020_Onshore_Alkaline,50) - 178*v_GenerationEleInfeed(MAR_C00013_2020_Onshore_Alkaline,51)
     
      - 166*v_GenerationEleInfeed(MAR_C00013_2020_Onshore_Alkaline,52) - 152*v_GenerationEleInfeed(MAR_C00013_2020_Onshore_Alkaline,53) - 147*v_GenerationEleInfeed(MAR_C00013_2020_Onshore_Alkaline,54)
     
      - 138*v_GenerationEleInfeed(MAR_C00013_2020_Onshore_Alkaline,55) - 143*v_GenerationEleInfeed(MAR_C00013_2020_Onshore_Alkaline,56) - 149*v_GenerationEleInfeed(MAR_C00013_2020_Onshore_Alkaline,57)
     
      - 122*v_GenerationEleInfeed(MAR_C00013_2020_Onshore_Alkaline,58) - 126*v_GenerationEleInfeed(MAR_C00013_2020_Onshore_Alkaline,59) - 125*v_GenerationEleInfeed(MAR_C00013_2020_Onshore_Alkaline,60)
     
      - 103*v_GenerationEleInfeed(MAR_C00013_2020_Onshore_Alkaline,61) - 127*v_GenerationEleInfeed(MAR_C00013_2020_Onshore_Alkaline,62) - 123*v_GenerationEleInfeed(MAR_C00013_2020_Onshore_Alkaline,63)
     
      - 141*v_GenerationEleInfeed(MAR_C00013_2020_Onshore_Alkaline,64) - 103*v_GenerationEleInfeed(MAR_C00013_2020_Onshore_Alkaline,65) - 107*v_GenerationEleInfeed(MAR_C00013_2020_Onshore_Alkaline,66)
     
      - 121*v_GenerationEleInfeed(MAR_C00013_2020_Onshore_Alkaline,67) - 90*v_GenerationEleInfeed(MAR_C00013_2020_Onshore_Alkaline,68) - 101*v_GenerationEleInfeed(MAR_C00013_2020_Onshore_Alkaline,69)
     
      - 89*v_GenerationEleInfeed(MAR_C00013_2020_Onshore_Alkaline,70) - 74*v_GenerationEleInfeed(MAR_C00013_2020_Onshore_Alkaline,71) - 87*v_GenerationEleInfeed(MAR_C00013_2020_Onshore_Alkaline,72)
     
      - 139*v_GenerationEleInfeed(MAR_C00013_2020_Onshore_Alkaline,73) - 208*v_GenerationEleInfeed(MAR_C00013_2020_Onshore_Alkaline,74) - 113*v_GenerationEleInfeed(MAR_C00013_2020_Onshore_Alkaline,75)
     
      - 95*v_GenerationEleInfeed(MAR_C00013_2020_Onshore_Alkaline,76) - 160*v_GenerationEleInfeed(MAR_C00013_2020_Onshore_Alkaline,77) - 217*v_GenerationEleInfeed(MAR_C00013_2020_Onshore_Alkaline,78)
     
      + v_TotalGenerationEleInfeed(MAR_C00013_2020_Onshore_Alkaline) =E= 0 ; (LHS = 0)
     

---- e_InfeedLimitEle  =L=  

e_InfeedLimitEle(MAR_C00013_2020_Onshore_Alkaline,1)..  v_GenerationEleInfeed(MAR_C00013_2020_Onshore_Alkaline,1) =L= 1 ; (LHS = 0)
     
e_InfeedLimitEle(MAR_C00013_2020_Onshore_Alkaline,2)..  v_GenerationEleInfeed(MAR_C00013_2020_Onshore_Alkaline,2) =L= 1 ; (LHS = 0)
     
e_InfeedLimitEle(MAR_C00013_2020_Onshore_Alkaline,3)..  v_GenerationEleInfeed(MAR_C00013_2020_Onshore_Alkaline,3) =L= 1 ; (LHS = 0)
     
REMAINING 75 ENTRIES SKIPPED

GAMS 25.1.3  r4e34d435fbd Released Oct 30, 2018 WEX-WEI x86 64bit/MS Windows - 11/01/20 18:29:09 Page 5
G e n e r a l   A l g e b r a i c   M o d e l i n g   S y s t e m
Column Listing      SOLVE H2forEU_LCOH Using NLP From line 268


---- v_LCOH  

v_LCOH
                (.LO, .L, .UP, .M = -INF, 0, +INF, 0)
        1       e_Objective


---- v_Capacity  

v_Capacity(MAR_C00013_2020_Onshore_Alkaline,Onshore)
                (.LO, .L, .UP, .M = 0, 0, +INF, 0)
  -171201.7232  e_TotalCost(MAR_C00013_2020_Onshore_Alkaline)
       -0.01    e_GenerationEle(MAR_C00013_2020_Onshore_Alkaline,2)
       -0.02    e_GenerationEle(MAR_C00013_2020_Onshore_Alkaline,3)
       -0.03    e_GenerationEle(MAR_C00013_2020_Onshore_Alkaline,4)
       -0.04    e_GenerationEle(MAR_C00013_2020_Onshore_Alkaline,5)
       -0.06    e_GenerationEle(MAR_C00013_2020_Onshore_Alkaline,6)
       -0.07    e_GenerationEle(MAR_C00013_2020_Onshore_Alkaline,7)
       -0.08    e_GenerationEle(MAR_C00013_2020_Onshore_Alkaline,8)
       -0.09    e_GenerationEle(MAR_C00013_2020_Onshore_Alkaline,9)
       -0.1     e_GenerationEle(MAR_C00013_2020_Onshore_Alkaline,10)
       -0.11    e_GenerationEle(MAR_C00013_2020_Onshore_Alkaline,11)
       -0.12    e_GenerationEle(MAR_C00013_2020_Onshore_Alkaline,12)
       -0.13    e_GenerationEle(MAR_C00013_2020_Onshore_Alkaline,13)
       -0.14    e_GenerationEle(MAR_C00013_2020_Onshore_Alkaline,14)
       -0.15    e_GenerationEle(MAR_C00013_2020_Onshore_Alkaline,15)
       -0.16    e_GenerationEle(MAR_C00013_2020_Onshore_Alkaline,16)
       -0.17    e_GenerationEle(MAR_C00013_2020_Onshore_Alkaline,17)
       -0.18    e_GenerationEle(MAR_C00013_2020_Onshore_Alkaline,18)
       -0.19    e_GenerationEle(MAR_C00013_2020_Onshore_Alkaline,19)
       -0.2     e_GenerationEle(MAR_C00013_2020_Onshore_Alkaline,20)
       -0.21    e_GenerationEle(MAR_C00013_2020_Onshore_Alkaline,21)
       -0.22    e_GenerationEle(MAR_C00013_2020_Onshore_Alkaline,22)
       -0.23    e_GenerationEle(MAR_C00013_2020_Onshore_Alkaline,23)
       -0.25    e_GenerationEle(MAR_C00013_2020_Onshore_Alkaline,24)
       -0.26    e_GenerationEle(MAR_C00013_2020_Onshore_Alkaline,25)
       -0.27    e_GenerationEle(MAR_C00013_2020_Onshore_Alkaline,26)
       -0.28    e_GenerationEle(MAR_C00013_2020_Onshore_Alkaline,27)
       -0.29    e_GenerationEle(MAR_C00013_2020_Onshore_Alkaline,28)
       -0.31    e_GenerationEle(MAR_C00013_2020_Onshore_Alkaline,29)
       -0.32    e_GenerationEle(MAR_C00013_2020_Onshore_Alkaline,30)
       -0.33    e_GenerationEle(MAR_C00013_2020_Onshore_Alkaline,31)
       -0.34    e_GenerationEle(MAR_C00013_2020_Onshore_Alkaline,32)
       -0.35    e_GenerationEle(MAR_C00013_2020_Onshore_Alkaline,33)
       -0.37    e_GenerationEle(MAR_C00013_2020_Onshore_Alkaline,34)
       -0.38    e_GenerationEle(MAR_C00013_2020_Onshore_Alkaline,35)
       -0.4     e_GenerationEle(MAR_C00013_2020_Onshore_Alkaline,36)
       -0.41    e_GenerationEle(MAR_C00013_2020_Onshore_Alkaline,37)
       -0.43    e_GenerationEle(MAR_C00013_2020_Onshore_Alkaline,38)
       -0.44    e_GenerationEle(MAR_C00013_2020_Onshore_Alkaline,39)
       -0.46    e_GenerationEle(MAR_C00013_2020_Onshore_Alkaline,40)
       -0.47    e_GenerationEle(MAR_C00013_2020_Onshore_Alkaline,41)
       -0.49    e_GenerationEle(MAR_C00013_2020_Onshore_Alkaline,42)
       -0.5     e_GenerationEle(MAR_C00013_2020_Onshore_Alkaline,43)
       -0.52    e_GenerationEle(MAR_C00013_2020_Onshore_Alkaline,44)
       -0.53    e_GenerationEle(MAR_C00013_2020_Onshore_Alkaline,45)
       -0.55    e_GenerationEle(MAR_C00013_2020_Onshore_Alkaline,46)
       -0.57    e_GenerationEle(MAR_C00013_2020_Onshore_Alkaline,47)
       -0.58    e_GenerationEle(MAR_C00013_2020_Onshore_Alkaline,48)
       -0.6     e_GenerationEle(MAR_C00013_2020_Onshore_Alkaline,49)
       -0.62    e_GenerationEle(MAR_C00013_2020_Onshore_Alkaline,50)
       -0.63    e_GenerationEle(MAR_C00013_2020_Onshore_Alkaline,51)
       -0.65    e_GenerationEle(MAR_C00013_2020_Onshore_Alkaline,52)
       -0.66    e_GenerationEle(MAR_C00013_2020_Onshore_Alkaline,53)
       -0.68    e_GenerationEle(MAR_C00013_2020_Onshore_Alkaline,54)
       -0.7     e_GenerationEle(MAR_C00013_2020_Onshore_Alkaline,55)
       -0.71    e_GenerationEle(MAR_C00013_2020_Onshore_Alkaline,56)
       -0.73    e_GenerationEle(MAR_C00013_2020_Onshore_Alkaline,57)
       -0.75    e_GenerationEle(MAR_C00013_2020_Onshore_Alkaline,58)
       -0.76    e_GenerationEle(MAR_C00013_2020_Onshore_Alkaline,59)
       -0.78    e_GenerationEle(MAR_C00013_2020_Onshore_Alkaline,60)
       -0.79    e_GenerationEle(MAR_C00013_2020_Onshore_Alkaline,61)
       -0.81    e_GenerationEle(MAR_C00013_2020_Onshore_Alkaline,62)
       -0.83    e_GenerationEle(MAR_C00013_2020_Onshore_Alkaline,63)
       -0.84    e_GenerationEle(MAR_C00013_2020_Onshore_Alkaline,64)
       -0.85    e_GenerationEle(MAR_C00013_2020_Onshore_Alkaline,65)
       -0.86    e_GenerationEle(MAR_C00013_2020_Onshore_Alkaline,66)
       -0.87    e_GenerationEle(MAR_C00013_2020_Onshore_Alkaline,67)
       -0.89    e_GenerationEle(MAR_C00013_2020_Onshore_Alkaline,68)
       -0.9     e_GenerationEle(MAR_C00013_2020_Onshore_Alkaline,69)
       -0.91    e_GenerationEle(MAR_C00013_2020_Onshore_Alkaline,70)
       -0.92    e_GenerationEle(MAR_C00013_2020_Onshore_Alkaline,71)
       -0.93    e_GenerationEle(MAR_C00013_2020_Onshore_Alkaline,72)
       -0.95    e_GenerationEle(MAR_C00013_2020_Onshore_Alkaline,73)
       -0.96    e_GenerationEle(MAR_C00013_2020_Onshore_Alkaline,74)
       -0.97    e_GenerationEle(MAR_C00013_2020_Onshore_Alkaline,75)
       -0.98    e_GenerationEle(MAR_C00013_2020_Onshore_Alkaline,76)
       -0.99    e_GenerationEle(MAR_C00013_2020_Onshore_Alkaline,77)
       -1       e_GenerationEle(MAR_C00013_2020_Onshore_Alkaline,78)

v_Capacity(MAR_C00013_2020_Onshore_Alkaline,Alkaline)
                (.LO, .L, .UP, .M = 1, 1, 1, 0)
  -149640.6949  e_TotalCost(MAR_C00013_2020_Onshore_Alkaline)


---- v_TotalCost  

v_TotalCost(MAR_C00013_2020_Onshore_Alkaline)
                (.LO, .L, .UP, .M = 0, 0, +INF, 0)
      (-1)      e_Objective
        1       e_TotalCost(MAR_C00013_2020_Onshore_Alkaline)


---- v_TotalProductionH2  

v_TotalProductionH2(MAR_C00013_2020_Onshore_Alkaline)
                (.LO, .L, .UP, .M = 0, 0, +INF, 0)
       (0)      e_Objective
        1       e_TotalProductionH2(MAR_C00013_2020_Onshore_Alkaline)


---- v_GenerationEleSurplus  

v_GenerationEleSurplus(MAR_C00013_2020_Onshore_Alkaline,1)
                (.LO, .L, .UP, .M = 0, 0, +INF, 0)
        1       e_GenerationEle(MAR_C00013_2020_Onshore_Alkaline,1)

v_GenerationEleSurplus(MAR_C00013_2020_Onshore_Alkaline,2)
                (.LO, .L, .UP, .M = 0, 0, +INF, 0)
        1       e_GenerationEle(MAR_C00013_2020_Onshore_Alkaline,2)

v_GenerationEleSurplus(MAR_C00013_2020_Onshore_Alkaline,3)
                (.LO, .L, .UP, .M = 0, 0, +INF, 0)
        1       e_GenerationEle(MAR_C00013_2020_Onshore_Alkaline,3)

REMAINING 75 ENTRIES SKIPPED

---- v_GenerationEleInfeed  

v_GenerationEleInfeed(MAR_C00013_2020_Onshore_Alkaline,1)
                (.LO, .L, .UP, .M = 0, 0, +INF, 0)
        1       e_GenerationEle(MAR_C00013_2020_Onshore_Alkaline,1)
     -127       e_TotalGenerationEleInfeed(MAR_C00013_2020_Onshore_Alkaline)
        1       e_InfeedLimitEle(MAR_C00013_2020_Onshore_Alkaline,1)

v_GenerationEleInfeed(MAR_C00013_2020_Onshore_Alkaline,2)
                (.LO, .L, .UP, .M = 0, 0, +INF, 0)
        1       e_GenerationEle(MAR_C00013_2020_Onshore_Alkaline,2)
      -22       e_TotalGenerationEleInfeed(MAR_C00013_2020_Onshore_Alkaline)
        1       e_InfeedLimitEle(MAR_C00013_2020_Onshore_Alkaline,2)

v_GenerationEleInfeed(MAR_C00013_2020_Onshore_Alkaline,3)
                (.LO, .L, .UP, .M = 0, 0, +INF, 0)
        1       e_GenerationEle(MAR_C00013_2020_Onshore_Alkaline,3)
      -18       e_TotalGenerationEleInfeed(MAR_C00013_2020_Onshore_Alkaline)
        1       e_InfeedLimitEle(MAR_C00013_2020_Onshore_Alkaline,3)

REMAINING 75 ENTRIES SKIPPED

---- v_TotalGenerationEleInfeed  

v_TotalGenerationEleInfeed(MAR_C00013_2020_Onshore_Alkaline)
                (.LO, .L, .UP, .M = 0, 0, +INF, 0)
      -19.3519  e_TotalProductionH2(MAR_C00013_2020_Onshore_Alkaline)
        1       e_TotalGenerationEleInfeed(MAR_C00013_2020_Onshore_Alkaline)

GAMS 25.1.3  r4e34d435fbd Released Oct 30, 2018 WEX-WEI x86 64bit/MS Windows - 11/01/20 18:29:09 Page 6
G e n e r a l   A l g e b r a i c   M o d e l i n g   S y s t e m
Model Statistics    SOLVE H2forEU_LCOH Using NLP From line 268


LOOPS                            ITERATION   1


MODEL STATISTICS

BLOCKS OF EQUATIONS           6     SINGLE EQUATIONS          160
BLOCKS OF VARIABLES           7     SINGLE VARIABLES          162
NON ZERO ELEMENTS           398     NON LINEAR N-Z              2
DERIVATIVE POOL              20     CONSTANT POOL              16
CODE LENGTH                   7


GENERATION TIME      =        0.031 SECONDS      4 MB  25.1.3 r4e34d435fbd WEX-WEI


EXECUTION TIME       =        0.031 SECONDS      4 MB  25.1.3 r4e34d435fbd WEX-WEI
               L O O P S          ITERATION 1

GAMS 25.1.3  r4e34d435fbd Released Oct 30, 2018 WEX-WEI x86 64bit/MS Windows - 11/01/20 18:29:09 Page 7
G e n e r a l   A l g e b r a i c   M o d e l i n g   S y s t e m
Solution Report     SOLVE H2forEU_LCOH Using NLP From line 268


               S O L V E      S U M M A R Y

     MODEL   H2forEU_LCOH        OBJECTIVE  v_LCOH
     TYPE    NLP                 DIRECTION  MINIMIZE
     SOLVER  CONOPT              FROM LINE  268

**** SOLVER STATUS     1 Normal Completion         
**** MODEL STATUS      2 Locally Optimal           
**** OBJECTIVE VALUE                3.3129

 RESOURCE USAGE, LIMIT          0.000      1000.000
 ITERATION COUNT, LIMIT        14    2000000000
 EVALUATION ERRORS              0             0
CONOPT 3         28.2.0 r750fa45 Released Aug 19, 2019 WEI x86 64bit/MS Window
 
 
    C O N O P T 3   version 3.17K
    Copyright (C)   ARKI Consulting and Development A/S
                    Bagsvaerdvej 246 A
                    DK-2880 Bagsvaerd, Denmark
 
 
    The model has 162 variables and 160 constraints
    with 398 Jacobian elements, 2 of which are nonlinear.
    The Hessian of the Lagrangian has 1 elements on the diagonal,
    1 elements below the diagonal, and 2 nonlinear variables.
 
                   Pre-triangular equations:   0
                   Post-triangular equations:  4
 
 
 ** Optimal solution. There are no superbasic variables.
 
 
 CONOPT time Total                            0.004 seconds
   of which: Function evaluations             0.000 =  0.0%
             1st Derivative evaluations       0.000 =  0.0%
 

                           LOWER          LEVEL          UPPER         MARGINAL

---- EQU e_Objecti~          .              .              .             1.0000      

---- EQU e_TotalCost  

                                        LOWER          LEVEL          UPPER         MARGINAL

MAR_C00013_2020_Onshore_Alkaline          .              .              .       8.8365745E-6      

---- EQU e_TotalProductionH2  

                                        LOWER          LEVEL          UPPER         MARGINAL

MAR_C00013_2020_Onshore_Alkaline          .              .              .       -2.927456E-5      

---- EQU e_GenerationEle  

                                           LOWER          LEVEL          UPPER         MARGINAL

MAR_C00013_2020_Onshore_Alkaline.1           .              .              .            -0.0719      
MAR_C00013_2020_Onshore_Alkaline.2           .              .              .            -0.0125      
MAR_C00013_2020_Onshore_Alkaline.3           .              .              .            -0.0102      
MAR_C00013_2020_Onshore_Alkaline.4           .              .              .            -0.0147      
MAR_C00013_2020_Onshore_Alkaline.5           .              .              .            -0.0108      
MAR_C00013_2020_Onshore_Alkaline.6           .              .              .            -0.0431      
MAR_C00013_2020_Onshore_Alkaline.7           .              .              .            -0.0334      
MAR_C00013_2020_Onshore_Alkaline.8           .              .              .            -0.0510      
MAR_C00013_2020_Onshore_Alkaline.9           .              .              .            -0.0193      
MAR_C00013_2020_Onshore_Alkaline.10          .              .              .            -0.0487      
MAR_C00013_2020_Onshore_Alkaline.11          .              .              .            -0.0312      
MAR_C00013_2020_Onshore_Alkaline.12          .              .              .            -0.0612      
MAR_C00013_2020_Onshore_Alkaline.13          .              .              .            -0.0300      
MAR_C00013_2020_Onshore_Alkaline.14          .              .              .            -0.0697      
MAR_C00013_2020_Onshore_Alkaline.15          .              .              .            -0.0431      
MAR_C00013_2020_Onshore_Alkaline.16          .              .              .            -0.0385      
MAR_C00013_2020_Onshore_Alkaline.17          .              .              .            -0.0436      
MAR_C00013_2020_Onshore_Alkaline.18          .              .              .            -0.0374      
MAR_C00013_2020_Onshore_Alkaline.19          .              .              .            -0.0380      
MAR_C00013_2020_Onshore_Alkaline.20          .              .              .            -0.0436      
MAR_C00013_2020_Onshore_Alkaline.21          .              .              .            -0.0436      
MAR_C00013_2020_Onshore_Alkaline.22          .              .              .            -0.0980      
MAR_C00013_2020_Onshore_Alkaline.23          .              .              .            -0.0465      
MAR_C00013_2020_Onshore_Alkaline.24          .              .              .            -0.0499      
MAR_C00013_2020_Onshore_Alkaline.25          .              .              .            -0.0391      
MAR_C00013_2020_Onshore_Alkaline.26          .              .              .            -0.0516      
MAR_C00013_2020_Onshore_Alkaline.27          .              .              .            -0.0527      
MAR_C00013_2020_Onshore_Alkaline.28          .              .              .            -0.0555      
MAR_C00013_2020_Onshore_Alkaline.29          .              .              .            -0.0584      
MAR_C00013_2020_Onshore_Alkaline.30          .              .              .            -0.0589      
MAR_C00013_2020_Onshore_Alkaline.31          .              .              .            -0.0572      
MAR_C00013_2020_Onshore_Alkaline.32          .              .              .            -0.0731      
MAR_C00013_2020_Onshore_Alkaline.33          .              .              .            -0.0810      
MAR_C00013_2020_Onshore_Alkaline.34          .              .              .            -0.0544      
MAR_C00013_2020_Onshore_Alkaline.35          .              .              .            -0.0618      
MAR_C00013_2020_Onshore_Alkaline.36          .              .              .            -0.0725      
MAR_C00013_2020_Onshore_Alkaline.37          .              .              .            -0.0674      
MAR_C00013_2020_Onshore_Alkaline.38          .              .              .            -0.0674      
MAR_C00013_2020_Onshore_Alkaline.39          .              .              .            -0.0725      
MAR_C00013_2020_Onshore_Alkaline.40          .              .              .            -0.0929      
MAR_C00013_2020_Onshore_Alkaline.41          .              .              .            -0.0782      
MAR_C00013_2020_Onshore_Alkaline.42          .              .              .            -0.0833      
MAR_C00013_2020_Onshore_Alkaline.43          .              .              .            -0.0946      
MAR_C00013_2020_Onshore_Alkaline.44          .              .              .            -0.0918      
MAR_C00013_2020_Onshore_Alkaline.45          .              .              .            -0.0816      
MAR_C00013_2020_Onshore_Alkaline.46          .              .              .            -0.0980      
MAR_C00013_2020_Onshore_Alkaline.47          .              .              .            -0.0872      
MAR_C00013_2020_Onshore_Alkaline.48          .              .              .            -0.1031      
MAR_C00013_2020_Onshore_Alkaline.49          .              .              .            -0.0991      
MAR_C00013_2020_Onshore_Alkaline.50          .              .              .            -0.0889      
MAR_C00013_2020_Onshore_Alkaline.51          .              .              .            -0.1008      
MAR_C00013_2020_Onshore_Alkaline.52          .              .              .            -0.0940      
MAR_C00013_2020_Onshore_Alkaline.53          .              .              .            -0.0861      
MAR_C00013_2020_Onshore_Alkaline.54          .              .              .            -0.0833      
MAR_C00013_2020_Onshore_Alkaline.55          .              .              .            -0.0782      
MAR_C00013_2020_Onshore_Alkaline.56          .              .              .            -0.0810      
MAR_C00013_2020_Onshore_Alkaline.57          .              .              .            -0.0844      
MAR_C00013_2020_Onshore_Alkaline.58          .              .              .            -0.0691      
MAR_C00013_2020_Onshore_Alkaline.59          .              .              .            -0.0651      
MAR_C00013_2020_Onshore_Alkaline.60          .              .              .             EPS         
MAR_C00013_2020_Onshore_Alkaline.61          .              .              .             EPS         
MAR_C00013_2020_Onshore_Alkaline.62          .              .              .             EPS         
MAR_C00013_2020_Onshore_Alkaline.63          .              .              .             EPS         
MAR_C00013_2020_Onshore_Alkaline.64          .              .              .             EPS         
MAR_C00013_2020_Onshore_Alkaline.65          .              .              .             EPS         
MAR_C00013_2020_Onshore_Alkaline.66          .              .              .             EPS         
MAR_C00013_2020_Onshore_Alkaline.67          .              .              .             EPS         
MAR_C00013_2020_Onshore_Alkaline.68          .              .              .             EPS         
MAR_C00013_2020_Onshore_Alkaline.69          .              .              .             EPS         
MAR_C00013_2020_Onshore_Alkaline.70          .              .              .             EPS         
MAR_C00013_2020_Onshore_Alkaline.71          .              .              .             EPS         
MAR_C00013_2020_Onshore_Alkaline.72          .              .              .             EPS         
MAR_C00013_2020_Onshore_Alkaline.73          .              .              .             EPS         
MAR_C00013_2020_Onshore_Alkaline.74          .              .              .             EPS         
MAR_C00013_2020_Onshore_Alkaline.75          .              .              .             EPS         
MAR_C00013_2020_Onshore_Alkaline.76          .              .              .             EPS         
MAR_C00013_2020_Onshore_Alkaline.77          .              .              .             EPS         
MAR_C00013_2020_Onshore_Alkaline.78          .              .              .             EPS         

---- EQU e_TotalGenerationEleInfeed  

                                        LOWER          LEVEL          UPPER         MARGINAL

MAR_C00013_2020_Onshore_Alkaline          .              .              .            -0.0006      

---- EQU e_InfeedLimitEle  

                                           LOWER          LEVEL          UPPER         MARGINAL

MAR_C00013_2020_Onshore_Alkaline.1         -INF             .             1.0000          .          
MAR_C00013_2020_Onshore_Alkaline.2         -INF            0.0132         1.0000          .          
MAR_C00013_2020_Onshore_Alkaline.3         -INF            0.0263         1.0000          .          
MAR_C00013_2020_Onshore_Alkaline.4         -INF            0.0395         1.0000          .          
MAR_C00013_2020_Onshore_Alkaline.5         -INF            0.0526         1.0000          .          
MAR_C00013_2020_Onshore_Alkaline.6         -INF            0.0789         1.0000          .          
MAR_C00013_2020_Onshore_Alkaline.7         -INF            0.0921         1.0000          .          
MAR_C00013_2020_Onshore_Alkaline.8         -INF            0.1053         1.0000          .          
MAR_C00013_2020_Onshore_Alkaline.9         -INF            0.1184         1.0000          .          
MAR_C00013_2020_Onshore_Alkaline.10        -INF            0.1316         1.0000          .          
MAR_C00013_2020_Onshore_Alkaline.11        -INF            0.1447         1.0000          .          
MAR_C00013_2020_Onshore_Alkaline.12        -INF            0.1579         1.0000          .          
MAR_C00013_2020_Onshore_Alkaline.13        -INF            0.1711         1.0000          .          
MAR_C00013_2020_Onshore_Alkaline.14        -INF            0.1842         1.0000          .          
MAR_C00013_2020_Onshore_Alkaline.15        -INF            0.1974         1.0000          .          
MAR_C00013_2020_Onshore_Alkaline.16        -INF            0.2105         1.0000          .          
MAR_C00013_2020_Onshore_Alkaline.17        -INF            0.2237         1.0000          .          
MAR_C00013_2020_Onshore_Alkaline.18        -INF            0.2368         1.0000          .          
MAR_C00013_2020_Onshore_Alkaline.19        -INF            0.2500         1.0000          .          
MAR_C00013_2020_Onshore_Alkaline.20        -INF            0.2632         1.0000          .          
MAR_C00013_2020_Onshore_Alkaline.21        -INF            0.2763         1.0000          .          
MAR_C00013_2020_Onshore_Alkaline.22        -INF            0.2895         1.0000          .          
MAR_C00013_2020_Onshore_Alkaline.23        -INF            0.3026         1.0000          .          
MAR_C00013_2020_Onshore_Alkaline.24        -INF            0.3289         1.0000          .          
MAR_C00013_2020_Onshore_Alkaline.25        -INF            0.3421         1.0000          .          
MAR_C00013_2020_Onshore_Alkaline.26        -INF            0.3553         1.0000          .          
MAR_C00013_2020_Onshore_Alkaline.27        -INF            0.3684         1.0000          .          
MAR_C00013_2020_Onshore_Alkaline.28        -INF            0.3816         1.0000          .          
MAR_C00013_2020_Onshore_Alkaline.29        -INF            0.4079         1.0000          .          
MAR_C00013_2020_Onshore_Alkaline.30        -INF            0.4211         1.0000          .          
MAR_C00013_2020_Onshore_Alkaline.31        -INF            0.4342         1.0000          .          
MAR_C00013_2020_Onshore_Alkaline.32        -INF            0.4474         1.0000          .          
MAR_C00013_2020_Onshore_Alkaline.33        -INF            0.4605         1.0000          .          
MAR_C00013_2020_Onshore_Alkaline.34        -INF            0.4868         1.0000          .          
MAR_C00013_2020_Onshore_Alkaline.35        -INF            0.5000         1.0000          .          
MAR_C00013_2020_Onshore_Alkaline.36        -INF            0.5263         1.0000          .          
MAR_C00013_2020_Onshore_Alkaline.37        -INF            0.5395         1.0000          .          
MAR_C00013_2020_Onshore_Alkaline.38        -INF            0.5658         1.0000          .          
MAR_C00013_2020_Onshore_Alkaline.39        -INF            0.5789         1.0000          .          
MAR_C00013_2020_Onshore_Alkaline.40        -INF            0.6053         1.0000          .          
MAR_C00013_2020_Onshore_Alkaline.41        -INF            0.6184         1.0000          .          
MAR_C00013_2020_Onshore_Alkaline.42        -INF            0.6447         1.0000          .          
MAR_C00013_2020_Onshore_Alkaline.43        -INF            0.6579         1.0000          .          
MAR_C00013_2020_Onshore_Alkaline.44        -INF            0.6842         1.0000          .          
MAR_C00013_2020_Onshore_Alkaline.45        -INF            0.6974         1.0000          .          
MAR_C00013_2020_Onshore_Alkaline.46        -INF            0.7237         1.0000          .          
MAR_C00013_2020_Onshore_Alkaline.47        -INF            0.7500         1.0000          .          
MAR_C00013_2020_Onshore_Alkaline.48        -INF            0.7632         1.0000          .          
MAR_C00013_2020_Onshore_Alkaline.49        -INF            0.7895         1.0000          .          
MAR_C00013_2020_Onshore_Alkaline.50        -INF            0.8158         1.0000          .          
MAR_C00013_2020_Onshore_Alkaline.51        -INF            0.8289         1.0000          .          
MAR_C00013_2020_Onshore_Alkaline.52        -INF            0.8553         1.0000          .          
MAR_C00013_2020_Onshore_Alkaline.53        -INF            0.8684         1.0000          .          
MAR_C00013_2020_Onshore_Alkaline.54        -INF            0.8947         1.0000          .          
MAR_C00013_2020_Onshore_Alkaline.55        -INF            0.9211         1.0000          .          
MAR_C00013_2020_Onshore_Alkaline.56        -INF            0.9342         1.0000          .          
MAR_C00013_2020_Onshore_Alkaline.57        -INF            0.9605         1.0000          .          
MAR_C00013_2020_Onshore_Alkaline.58        -INF            0.9868         1.0000          .          
MAR_C00013_2020_Onshore_Alkaline.59        -INF            1.0000         1.0000        -0.0063      
MAR_C00013_2020_Onshore_Alkaline.60        -INF            1.0000         1.0000        -0.0708      
MAR_C00013_2020_Onshore_Alkaline.61        -INF            1.0000         1.0000        -0.0584      
MAR_C00013_2020_Onshore_Alkaline.62        -INF            1.0000         1.0000        -0.0719      
MAR_C00013_2020_Onshore_Alkaline.63        -INF            1.0000         1.0000        -0.0697      
MAR_C00013_2020_Onshore_Alkaline.64        -INF            1.0000         1.0000        -0.0799      
MAR_C00013_2020_Onshore_Alkaline.65        -INF            1.0000         1.0000        -0.0584      
MAR_C00013_2020_Onshore_Alkaline.66        -INF            1.0000         1.0000        -0.0606      
MAR_C00013_2020_Onshore_Alkaline.67        -INF            1.0000         1.0000        -0.0685      
MAR_C00013_2020_Onshore_Alkaline.68        -INF            1.0000         1.0000        -0.0510      
MAR_C00013_2020_Onshore_Alkaline.69        -INF            1.0000         1.0000        -0.0572      
MAR_C00013_2020_Onshore_Alkaline.70        -INF            1.0000         1.0000        -0.0504      
MAR_C00013_2020_Onshore_Alkaline.71        -INF            1.0000         1.0000        -0.0419      
MAR_C00013_2020_Onshore_Alkaline.72        -INF            1.0000         1.0000        -0.0493      
MAR_C00013_2020_Onshore_Alkaline.73        -INF            1.0000         1.0000        -0.0787      
MAR_C00013_2020_Onshore_Alkaline.74        -INF            1.0000         1.0000        -0.1178      
MAR_C00013_2020_Onshore_Alkaline.75        -INF            1.0000         1.0000        -0.0640      
MAR_C00013_2020_Onshore_Alkaline.76        -INF            1.0000         1.0000        -0.0538      
MAR_C00013_2020_Onshore_Alkaline.77        -INF            1.0000         1.0000        -0.0906      
MAR_C00013_2020_Onshore_Alkaline.78        -INF            1.0000         1.0000        -0.1229      

                           LOWER          LEVEL          UPPER         MARGINAL

---- VAR v_LCOH            -INF            3.3129        +INF             .          

---- VAR v_Capacity  

                                                 LOWER          LEVEL          UPPER         MARGINAL

MAR_C00013_2020_Onshore_Alkaline.Onshore           .             1.3158        +INF             .          
MAR_C00013_2020_Onshore_Alkaline.Alkaline         1.0000         1.0000         1.0000         1.3223      

---- VAR v_TotalCost  

                                        LOWER          LEVEL          UPPER         MARGINAL

MAR_C00013_2020_Onshore_Alkaline          .        374906.1202        +INF             .          

---- VAR v_TotalProductionH2  

                                        LOWER          LEVEL          UPPER         MARGINAL

MAR_C00013_2020_Onshore_Alkaline          .        113165.0244        +INF             .          

---- VAR v_GenerationEleSurplus  

                                           LOWER          LEVEL          UPPER         MARGINAL

MAR_C00013_2020_Onshore_Alkaline.1           .              .            +INF            0.0719      
MAR_C00013_2020_Onshore_Alkaline.2           .              .            +INF            0.0125      
MAR_C00013_2020_Onshore_Alkaline.3           .              .            +INF            0.0102      
MAR_C00013_2020_Onshore_Alkaline.4           .              .            +INF            0.0147      
MAR_C00013_2020_Onshore_Alkaline.5           .              .            +INF            0.0108      
MAR_C00013_2020_Onshore_Alkaline.6           .              .            +INF            0.0431      
MAR_C00013_2020_Onshore_Alkaline.7           .              .            +INF            0.0334      
MAR_C00013_2020_Onshore_Alkaline.8           .              .            +INF            0.0510      
MAR_C00013_2020_Onshore_Alkaline.9           .              .            +INF            0.0193      
MAR_C00013_2020_Onshore_Alkaline.10          .              .            +INF            0.0487      
MAR_C00013_2020_Onshore_Alkaline.11          .              .            +INF            0.0312      
MAR_C00013_2020_Onshore_Alkaline.12          .              .            +INF            0.0612      
MAR_C00013_2020_Onshore_Alkaline.13          .              .            +INF            0.0300      
MAR_C00013_2020_Onshore_Alkaline.14          .              .            +INF            0.0697      
MAR_C00013_2020_Onshore_Alkaline.15          .              .            +INF            0.0431      
MAR_C00013_2020_Onshore_Alkaline.16          .              .            +INF            0.0385      
MAR_C00013_2020_Onshore_Alkaline.17          .              .            +INF            0.0436      
MAR_C00013_2020_Onshore_Alkaline.18          .              .            +INF            0.0374      
MAR_C00013_2020_Onshore_Alkaline.19          .              .            +INF            0.0380      
MAR_C00013_2020_Onshore_Alkaline.20          .              .            +INF            0.0436      
MAR_C00013_2020_Onshore_Alkaline.21          .              .            +INF            0.0436      
MAR_C00013_2020_Onshore_Alkaline.22          .              .            +INF            0.0980      
MAR_C00013_2020_Onshore_Alkaline.23          .              .            +INF            0.0465      
MAR_C00013_2020_Onshore_Alkaline.24          .              .            +INF            0.0499      
MAR_C00013_2020_Onshore_Alkaline.25          .              .            +INF            0.0391      
MAR_C00013_2020_Onshore_Alkaline.26          .              .            +INF            0.0516      
MAR_C00013_2020_Onshore_Alkaline.27          .              .            +INF            0.0527      
MAR_C00013_2020_Onshore_Alkaline.28          .              .            +INF            0.0555      
MAR_C00013_2020_Onshore_Alkaline.29          .              .            +INF            0.0584      
MAR_C00013_2020_Onshore_Alkaline.30          .              .            +INF            0.0589      
MAR_C00013_2020_Onshore_Alkaline.31          .              .            +INF            0.0572      
MAR_C00013_2020_Onshore_Alkaline.32          .              .            +INF            0.0731      
MAR_C00013_2020_Onshore_Alkaline.33          .              .            +INF            0.0810      
MAR_C00013_2020_Onshore_Alkaline.34          .              .            +INF            0.0544      
MAR_C00013_2020_Onshore_Alkaline.35          .              .            +INF            0.0618      
MAR_C00013_2020_Onshore_Alkaline.36          .              .            +INF            0.0725      
MAR_C00013_2020_Onshore_Alkaline.37          .              .            +INF            0.0674      
MAR_C00013_2020_Onshore_Alkaline.38          .              .            +INF            0.0674      
MAR_C00013_2020_Onshore_Alkaline.39          .              .            +INF            0.0725      
MAR_C00013_2020_Onshore_Alkaline.40          .              .            +INF            0.0929      
MAR_C00013_2020_Onshore_Alkaline.41          .              .            +INF            0.0782      
MAR_C00013_2020_Onshore_Alkaline.42          .              .            +INF            0.0833      
MAR_C00013_2020_Onshore_Alkaline.43          .              .            +INF            0.0946      
MAR_C00013_2020_Onshore_Alkaline.44          .              .            +INF            0.0918      
MAR_C00013_2020_Onshore_Alkaline.45          .              .            +INF            0.0816      
MAR_C00013_2020_Onshore_Alkaline.46          .              .            +INF            0.0980      
MAR_C00013_2020_Onshore_Alkaline.47          .              .            +INF            0.0872      
MAR_C00013_2020_Onshore_Alkaline.48          .              .            +INF            0.1031      
MAR_C00013_2020_Onshore_Alkaline.49          .              .            +INF            0.0991      
MAR_C00013_2020_Onshore_Alkaline.50          .              .            +INF            0.0889      
MAR_C00013_2020_Onshore_Alkaline.51          .              .            +INF            0.1008      
MAR_C00013_2020_Onshore_Alkaline.52          .              .            +INF            0.0940      
MAR_C00013_2020_Onshore_Alkaline.53          .              .            +INF            0.0861      
MAR_C00013_2020_Onshore_Alkaline.54          .              .            +INF            0.0833      
MAR_C00013_2020_Onshore_Alkaline.55          .              .            +INF            0.0782      
MAR_C00013_2020_Onshore_Alkaline.56          .              .            +INF            0.0810      
MAR_C00013_2020_Onshore_Alkaline.57          .              .            +INF            0.0844      
MAR_C00013_2020_Onshore_Alkaline.58          .              .            +INF            0.0691      
MAR_C00013_2020_Onshore_Alkaline.59          .              .            +INF            0.0651      
MAR_C00013_2020_Onshore_Alkaline.60          .             0.0263        +INF             .          
MAR_C00013_2020_Onshore_Alkaline.61          .             0.0395        +INF             .          
MAR_C00013_2020_Onshore_Alkaline.62          .             0.0658        +INF             .          
MAR_C00013_2020_Onshore_Alkaline.63          .             0.0921        +INF             .          
MAR_C00013_2020_Onshore_Alkaline.64          .             0.1053        +INF             .          
MAR_C00013_2020_Onshore_Alkaline.65          .             0.1184        +INF             .          
MAR_C00013_2020_Onshore_Alkaline.66          .             0.1316        +INF             .          
MAR_C00013_2020_Onshore_Alkaline.67          .             0.1447        +INF             .          
MAR_C00013_2020_Onshore_Alkaline.68          .             0.1711        +INF             .          
MAR_C00013_2020_Onshore_Alkaline.69          .             0.1842        +INF             .          
MAR_C00013_2020_Onshore_Alkaline.70          .             0.1974        +INF             .          
MAR_C00013_2020_Onshore_Alkaline.71          .             0.2105        +INF             .          
MAR_C00013_2020_Onshore_Alkaline.72          .             0.2237        +INF             .          
MAR_C00013_2020_Onshore_Alkaline.73          .             0.2500        +INF             .          
MAR_C00013_2020_Onshore_Alkaline.74          .             0.2632        +INF             .          
MAR_C00013_2020_Onshore_Alkaline.75          .             0.2763        +INF             .          
MAR_C00013_2020_Onshore_Alkaline.76          .             0.2895        +INF             .          
MAR_C00013_2020_Onshore_Alkaline.77          .             0.3026        +INF             .          
MAR_C00013_2020_Onshore_Alkaline.78          .             0.3158        +INF             .          

---- VAR v_GenerationEleInfeed  

                                           LOWER          LEVEL          UPPER         MARGINAL

MAR_C00013_2020_Onshore_Alkaline.1           .              .            +INF             .          
MAR_C00013_2020_Onshore_Alkaline.2           .             0.0132        +INF             .          
MAR_C00013_2020_Onshore_Alkaline.3           .             0.0263        +INF             .          
MAR_C00013_2020_Onshore_Alkaline.4           .             0.0395        +INF             .          
MAR_C00013_2020_Onshore_Alkaline.5           .             0.0526        +INF             .          
MAR_C00013_2020_Onshore_Alkaline.6           .             0.0789        +INF             .          
MAR_C00013_2020_Onshore_Alkaline.7           .             0.0921        +INF             .          
MAR_C00013_2020_Onshore_Alkaline.8           .             0.1053        +INF             .          
MAR_C00013_2020_Onshore_Alkaline.9           .             0.1184        +INF             .          
MAR_C00013_2020_Onshore_Alkaline.10          .             0.1316        +INF             .          
MAR_C00013_2020_Onshore_Alkaline.11          .             0.1447        +INF             .          
MAR_C00013_2020_Onshore_Alkaline.12          .             0.1579        +INF             .          
MAR_C00013_2020_Onshore_Alkaline.13          .             0.1711        +INF             .          
MAR_C00013_2020_Onshore_Alkaline.14          .             0.1842        +INF             .          
MAR_C00013_2020_Onshore_Alkaline.15          .             0.1974        +INF             .          
MAR_C00013_2020_Onshore_Alkaline.16          .             0.2105        +INF             .          
MAR_C00013_2020_Onshore_Alkaline.17          .             0.2237        +INF             .          
MAR_C00013_2020_Onshore_Alkaline.18          .             0.2368        +INF             .          
MAR_C00013_2020_Onshore_Alkaline.19          .             0.2500        +INF             .          
MAR_C00013_2020_Onshore_Alkaline.20          .             0.2632        +INF             .          
MAR_C00013_2020_Onshore_Alkaline.21          .             0.2763        +INF             .          
MAR_C00013_2020_Onshore_Alkaline.22          .             0.2895        +INF             .          
MAR_C00013_2020_Onshore_Alkaline.23          .             0.3026        +INF             .          
MAR_C00013_2020_Onshore_Alkaline.24          .             0.3289        +INF             .          
MAR_C00013_2020_Onshore_Alkaline.25          .             0.3421        +INF             .          
MAR_C00013_2020_Onshore_Alkaline.26          .             0.3553        +INF             .          
MAR_C00013_2020_Onshore_Alkaline.27          .             0.3684        +INF             .          
MAR_C00013_2020_Onshore_Alkaline.28          .             0.3816        +INF             .          
MAR_C00013_2020_Onshore_Alkaline.29          .             0.4079        +INF             .          
MAR_C00013_2020_Onshore_Alkaline.30          .             0.4211        +INF             .          
MAR_C00013_2020_Onshore_Alkaline.31          .             0.4342        +INF             .          
MAR_C00013_2020_Onshore_Alkaline.32          .             0.4474        +INF             .          
MAR_C00013_2020_Onshore_Alkaline.33          .             0.4605        +INF             .          
MAR_C00013_2020_Onshore_Alkaline.34          .             0.4868        +INF             .          
MAR_C00013_2020_Onshore_Alkaline.35          .             0.5000        +INF             .          
MAR_C00013_2020_Onshore_Alkaline.36          .             0.5263        +INF             .          
MAR_C00013_2020_Onshore_Alkaline.37          .             0.5395        +INF             .          
MAR_C00013_2020_Onshore_Alkaline.38          .             0.5658        +INF             .          
MAR_C00013_2020_Onshore_Alkaline.39          .             0.5789        +INF             .          
MAR_C00013_2020_Onshore_Alkaline.40          .             0.6053        +INF             .          
MAR_C00013_2020_Onshore_Alkaline.41          .             0.6184        +INF             .          
MAR_C00013_2020_Onshore_Alkaline.42          .             0.6447        +INF             .          
MAR_C00013_2020_Onshore_Alkaline.43          .             0.6579        +INF             .          
MAR_C00013_2020_Onshore_Alkaline.44          .             0.6842        +INF             .          
MAR_C00013_2020_Onshore_Alkaline.45          .             0.6974        +INF             .          
MAR_C00013_2020_Onshore_Alkaline.46          .             0.7237        +INF             .          
MAR_C00013_2020_Onshore_Alkaline.47          .             0.7500        +INF             .          
MAR_C00013_2020_Onshore_Alkaline.48          .             0.7632        +INF             .          
MAR_C00013_2020_Onshore_Alkaline.49          .             0.7895        +INF             .          
MAR_C00013_2020_Onshore_Alkaline.50          .             0.8158        +INF             .          
MAR_C00013_2020_Onshore_Alkaline.51          .             0.8289        +INF             .          
MAR_C00013_2020_Onshore_Alkaline.52          .             0.8553        +INF             .          
MAR_C00013_2020_Onshore_Alkaline.53          .             0.8684        +INF             .          
MAR_C00013_2020_Onshore_Alkaline.54          .             0.8947        +INF             .          
MAR_C00013_2020_Onshore_Alkaline.55          .             0.9211        +INF             .          
MAR_C00013_2020_Onshore_Alkaline.56          .             0.9342        +INF             .          
MAR_C00013_2020_Onshore_Alkaline.57          .             0.9605        +INF             .          
MAR_C00013_2020_Onshore_Alkaline.58          .             0.9868        +INF             .          
MAR_C00013_2020_Onshore_Alkaline.59          .             1.0000        +INF             .          
MAR_C00013_2020_Onshore_Alkaline.60          .             1.0000        +INF             .          
MAR_C00013_2020_Onshore_Alkaline.61          .             1.0000        +INF             .          
MAR_C00013_2020_Onshore_Alkaline.62          .             1.0000        +INF             .          
MAR_C00013_2020_Onshore_Alkaline.63          .             1.0000        +INF             .          
MAR_C00013_2020_Onshore_Alkaline.64          .             1.0000        +INF             .          
MAR_C00013_2020_Onshore_Alkaline.65          .             1.0000        +INF             .          
MAR_C00013_2020_Onshore_Alkaline.66          .             1.0000        +INF             .          
MAR_C00013_2020_Onshore_Alkaline.67          .             1.0000        +INF             .          
MAR_C00013_2020_Onshore_Alkaline.68          .             1.0000        +INF             .          
MAR_C00013_2020_Onshore_Alkaline.69          .             1.0000        +INF             .          
MAR_C00013_2020_Onshore_Alkaline.70          .             1.0000        +INF             .          
MAR_C00013_2020_Onshore_Alkaline.71          .             1.0000        +INF             .          
MAR_C00013_2020_Onshore_Alkaline.72          .             1.0000        +INF             .          
MAR_C00013_2020_Onshore_Alkaline.73          .             1.0000        +INF             .          
MAR_C00013_2020_Onshore_Alkaline.74          .             1.0000        +INF             .          
MAR_C00013_2020_Onshore_Alkaline.75          .             1.0000        +INF             .          
MAR_C00013_2020_Onshore_Alkaline.76          .             1.0000        +INF             .          
MAR_C00013_2020_Onshore_Alkaline.77          .             1.0000        +INF             .          
MAR_C00013_2020_Onshore_Alkaline.78          .             1.0000        +INF             .          

---- VAR v_TotalGenerationEleInfeed  

                                        LOWER          LEVEL          UPPER         MARGINAL

MAR_C00013_2020_Onshore_Alkaline          .          5847.7368        +INF             .          


**** REPORT SUMMARY :        0     NONOPT
                             0 INFEASIBLE
                             0  UNBOUNDED
                             0     ERRORS
GAMS 25.1.3  r4e34d435fbd Released Oct 30, 2018 WEX-WEI x86 64bit/MS Windows - 11/01/20 18:29:09 Page 8
G e n e r a l   A l g e b r a i c   M o d e l i n g   S y s t e m
E x e c u t i o n


EXECUTION TIME       =        0.031 SECONDS      3 MB  25.1.3 r4e34d435fbd WEX-WEI


USER: CS 635 Spring 2014                             G140121/0001AO-GEN
      Prof. Michael Ferris, University of Wisconsin-Madison      DC2937
      License for teaching and research at degree granting institutions


**** FILE SUMMARY

Input      C:\Users\Johannes\Documents\PhD\06Research\Paper2\Tools\LCOH\GAMS\H2forEU_LCOH_main.gms
Output     C:\Users\Johannes\Documents\PhD\06Research\Paper2\Tools\LCOH\GAMS\H2forEU_LCOH_main.lst
